05-30 18:18:20.752  1592  1663 I ActivityManager: Start proc 5570:com.android.deskclock/u0a83 for service com.android.deskclock/.backup.ClockBackupService caller=com.miui.cloudbackup
05-30 18:18:20.844  1592  1996 W FileUtils: Slow Operation: fsync took 167ms
05-30 18:18:20.890  1592  3323 I ActivityManager: Killing 3050:com.google.android.marvin.talkback/u0a110 (adj 906): empty #17
05-30 18:18:20.926  1592  1662 V UidProcStateHelper: process died:[3050,10110]
05-30 18:18:20.956  1592  1661 V ActivityManager: Attempted to start a foreground service (ComponentInfo{com.android.mms/com.xiaomi.mms.transaction.MxActivateService}) with a broken notification (no icon: Notification(channel=Mms_Default pri=0 contentView=null vibrate=null sound=null defaults=0x0 flags=0x40 color=0x00000000 vis=PRIVATE))
05-30 18:18:20.966  1592  1663 D Boost   : hostingType=service, hostingName=com.xiaomi.smarthome/.core.server.CoreService, callerPackage=com.xiaomi.smarthome, isSystem=false, isBoostNeeded=false.
05-30 18:18:20.971  1592  1663 I ActivityManager: Start proc 5611:com.xiaomi.smarthome:core/u0a145 for service com.xiaomi.smarthome/.core.server.CoreService caller=com.xiaomi.smarthome
05-30 18:18:21.015  1592  1661 V ActivityManager: Attempted to start a foreground service (ComponentInfo{com.android.mms/com.xiaomi.mms.transaction.MxMessageTrackService}) with a broken notification (no icon: Notification(channel=Mms_Default pri=0 contentView=null vibrate=null sound=null defaults=0x0 flags=0x40 color=0x00000000 vis=PRIVATE))
05-30 18:18:21.116  1592  4285 I ActivityManager: Killing 4889:com.miui.cit/1000 (adj 906): empty #17
05-30 18:18:21.136  1592  1662 V UidProcStateHelper: process died:[4889,1000]
05-30 18:18:21.174  1592  1663 D Boost   : hostingType=service, hostingName=com.miui.notification/miui.notification.service.NotificationListener, callerPackage=com.miui.notification, isSystem=true, isBoostNeeded=false.
05-30 18:18:21.176  1592  1663 I ActivityManager: Start proc 5659:com.miui.notification:remote/1000 for service com.miui.notification/miui.notification.service.NotificationListener caller=com.miui.notification
05-30 18:18:21.205  1592  4285 I ActivityManager: Killing 4556:com.android.calendar/u0a20 (adj 906): empty #17
05-30 18:18:21.279  1592  3297 I WakePathChecker: updateLauncherPackageNames =com.miui.home
05-30 18:18:21.279  1592  3297 I WakePathChecker: updateLauncherPackageNames =com.android.settings
05-30 18:18:21.281  1592  2032 V PerfShielderService: MiuiSysUser service started
05-30 18:18:21.362  1592  1662 V UidProcStateHelper: process died:[4556,10020]
05-30 18:18:21.382  1592  2027 W ContextImpl: Calling a method in the system process without a qualified user: android.app.ContextImpl.sendBroadcast:1015 miui.security.SecurityManagerCompat.sendCancelBootAlarm:149 miui.security.SecurityManagerCompat.writeQcomBootTime:116 miui.security.SecurityManagerCompat.writeBootTime:75 com.miui.server.SecurityManagerService$SecurityWriteHandler.handleMessage:311 
05-30 18:18:21.389  1592  1965 W ActivityManager: Unable to start service Intent { act=miui.action.CLOUD_RESTORE_SETTINGS pkg=com.miui.voiceassist (has extras) } U=0: not found
05-30 18:18:21.390  1592  2027 W ContextImpl: Calling a method in the system process without a qualified user: android.app.ContextImpl.sendBroadcast:1015 miui.security.SecurityManagerCompat.sendSetBootAlarm:158 miui.security.SecurityManagerCompat.writeQcomBootTime:117 miui.security.SecurityManagerCompat.writeBootTime:75 com.miui.server.SecurityManagerService$SecurityWriteHandler.handleMessage:311 
05-30 18:18:21.393  1592  4284 W ActivityManager: Unable to start service Intent { act=miui.action.CLOUD_RESTORE_SETTINGS pkg=com.miui.voiceassist (has extras) } U=0: not found
05-30 18:18:21.395  1592  4279 I ActivityManager: Killing 4945:com.android.camera/u0a52 (adj 906): empty #17
05-30 18:18:21.426  1592  1663 D Boost   : hostingType=broadcast, hostingName=com.miui.voiceassist/com.xiaomi.floatassist.qunaer.QunaerReceiver, callerPackage=null, isSystem=true, isBoostNeeded=false.
05-30 18:18:21.435  1592  1663 I ActivityManager: Start proc 5693:com.miui.voiceassist:floatlogo/u0a66 for broadcast com.miui.voiceassist/com.xiaomi.floatassist.qunaer.QunaerReceiver caller=null
05-30 18:18:21.439  1592  1662 V UidProcStateHelper: process died:[4945,10052]
05-30 18:18:21.455  1592  1663 D Boost   : hostingType=broadcast, hostingName=com.qualcomm.qti.poweroffalarm/.PowerOffAlarmBroadcastReceiver, callerPackage=android, isSystem=true, isBoostNeeded=false.
05-30 18:18:21.459  1592  1663 I ActivityManager: Start proc 5709:com.qualcomm.qti.poweroffalarm/1000 for broadcast com.qualcomm.qti.poweroffalarm/.PowerOffAlarmBroadcastReceiver caller=android
05-30 18:18:21.624  1592  4284 I ActivityManager: Killing 5026:com.android.managedprovisioning/u0a30 (adj 906): empty #17
05-30 18:18:21.639  1592  1592 V SettingsProvider: Notifying for 0: content://settings/system/status_bar_show_network_speed
05-30 18:18:21.649  1592  1662 V UidProcStateHelper: process died:[5026,10030]
05-30 18:18:21.655  1592  1592 V SettingsProvider: Notifying for 0: content://settings/secure/fraud_num_state
05-30 18:18:21.656  1592  1592 V SettingsProvider: Notifying for 0: content://settings/secure/sell_num_state
05-30 18:18:21.656  1592  1592 V SettingsProvider: Notifying for 0: content://settings/secure/harass_num_state
05-30 18:18:21.668  1592  1592 V PerfShielderService: MiuiSysUser service connected!
05-30 18:18:21.703  1592  4279 I ActivityManager: Killing 5099:com.android.onetimeinitializer/u0a43 (adj 906): empty #17
05-30 18:18:21.744  1592  1662 V UidProcStateHelper: process died:[5099,10043]
05-30 18:18:21.875  1592  4284 W ActivityManager: Background start not allowed: service Intent { act=miui.action.CLOUD_RESTORE_SETTINGS pkg=com.android.quicksearchbox (has extras) } to com.android.quicksearchbox/.backup.QuickSearchBoxBackupService from pid=5337 uid=10039 pkg=com.miui.cloudbackup startFg?=false
05-30 18:18:21.889  1592  1663 D Boost   : hostingType=service, hostingName=com.android.quicksearchbox/.backup.QuickSearchBoxBackupService, callerPackage=com.miui.cloudbackup, isSystem=true, isBoostNeeded=false.
05-30 18:18:21.891  1592  1663 I ActivityManager: Start proc 5780:com.android.quicksearchbox/u0a19 for service com.android.quicksearchbox/.backup.QuickSearchBoxBackupService caller=com.miui.cloudbackup
05-30 18:18:22.029  1592  4279 D ActivityManager: report kill process: killerPid is:5693, killedPid is:5693
05-30 18:18:22.113  1592  4273 I ActivityManager: Process com.miui.voiceassist:floatlogo (pid 5693) has died: fore RCVR
05-30 18:18:22.114  1592  1662 V UidProcStateHelper: process died:[5693,10066]
05-30 18:18:22.125  1592  4285 I ActivityManager: Killing 4667:com.android.providers.calendar/u0a17 (adj 906): empty #17
05-30 18:18:22.134  1592  1663 D Boost   : hostingType=broadcast, hostingName=com.miui.voiceassist/com.xiaomi.voiceassistant.voiceTrigger.adapter.BootupReceiver, callerPackage=null, isSystem=true, isBoostNeeded=false.
05-30 18:18:22.135  1592  1663 I ActivityManager: Start proc 5824:com.miui.voiceassist:voice_trigger/u0a66 for broadcast com.miui.voiceassist/com.xiaomi.voiceassistant.voiceTrigger.adapter.BootupReceiver caller=null
05-30 18:18:22.224  1592  1662 V UidProcStateHelper: process died:[4667,10017]
05-30 18:18:22.328  1592  1592 V SettingsProvider: Notifying for 0: content://settings/system/next_alarm_formatted
05-30 18:18:22.331  1592  1592 I chatty  : uid=1000 system_server identical 1 line
05-30 18:18:22.393  1592  1592 V SettingsProvider: Notifying for 0: content://settings/system/next_alarm_formatted
05-30 18:18:22.397  5824  5824 E ActivityThread: Failed to find provider info for com.miui.voicetrigger.debug.butter.commandprovider
05-30 18:18:22.422  4753  5842 W FileUtils: Slow Operation: fsync took 108ms
05-30 18:18:22.436  1592  1592 V SettingsProvider: Notifying for 0: content://settings/system/next_alarm_formatted
05-30 18:18:22.436  1592  1996 W FileUtils: Slow Operation: fsync took 151ms
05-30 18:18:22.445  1592  1965 D PackageManager: Instant App installer not found with android.intent.action.INSTALL_INSTANT_APP_PACKAGE
05-30 18:18:22.445  1592  1965 D PackageManager: Clear ephemeral installer activity
05-30 18:18:22.471  1592  2027 W ContextImpl: Calling a method in the system process without a qualified user: android.app.ContextImpl.sendBroadcast:1015 miui.security.SecurityManagerCompat.sendCancelBootAlarm:149 miui.security.SecurityManagerCompat.writeQcomBootTime:116 miui.security.SecurityManagerCompat.writeBootTime:75 com.miui.server.SecurityManagerService$SecurityWriteHandler.handleMessage:311 
05-30 18:18:22.471  1592  2027 W ContextImpl: Calling a method in the system process without a qualified user: android.app.ContextImpl.sendBroadcast:1015 miui.security.SecurityManagerCompat.sendSetBootAlarm:158 miui.security.SecurityManagerCompat.writeQcomBootTime:117 miui.security.SecurityManagerCompat.writeBootTime:75 com.miui.server.SecurityManagerService$SecurityWriteHandler.handleMessage:311 
05-30 18:18:22.538  1592  1663 D Boost   : hostingType=broadcast, hostingName=com.qualcomm.atfwd/.AtFwdAutoboot, callerPackage=null, isSystem=true, isBoostNeeded=false.
05-30 18:18:22.540  1592  1663 I ActivityManager: Start proc 5860:com.qualcomm.telephony/u0a79 for broadcast com.qualcomm.atfwd/.AtFwdAutoboot caller=null
05-30 18:18:22.818  1592  1592 W Looper  : Slow dispatch took 113ms main h=android.app.ActivityThread$H c=null m=113
05-30 18:18:22.828  1592  1663 D Boost   : hostingType=broadcast, hostingName=com.qualcomm.qti.autoregistration/.AutoRegReceiver, callerPackage=null, isSystem=true, isBoostNeeded=false.
05-30 18:18:22.830  1592  1663 I ActivityManager: Start proc 5890:com.qualcomm.qti.autoregistration/1001 for broadcast com.qualcomm.qti.autoregistration/.AutoRegReceiver caller=null
05-30 18:18:22.993  1592  1663 D Boost   : hostingType=broadcast, hostingName=com.qualcomm.qti.lpa/.UimLpaBootReceiver, callerPackage=null, isSystem=true, isBoostNeeded=false.
05-30 18:18:22.996  1592  1663 I ActivityManager: Start proc 5913:com.qualcomm.qti.lpa/1001 for broadcast com.qualcomm.qti.lpa/.UimLpaBootReceiver caller=null
05-30 18:18:23.449  1592  1663 D Boost   : hostingType=FastRestart, hostingName=null, callerPackage=system, isSystem=true, isBoostNeeded=false.
05-30 18:18:23.451  1592  1663 I ActivityManager: Start proc 5941:com.android.camera/u0a52 for FastRestart caller=system
05-30 18:18:23.491  1592  4276 I ActivityManager: Killing 5172:com.android.settings/1000 (adj 906): empty #17
05-30 18:18:23.538  1592  1662 V UidProcStateHelper: process died:[5172,1000]
05-30 18:18:24.927  1592  1996 W FileUtils: Slow Operation: fsync took 1997ms
05-30 18:18:24.935  5258  5290 W FileUtils: Slow Operation: fsync took 200ms
05-30 18:18:24.944  1592  1652 W FileUtils: Slow Operation: fsync took 1311ms
05-30 18:18:24.945  1592  1698 W FileUtils: Slow Operation: fsync took 729ms
05-30 18:18:24.951  1592  1965 I ActivityManager: Killing 5238:com.android.traceur/u0a64 (adj 906): empty #17
05-30 18:18:24.964  5913  5913 W Looper  : Slow Looper main: Long Msg: seq=2 plan=18:18:23.056  late=1ms wall=1906ms running=0ms h=android.app.ActivityThread$H w=110
05-30 18:18:24.967  1592  4278 I ActivityManager: Killing 5258:com.android.updater/9802 (adj 906): empty #17
05-30 18:18:24.981  5890  5890 W Looper  : Slow Looper main: Long Msg: seq=6 plan=18:18:22.981  late=19ms wall=1981ms running=0ms h=android.app.ActivityThread$H w=114
05-30 18:18:24.983  1592  1662 V UidProcStateHelper: process died:[5238,10064]
05-30 18:18:24.986  1592  1663 D Boost   : hostingType=broadcast, hostingName=com.qualcomm.qti.qms.service.connectionsecurity/.ConnSecBroadcastReceiver, callerPackage=null, isSystem=true, isBoostNeeded=false.
05-30 18:18:24.988  1592  1663 I ActivityManager: Start proc 5974:com.qualcomm.qti.qms.service.connectionsecurity/u0a130 for broadcast com.qualcomm.qti.qms.service.connectionsecurity/.ConnSecBroadcastReceiver caller=null
05-30 18:18:25.005  1592  1662 V UidProcStateHelper: process died:[5258,9802]
05-30 18:18:25.137  1592  1965 I ActivityManager: Killing 5305:com.goodix.gftest/u0a112 (adj 906): empty #17
05-30 18:18:25.148  1592  1663 D Boost   : hostingType=broadcast, hostingName=com.qualcomm.qti.qms.service.telemetry/.SystemEventReceiver, callerPackage=null, isSystem=true, isBoostNeeded=false.
05-30 18:18:25.151  1592  1663 I ActivityManager: Start proc 5998:com.qualcomm.qti.qms.service.telemetry/u0a131 for broadcast com.qualcomm.qti.qms.service.telemetry/.SystemEventReceiver caller=null
05-30 18:18:25.151  1592  1662 V UidProcStateHelper: process died:[5305,10112]
05-30 18:18:25.282  1592  1965 D ConnectivityService: requestNetwork for uid/pid:10131/5998 NetworkRequest [ TRACK_DEFAULT id=14, [ Capabilities: INTERNET&NOT_RESTRICTED&TRUSTED Unwanted:  Uid: 10131] ]
05-30 18:18:25.289  1592  4278 I ActivityManager: Killing 5425:com.miui.mishare.connectivity/u0a37 (adj 906): empty #17
05-30 18:18:25.313  1592  1662 V UidProcStateHelper: process died:[5425,10037]
05-30 18:18:25.317  1592  1663 D Boost   : hostingType=broadcast, hostingName=com.qualcomm.qti.smcinvokepkgmgr/.SmcInvokeBroadcastReceiver, callerPackage=null, isSystem=true, isBoostNeeded=false.
05-30 18:18:25.318  1592  1663 I ActivityManager: Start proc 6021:com.qualcomm.qti.smcinvokepkgmgr/1000 for broadcast com.qualcomm.qti.smcinvokepkgmgr/.SmcInvokeBroadcastReceiver caller=null
05-30 18:18:25.500  1592  4284 W BroadcastQueue: Permission Denial: receiving Intent { act=android.intent.action.BOOT_COMPLETED flg=0x9000010 (has extras) } to com.xiaomi.ab/com.xiaomi.mishopsdk.account.adapter.LoginObserverReceiver requires android.permission.RECEIVE_BOOT_COMPLETED due to sender null (uid 1000)
05-30 18:18:25.530  1592  1663 D Boost   : hostingType=broadcast, hostingName=com.xiaomi.market/.data.StartupReceiver, callerPackage=null, isSystem=true, isBoostNeeded=false.
05-30 18:18:25.531  1592  1663 I ActivityManager: Start proc 6051:com.xiaomi.market:guard/u0a119 for broadcast com.xiaomi.market/.data.StartupReceiver caller=null
05-30 18:18:25.772  1592  4278 W BroadcastQueue: Permission Denial: receiving Intent { act=android.intent.action.BOOT_COMPLETED flg=0x9000010 (has extras) } to com.xiaomi.metoknlp/com.xiaomi.location.metoknlp.BootCompleteReceiver requires android.permission.RECEIVE_BOOT_COMPLETED due to sender null (uid 1000)
05-30 18:18:25.780  1592  1663 D Boost   : hostingType=service, hostingName=com.xiaomi.market/.receiver.AutoUpdateScheduler, callerPackage=com.xiaomi.market, isSystem=true, isBoostNeeded=false.
05-30 18:18:25.782  1592  1663 I ActivityManager: Start proc 6076:com.xiaomi.market/u0a119 for service com.xiaomi.market/.receiver.AutoUpdateScheduler caller=com.xiaomi.market
05-30 18:18:25.801  1592  1663 D Boost   : hostingType=broadcast, hostingName=com.xiaomi.mi_connect_service/.BoostReceiver, callerPackage=null, isSystem=true, isBoostNeeded=false.
05-30 18:18:25.802  1592  1663 I ActivityManager: Start proc 6085:com.xiaomi.mi_connect_service/1000 for broadcast com.xiaomi.mi_connect_service/.BoostReceiver caller=null
05-30 18:18:25.948  1592  4284 I BroadcastQueue: Delay finish: com.xiaomi.mi_connect_service/.BoostReceiver
05-30 18:18:25.971  1592  2008 D NsdService: mdnssd [start-service]
05-30 18:18:26.003  1592  3303 I ActivityManager: Killing 5453:com.android.contacts/u0a25 (adj 906): empty #17
05-30 18:18:26.018  1592  1662 V UidProcStateHelper: process died:[5453,10025]
05-30 18:18:26.098  1592  1592 I NotificationService: Cannot find enqueued record for key: 0|com.xiaomi.market|52331472|null|10119
05-30 18:18:26.164  1592  3303 I ActivityManager: Delaying start of: ServiceRecord{8238f0f u0 com.xiaomi.market/com.xiaomi.mipush.sdk.PushMessageHandler}
05-30 18:18:26.177  1592  2008 D NsdService: New client listening to asynchronous messages
05-30 18:18:26.178  1592  2008 D NsdService: New client, channel: com.android.internal.util.AsyncChannel@154ab9c messenger: android.os.Messenger@3fec9a5
05-30 18:18:26.243  1592  4284 I ActivityManager: Delaying start of: ServiceRecord{4445107 u0 com.xiaomi.market/com.xiaomi.mipush.sdk.MessageHandleService}
05-30 18:18:26.442  2346  2346 I Timeline: Timeline: Activity_launch_request time:80820
05-30 18:18:26.444  1592  4284 I ActivityManager: START u0 {act=android.intent.action.MAIN cat=[android.intent.category.LAUNCHER] flg=0x10200000 cmp=com.android.settings/.MainSettings bnds=[76,1126][244,1294] (has extras)} from uid 10047
05-30 18:18:26.497  1592  1661 I set_top_app: success /proc/2346/task/2346/top_app:0
05-30 18:18:26.497  1592  1661 I set_top_app: success /proc/2346/task/2891/top_app:0
05-30 18:18:26.499  1592  1663 D Boost   : hostingType=activity, hostingName=com.android.settings/.MainSettings, callerPackage=com.miui.home, isSystem=true, isBoostNeeded=false.
05-30 18:18:26.501  1592  1663 I ActivityManager: Start proc 6178:com.android.settings/1000 for activity com.android.settings/.MainSettings caller=com.miui.home
05-30 18:18:26.607  1592  4284 I set_top_app: success /proc/6178/task/6178/top_app:1
05-30 18:18:26.613  1592  1662 V UidProcStateHelper: foreground changed:[6178,1000,true]
05-30 18:18:26.617  1592  1968 I Timeline: Timeline: App_transition_ready time:80995
05-30 18:18:26.795  1592  1663 D Boost   : hostingType=service, hostingName=com.xiaomi.misettings/.usagestats.UsageCacheService, callerPackage=com.android.settings, isSystem=true, isBoostNeeded=false.
05-30 18:18:26.797  1592  1663 I ActivityManager: Start proc 6211:com.xiaomi.misettings/1000 for service com.xiaomi.misettings/.usagestats.UsageCacheService caller=com.android.settings
05-30 18:18:26.846  1592  4276 I set_top_app: success /proc/6178/task/6232/top_app:2
05-30 18:18:26.850  1592  1992 V UiModeManager: switch night mode to 1
05-30 18:18:26.908  1592  1968 I Timeline: Timeline: App_transition_stopped time:81286
05-30 18:18:26.973  1592  1701 I Timeline: Timeline: Activity_windows_visible id: ActivityRecord{a3f29ce u0 com.android.settings/.MainSettings t8} time:81351
05-30 18:18:26.991  1592  1663 D Boost   : hostingType=service, hostingName=com.sohu.inputmethod.sogou.xiaomi/.SogouIME, callerPackage=android, isSystem=true, isBoostNeeded=false.
05-30 18:18:26.993  1592  1663 I ActivityManager: Start proc 6241:com.sohu.inputmethod.sogou.xiaomi/u0a89 for service com.sohu.inputmethod.sogou.xiaomi/.SogouIME caller=android
05-30 18:18:27.035  1592  1592 V SettingsProvider: Notifying for 0: content://settings/system/apptimer_load_data_time
05-30 18:18:27.044  1592  1662 V UidProcStateHelper: foreground changed:[2346,10047,false]
05-30 18:18:29.684  1592  2032 V PerfShielderService: Miui performance service started
05-30 18:18:30.566  1592  4278 I ActivityManager: Killing 3732:com.miui.hybrid/u0a92 (adj 906): empty #17
05-30 18:18:30.596  1592  1662 V UidProcStateHelper: process died:[3732,10092]
05-30 18:18:30.953  1592  1592 V SettingsProvider: Notifying for 0: content://settings/system/settings.notify.key.settings.modified
05-30 18:18:30.954  6178  6178 I Timeline: Timeline: Activity_launch_request time:85332
05-30 18:18:30.955  1592  4278 I ActivityManager: START u0 {act=android.intent.action.MAIN cmp=com.android.settings/.SubSettings (has extras)} from uid 1000
05-30 18:18:30.971  1592  4276 I ActivityManager: Killing 3707:com.miui.hybrid:entrance/u0a92 (adj 906): empty #17
05-30 18:18:30.974  1592  4276 I Timeline: Timeline: App_transition_ready time:85352
05-30 18:18:30.983  1592  1662 V UidProcStateHelper: process died:[3707,10092]
05-30 18:18:30.998  1592  1968 I Timeline: Timeline: App_transition_ready time:85375
05-30 18:18:30.999  1592  1968 I Timeline: Timeline: App_transition_ready time:85377
05-30 18:18:31.000  1592  3323 I Timeline: Timeline: App_transition_ready time:85378
05-30 18:18:31.016  6178  6204 E ActivityThread: Failed to find provider info for com.qti.smq.Feedback.provider
05-30 18:18:31.020  1592  1968 I Timeline: Timeline: App_transition_ready time:85397
05-30 18:18:31.069  6178  6178 E IOtgSwitch: transact failed. java.util.NoSuchElementException
05-30 18:18:31.069  6178  6178 E IOtgSwitch: Failed calling isOtgSupported!
05-30 18:18:31.070  6178  6178 E IOtgSwitch: transact failed. java.util.NoSuchElementException
05-30 18:18:31.070  6178  6178 E IOtgSwitch: Failed calling isOtgSupported!
05-30 18:18:31.095  6178  6178 E IOtgSwitch: transact failed. java.util.NoSuchElementException
05-30 18:18:31.095  6178  6178 E IOtgSwitch: Failed calling isOtgSupported!
05-30 18:18:31.098  1592  1992 V UiModeManager: switch night mode to 1
05-30 18:18:31.180  1592  4276 I ActivityManager: Killing 5492:com.miui.notification/1000 (adj 906): empty #17
05-30 18:18:31.181  1592  4276 I ActivityManager: Killing 4070:com.miui.tsmclient/1027 (adj 906): empty #18
05-30 18:18:31.196  1592  4276 D ProcessRecordInjector: Begin to report kill process events...
05-30 18:18:31.196  1592  1662 V UidProcStateHelper: process died:[4070,1027]
05-30 18:18:31.270  1592  1661 I ActivityManager: Waited long enough for: ServiceRecord{90b995b u0 com.miui.touchassistant/.CoreService}
05-30 18:18:31.429  4912  5001 W FileUtils: Slow Operation: fsync took 3109ms
05-30 18:18:31.430  1592  1996 W FileUtils: Slow Operation: fsync took 3292ms
05-30 18:18:31.468  5659  5760 W FileUtils: Slow Operation: fsync took 2157ms
05-30 18:18:31.468  1592  2062 W FileUtils: Slow Operation: fsync took 1974ms
05-30 18:18:31.468  1592  1698 W FileUtils: Slow Operation: fsync took 3220ms
05-30 18:18:31.471  1592  1698 W Looper  : Slow Looper android.io: Long Msg: seq=343 plan=18:18:28.247  late=0ms wall=3224ms running=0ms h=android.os.Handler c=com.android.server.notification.NotificationManagerService$SavePolicyFileRunnable
05-30 18:18:31.500  1592  1662 V UidProcStateHelper: process died:[5492,1000]
05-30 18:18:31.515  3313  3313 W Looper  : Slow Looper main: Long Msg: seq=27 plan=18:18:29.684  late=0ms wall=1830ms running=0ms h=android.app.ActivityThread$H w=114
05-30 18:18:31.517  1592  1701 I Timeline: Timeline: Activity_windows_visible id: ActivityRecord{cda3205 u0 com.android.settings/.SubSettings t8} time:85895
05-30 18:18:31.518  1592  1968 I Timeline: Timeline: App_transition_stopped time:85896
05-30 18:18:31.527  1592  1592 V PerfShielderService: Miui performance service connected!
05-30 18:18:31.759  1592  4284 I ActivityManager: Process com.android.keychain (pid 5542) has died: cch+4CEM 
05-30 18:18:31.762  1592  4284 I ActivityManager: Process com.android.mms (pid 5047) has died: cch+4CEM 
05-30 18:18:31.762  1592  1662 V UidProcStateHelper: process died:[5542,1000]
05-30 18:18:31.763  1592  1662 V UidProcStateHelper: process died:[5047,10018]
05-30 18:18:31.814  1592  3948 I ActivityManager: Process com.xiaomi.smarthome:acp (pid 5516) has died: cch+4CEM 
05-30 18:18:31.816  1592  3948 W ActivityManager: Exception when unbinding service com.xiaomi.smarthome/.core.server.CoreService
05-30 18:18:31.816  1592  3948 W ActivityManager: android.os.DeadObjectException
05-30 18:18:31.816  1592  3948 W ActivityManager: 	at android.os.BinderProxy.transactNative(Native Method)
05-30 18:18:31.816  1592  3948 W ActivityManager: 	at android.os.BinderProxy.transact(BinderProxy.java:479)
05-30 18:18:31.816  1592  3948 W ActivityManager: 	at android.app.IApplicationThread$Stub$Proxy.scheduleUnbindService(IApplicationThread.java:1106)
05-30 18:18:31.816  1592  3948 W ActivityManager: 	at com.android.server.am.ActiveServices.removeConnectionLocked(ActiveServices.java:3013)
05-30 18:18:31.816  1592  3948 W ActivityManager: 	at com.android.server.am.ActiveServices.killServicesLocked(ActiveServices.java:3421)
05-30 18:18:31.816  1592  3948 W ActivityManager: 	at com.android.server.am.ActivityManagerService.cleanUpApplicationRecordLocked(ActivityManagerService.java:20772)
05-30 18:18:31.816  1592  3948 W ActivityManager: 	at com.android.server.am.ActivityManagerService.handleAppDiedLocked(ActivityManagerService.java:6103)
05-30 18:18:31.816  1592  3948 W ActivityManager: 	at com.android.server.am.ActivityManagerService.appDiedLocked(ActivityManagerService.java:6319)
05-30 18:18:31.816  1592  3948 W ActivityManager: 	at com.android.server.am.ActivityManagerService$AppDeathRecipient.binderDied(ActivityManagerService.java:1928)
05-30 18:18:31.816  1592  3948 W ActivityManager: 	at android.os.BinderProxy.sendDeathNotice(BinderProxy.java:585)
05-30 18:18:31.828  1592  4273 I ActivityManager: Process com.android.deskclock (pid 5570) has died: cch+4CEM 
05-30 18:18:31.833  1592  4277 I ActivityManager: Process com.xiaomi.smarthome (pid 3512) has died: cch+4CEM 
05-30 18:18:31.833  1592  4277 I AutoStartManagerService: MIUILOG- Reject RestartService packageName :com.xiaomi.smarthome uid : 10145
05-30 18:18:31.836  1592  4277 I ActivityManager: Process com.xiaomi.smarthome:core (pid 5611) has died: cch+4CEM 
05-30 18:18:31.841  1592  1662 V UidProcStateHelper: process died:[5516,10145]
05-30 18:18:31.841  1592  1662 V UidProcStateHelper: process died:[5570,10083]
05-30 18:18:31.841  1592  1662 V UidProcStateHelper: process died:[3512,10145]
05-30 18:18:31.842  1592  1662 V UidProcStateHelper: process died:[5611,10145]
05-30 18:18:31.934  1592  3948 I ActivityManager: Process com.qualcomm.qti.lpa (pid 5913) has died: cch+2CEM 
05-30 18:18:31.935  1592  1662 V UidProcStateHelper: process died:[5913,1001]
05-30 18:18:31.971  1592  3948 I ActivityManager: Process com.android.camera (pid 5941) has died: cch  CEM 
05-30 18:18:31.972  1592  1662 V UidProcStateHelper: process died:[5941,10052]
05-30 18:18:31.983  1592  4277 I ActivityManager: Process com.miui.core (pid 5390) has died: cch+6CEM 
05-30 18:18:31.988  1592  4284 I ActivityManager: Process com.miui.systemAdSolution (pid 3977) has died: cch+4CEM 
05-30 18:18:31.990  1592  3194 I ActivityManager: Process com.qualcomm.qti.qms.service.connectionsecurity (pid 5974) has died: cch  CEM 
05-30 18:18:31.998  1592  1662 V UidProcStateHelper: process died:[5390,10120]
05-30 18:18:31.998  1592  1662 V UidProcStateHelper: process died:[3977,10116]
05-30 18:18:32.001  1592  1662 V UidProcStateHelper: process died:[5974,10130]
05-30 18:18:32.063  1592  4277 I ActivityManager: Process com.xiaomi.simactivate.service (pid 3787) has died: cch+6CEM 
05-30 18:18:32.063  1592  1662 V UidProcStateHelper: process died:[3787,10061]
05-30 18:18:32.068  1592  4277 I ActivityManager: Process com.xiaomi.mi_connect_service (pid 6085) has died: svcb SVC 
05-30 18:18:32.069  1592  4277 W ActivityManager: Scheduling restart of crashed service com.xiaomi.mi_connect_service/.MiConnectService in 1000ms
05-30 18:18:32.069  1592  1662 V UidProcStateHelper: process died:[6085,1000]
05-30 18:18:32.072  1592  2008 D NsdService: Client disconnected
05-30 18:18:32.072  1592  2008 D NsdService: mdnssd [stop-service]
05-30 18:18:32.072  1592  4277 I ActivityManager: Process com.xiaomi.market:guard (pid 6051) has died: cch  CEM 
05-30 18:18:32.073  1592  1662 V UidProcStateHelper: process died:[6051,10119]
05-30 18:18:32.083  1592  3194 I ActivityManager: Process com.mfashiongallery.emag (pid 3506) has died: svcb SVC 
05-30 18:18:32.084  1592  3194 I AutoStartManagerService: MIUILOG- Reject RestartService packageName :com.mfashiongallery.emag uid : 10168
05-30 18:18:32.084  1592  1662 V UidProcStateHelper: process died:[3506,10168]
05-30 18:18:32.087  1592  4273 I ActivityManager: Process com.miui.weather2 (pid 2903) has died: cch+4CEM 
05-30 18:18:32.089  1592  4279 I ActivityManager: Process com.qualcomm.qti.poweroffalarm (pid 5709) has died: cch  CEM 
05-30 18:18:32.093  1592  1662 V UidProcStateHelper: process died:[2903,10151]
05-30 18:18:32.093  1592  1662 V UidProcStateHelper: process died:[5709,1000]
05-30 18:18:32.100  1592  3194 I ActivityManager: Process com.xiaomi.misettings (pid 6211) has died: svcb SVC 
05-30 18:18:32.101  1592  3194 W ActivityManager: Scheduling restart of crashed service com.xiaomi.misettings/.usagestats.UsageCacheService in 10968ms
05-30 18:18:32.101  1592  1662 V UidProcStateHelper: process died:[6211,1000]
05-30 18:18:32.103  1592  1964 I ActivityManager: Process com.qualcomm.qti.autoregistration (pid 5890) has died: svcb SVC 
05-30 18:18:32.104  1592  1964 W ActivityManager: Scheduling restart of crashed service com.qualcomm.qti.autoregistration/.RegistrationService in 20966ms
05-30 18:18:32.104  1592  1964 W ActivityManager: Scheduling restart of crashed service com.qualcomm.qti.autoregistration/.ModemDebugService in 30966ms
05-30 18:18:32.104  1592  1662 V UidProcStateHelper: process died:[5890,1001]
05-30 18:18:32.142  1592  1964 I ActivityManager: Process com.miui.voiceassist:voice_trigger (pid 5824) has died: cch  CEM 
05-30 18:18:32.143  1592  1662 V UidProcStateHelper: process died:[5824,10066]
05-30 18:18:32.197  1592  1964 I ActivityManager: Process com.qualcomm.qti.smcinvokepkgmgr (pid 6021) has died: svcb SVC 
05-30 18:18:32.197  1592  1964 W ActivityManager: Scheduling restart of crashed service com.qualcomm.qti.smcinvokepkgmgr/.SmcInvokeService in 40873ms
05-30 18:18:32.198  1592  1662 V UidProcStateHelper: process died:[6021,1000]
05-30 18:18:32.233  1592  2880 I ActivityManager: Process com.xiaomi.market (pid 6076) has died: svcb SVC 
05-30 18:18:32.233  1592  2880 W ActivityManager: Scheduling restart of crashed service com.xiaomi.market/com.xiaomi.mipush.sdk.PushMessageHandler in 50837ms
05-30 18:18:32.233  1592  2880 W ActivityManager: Scheduling restart of crashed service com.xiaomi.market/com.xiaomi.mipush.sdk.MessageHandleService in 60837ms
05-30 18:18:32.234  1592  1662 V UidProcStateHelper: process died:[6076,10119]
05-30 18:18:32.236  1592  4271 I ActivityManager: Process com.qualcomm.telephony (pid 5860) has died: svcb SVC 
05-30 18:18:32.236  1592  4271 W ActivityManager: Scheduling restart of crashed service com.qualcomm.atfwd/.AtFwdService in 70834ms
05-30 18:18:32.239  1592  1662 V UidProcStateHelper: process died:[5860,10079]
05-30 18:18:32.243  1592  3303 I ActivityManager: Process com.tencent.soter.soterserver (pid 5374) has died: prev LAST
05-30 18:18:32.243  1592  3303 W ActivityManager: Scheduling restart of crashed service com.tencent.soter.soterserver/com.xiaomi.android.manager.MtService in 80827ms
05-30 18:18:32.243  1592  1662 V UidProcStateHelper: process died:[5374,1000]
05-30 18:18:32.272  1592  3303 I ActivityManager: Process com.miui.cloudservice (pid 4599) has died: prev LAST
05-30 18:18:32.273  1592  1662 V UidProcStateHelper: process died:[4599,10091]
05-30 18:18:32.295  1592  2880 I ActivityManager: Process com.android.settings:remote (pid 2372) has died: svcb SVC 
05-30 18:18:32.296  1592  2880 W ActivityManager: Scheduling restart of crashed service com.android.settings/.dangerousoptions.DangerousOptionsWarningService in 80775ms
05-30 18:18:32.296  1592  2880 W ActivityManager: Scheduling restart of crashed service com.android.settings/.wifi.MiuiWifiService in 90775ms
05-30 18:18:32.296  1592  1662 V UidProcStateHelper: process died:[2372,1000]
05-30 18:18:34.062  2132  2670 W FileUtils: Slow Operation: fsync took 2386ms
05-30 18:18:34.062  1592  1996 W FileUtils: Slow Operation: fsync took 2355ms
05-30 18:18:34.063  5659  5760 W FileUtils: Slow Operation: fsync took 2390ms
05-30 18:18:34.151  1592  1661 W Looper  : Slow Looper ActivityManager: Long Msg: seq=918 plan=18:18:33.069  late=2ms wall=1081ms running=0ms h=com.android.server.am.ActivityManagerService$MainHandler c=com.android.server.am.ActiveServices$ServiceRestarter
05-30 18:18:34.158  1592  1661 I ActivityManager: Waited long enough for: ServiceRecord{8244a6f u0 com.xiaomi.joyose/.smartop.SmartOpService}
05-30 18:18:34.158  1592  1661 I BroadcastQueue: Resuming delayed broadcast
05-30 18:18:34.162  1592  1726 W Looper  : Slow Looper PackageManager: Long Msg: seq=1 plan=18:18:32.445  late=47ms wall=1669ms running=0ms h=com.android.server.pm.PackageManagerService$PackageHandler w=14
05-30 18:18:34.163  1592  1662 W InputEventReceiver: App Input: Dispatching InputEvent took 606ms in main thread! (MotionEvent: event_seq=340, seq=1292, action=ACTION_MOVE)
05-30 18:18:34.163  1592  1662 W InputEventReceiver: App Input: 415ms before dispatchInputEvent (MotionEvent: event_seq=342, seq=1338, action=ACTION_UP)
05-30 18:18:34.204  1592  1663 D Boost   : hostingType=service, hostingName=com.xiaomi.mi_connect_service/.MiConnectService, callerPackage=com.xiaomi.mi_connect_service, isSystem=true, isBoostNeeded=false.
05-30 18:18:34.206  1592  2402 I ActivityManager: Process com.miui.guardprovider (pid 4912) has died: prev LAST
05-30 18:18:34.237  1592  1996 W FileUtils: Slow Operation: fsync took 133ms
05-30 18:18:34.237  2335  2647 W FileUtils: Slow Operation: fsync took 133ms
05-30 18:18:34.247  1592  1663 I ActivityManager: Start proc 6338:com.xiaomi.mi_connect_service/1000 for service com.xiaomi.mi_connect_service/.MiConnectService caller=com.xiaomi.mi_connect_service
05-30 18:18:34.249  1592  1662 V UidProcStateHelper: process died:[4912,10082]
05-30 18:18:34.258  1592  1698 W FileUtils: Slow Operation: fsync took 101ms
05-30 18:18:34.265  1592  1998 W Looper  : Slow Looper NetworkPolicy.uid: Long Msg: seq=278 plan=18:18:31.885  late=0ms wall=2379ms running=0ms h=android.os.Handler w=100
05-30 18:18:34.265  1592  1663 D Boost   : hostingType=broadcast, hostingName=com.xiaomi.misettings/.usagestats.AppTimerReceiver, callerPackage=null, isSystem=true, isBoostNeeded=false.
05-30 18:18:34.276  1592  1663 I ActivityManager: Start proc 6355:com.xiaomi.misettings/1000 for broadcast com.xiaomi.misettings/.usagestats.AppTimerReceiver caller=null
05-30 18:18:34.314  1592  1663 D Boost   : hostingType=FastRestart, hostingName=null, callerPackage=system, isSystem=true, isBoostNeeded=false.
05-30 18:18:34.322  1592  1663 I ActivityManager: Start proc 6371:com.android.camera/u0a52 for FastRestart caller=system
05-30 18:18:34.345  1592  1697 W Looper  : Slow dispatch took 123ms android.fg h=com.android.server.AppStateTracker$MyHandler c=null m=0
05-30 18:18:34.378  1592  1592 W Looper  : Slow dispatch took 132ms main h=android.app.ActivityThread$H c=android.app.-$$Lambda$LoadedApk$ReceiverDispatcher$Args$_BumDX2UKsnxLVrE6UJsJZkotuA@b3fd3b8 m=0
05-30 18:18:34.381  1592  1592 I Telecom : DefaultDialerCache: Refreshing default dialer for user 0: now com.android.contacts: DDC.oR@AE8
05-30 18:18:34.381  1592  1592 W Looper  : Slow delivery took 208ms main h=android.app.ActivityThread$H c=android.app.-$$Lambda$LoadedApk$ReceiverDispatcher$Args$_BumDX2UKsnxLVrE6UJsJZkotuA@d69cf6 m=0
05-30 18:18:34.384  1592  1592 W Looper  : Drained
05-30 18:18:34.466  1592  1652 W VoiceInteractionManagerService: no available voice interaction services found for user 0
05-30 18:18:34.516  1592  2008 D NsdService: mdnssd [start-service]
05-30 18:18:34.575  1592  1663 D Boost   : hostingType=broadcast, hostingName=com.xiaomi.providers.appindex/.PackageChangeReceiver, callerPackage=null, isSystem=true, isBoostNeeded=false.
05-30 18:18:34.578  1592  1663 I ActivityManager: Start proc 6408:com.xiaomi.providers.appindex/u0a107 for broadcast com.xiaomi.providers.appindex/.PackageChangeReceiver caller=null
05-30 18:18:34.721  1592  2008 D NsdService: New client listening to asynchronous messages
05-30 18:18:34.721  1592  2008 D NsdService: New client, channel: com.android.internal.util.AsyncChannel@1c8a183 messenger: android.os.Messenger@1f4df00
05-30 18:18:34.739  1592  2400 W BroadcastQueueInjector: Unable to launch app com.android.email/10161 for broadcast Intent { act=android.intent.action.BOOT_COMPLETED flg=0x9000010 (has extras) }: process is not permitted to  auto start
05-30 18:18:34.740  1592  1661 W BroadcastQueueInjector: Unable to launch app com.baidu.input_mi/10158 for broadcast Intent { act=android.intent.action.BOOT_COMPLETED flg=0x9000010 (has extras) }: process is not permitted to  auto start
05-30 18:18:34.740  1592  1661 W BroadcastQueueInjector: Unable to launch app com.miui.notes/10147 for broadcast Intent { act=android.intent.action.BOOT_COMPLETED flg=0x9000010 (has extras) }: process is not permitted to  auto start
05-30 18:18:34.740  1592  1661 W BroadcastQueueInjector: Unable to launch app com.miui.notes/10147 for broadcast Intent { act=android.intent.action.BOOT_COMPLETED flg=0x9000010 (has extras) }: process is not permitted to  auto start
05-30 18:18:34.740  1592  1661 W BroadcastQueueInjector: Unable to launch app com.miui.weather2/10151 for broadcast Intent { act=android.intent.action.BOOT_COMPLETED flg=0x9000010 (has extras) }: process is not permitted to  auto start
05-30 18:18:34.740  1592  1661 W BroadcastQueueInjector: Unable to launch app com.xiaomi.smarthome/10145 for broadcast Intent { act=android.intent.action.BOOT_COMPLETED flg=0x9000010 (has extras) }: process is not permitted to  auto start
05-30 18:18:34.740  1592  1661 I ActivityManager: Finished processing BOOT_COMPLETED for u0
05-30 18:18:34.751  1592  1663 D Boost   : hostingType=broadcast, hostingName=com.miui.vsimcore/.ProvisionReceiver, callerPackage=null, isSystem=true, isBoostNeeded=false.
05-30 18:18:34.753  1592  1663 I ActivityManager: Start proc 6441:com.miui.vsimcore/1001 for broadcast com.miui.vsimcore/.ProvisionReceiver caller=null
05-30 18:18:34.920  1592  1592 V SettingsProvider: Notifying for 0: content://settings/system/apptimer_load_data_time
05-30 18:18:35.152  1592  1663 D Boost   : hostingType=broadcast, hostingName=com.mobiletools.systemhelper/.control.SimStateReceiver, callerPackage=null, isSystem=true, isBoostNeeded=false.
05-30 18:18:35.157  1592  1663 I ActivityManager: Start proc 6476:com.mobiletools.systemhelper:register/u0a104 for broadcast com.mobiletools.systemhelper/.control.SimStateReceiver caller=null
05-30 18:18:35.220  1592  1592 I NotificationService: Cannot find enqueued record for key: 0|com.android.providers.contacts|200|null|10025
05-30 18:18:35.492  1592  1663 D Boost   : hostingType=broadcast, hostingName=com.xiaomi.simactivate.service/com.xiaomi.activate.SimStateReceiver, callerPackage=null, isSystem=true, isBoostNeeded=false.
05-30 18:18:35.502  1592  1663 I ActivityManager: Start proc 6499:com.xiaomi.simactivate.service/u0a61 for broadcast com.xiaomi.simactivate.service/com.xiaomi.activate.SimStateReceiver caller=null
05-30 18:18:35.642  6476  6476 W FileUtils: Slow Operation: fsync took 120ms
05-30 18:18:35.648  1592  1996 W FileUtils: Slow Operation: fsync took 140ms
05-30 18:18:35.648  6178  6324 W FileUtils: Slow Operation: fsync took 142ms
05-30 18:18:35.903  1592  3303 W BroadcastQueueInjector: Unable to launch app com.miui.virtualsim/10163 for broadcast Intent { act=android.intent.action.SIM_STATE_CHANGED flg=0x5000010 (has extras) }: process is not permitted to  auto start
05-30 18:18:35.990  1592  3323 W BroadcastQueueInjector: Unable to launch app com.miui.virtualsim/10163 for broadcast Intent { act=android.intent.action.SIM_STATE_CHANGED flg=0x5000010 (has extras) }: process is not permitted to  auto start
05-30 18:18:35.999  1592  1663 D Boost   : hostingType=broadcast, hostingName=com.miui.tsmclient/.NfcStateReceiver, callerPackage=com.android.nfc, isSystem=true, isBoostNeeded=false.
05-30 18:18:36.001  1592  1663 I ActivityManager: Start proc 6528:com.miui.tsmclient/1027 for broadcast com.miui.tsmclient/.NfcStateReceiver caller=com.android.nfc
05-30 18:18:36.021  1592  1592 I NotificationService: Cannot find enqueued record for key: 0|com.android.providers.contacts|200|null|10025
05-30 18:18:36.344  1592  1663 D Boost   : hostingType=broadcast, hostingName=com.android.mms/com.xiaomi.mms.transaction.MxPushMessageReceiver, callerPackage=com.xiaomi.xmsf, isSystem=true, isBoostNeeded=false.
05-30 18:18:36.347  1592  1663 I ActivityManager: Start proc 6555:com.android.mms/u0a18 for broadcast com.android.mms/com.xiaomi.mms.transaction.MxPushMessageReceiver caller=com.xiaomi.xmsf
05-30 18:18:36.414  1592  1592 V SettingsProvider: Notifying for 0: content://settings/secure/system_key_nfc_state
05-30 18:18:36.488  1592  1592 I NotificationService: Cannot find enqueued record for key: 0|com.miui.tsmclient|1001|null|1027
05-30 18:18:36.764  1592  3303 I BroadcastQueue: Delay finish: com.android.mms/com.xiaomi.mms.transaction.MxPushMessageReceiver
05-30 18:18:37.515  1592  3323 I BroadcastQueue: Resuming delayed broadcast
05-30 18:18:37.524  1592  1663 D Boost   : hostingType=broadcast, hostingName=com.miui.micloudsync/.push.PushServiceStartedReceiver, callerPackage=com.xiaomi.xmsf, isSystem=true, isBoostNeeded=false.
05-30 18:18:37.525  1592  1663 I ActivityManager: Start proc 6601:com.miui.micloudsync/u0a91 for broadcast com.miui.micloudsync/.push.PushServiceStartedReceiver caller=com.xiaomi.xmsf
05-30 18:18:37.646  3489  5452 W PackageParser: Ignoring duplicate uses-permissions/uses-permissions-sdk-m: com.android.launcher2.permission.READ_SETTINGS in package: com.tencent.mobileqq at: Binary XML file line #73
05-30 18:18:37.647  3489  5452 W PackageParser: Ignoring duplicate uses-permissions/uses-permissions-sdk-m: android.permission.WRITE_CONTACTS in package: com.tencent.mobileqq at: Binary XML file line #102
05-30 18:18:37.658  3489  5452 W PackageParser: No actions in intent filter at /storage/emulated/0/Android/data/com.miui.cloudbackup/cache/628f854b28a3b7fb1d86645703511df3/apks/com.tencent.mobileqq.apk Binary XML file line #1858
05-30 18:18:37.680  3489  5452 W PackageParser: Ignoring duplicate uses-permissions/uses-permissions-sdk-m: com.tencent.msf.permission.account.sync in package: com.tencent.mobileqq at: Binary XML file line #7582
05-30 18:18:37.680  3489  5452 W PackageParser: Ignoring duplicate uses-permissions/uses-permissions-sdk-m: android.permission.CHANGE_WIFI_STATE in package: com.tencent.mobileqq at: Binary XML file line #7589
05-30 18:18:37.680  3489  5452 W PackageParser: Ignoring duplicate uses-permissions/uses-permissions-sdk-m: android.permission.INTERNET in package: com.tencent.mobileqq at: Binary XML file line #7590
05-30 18:18:37.680  3489  5452 W PackageParser: Ignoring duplicate uses-permissions/uses-permissions-sdk-m: android.permission.ACCESS_WIFI_STATE in package: com.tencent.mobileqq at: Binary XML file line #7591
05-30 18:18:37.680  3489  5452 W PackageParser: Ignoring duplicate uses-permissions/uses-permissions-sdk-m: android.permission.ACCESS_NETWORK_STATE in package: com.tencent.mobileqq at: Binary XML file line #7592
05-30 18:18:37.680  3489  5452 W PackageParser: Ignoring duplicate uses-permissions/uses-permissions-sdk-m: android.permission.CAMERA in package: com.tencent.mobileqq at: Binary XML file line #7596
05-30 18:18:37.680  3489  5452 W PackageParser: Ignoring duplicate uses-permissions/uses-permissions-sdk-m: android.permission.READ_PHONE_STATE in package: com.tencent.mobileqq at: Binary XML file line #7597
05-30 18:18:37.680  3489  5452 W PackageParser: Ignoring duplicate uses-permissions/uses-permissions-sdk-m: android.permission.WAKE_LOCK in package: com.tencent.mobileqq at: Binary XML file line #7598
05-30 18:18:37.680  3489  5452 W PackageParser: Ignoring duplicate uses-permissions/uses-permissions-sdk-m: com.android.launcher.permission.INSTALL_SHORTCUT in package: com.tencent.mobileqq at: Binary XML file line #7599
05-30 18:18:37.680  3489  5452 W PackageParser: Ignoring duplicate uses-permissions/uses-permissions-sdk-m: android.permission.RECEIVE_BOOT_COMPLETED in package: com.tencent.mobileqq at: Binary XML file line #7600
05-30 18:18:37.680  3489  5452 W PackageParser: Ignoring duplicate uses-permissions/uses-permissions-sdk-m: com.tencent.msf.permission.account.sync in package: com.tencent.mobileqq at: Binary XML file line #7602
05-30 18:18:37.704  1592  1661 I ActivityManager: Waited long enough for: ServiceRecord{5242fe5 u0 com.qualcomm.atfwd/.AtFwdService}
05-30 18:18:37.803  1592  1663 D Boost   : hostingType=broadcast, hostingName=com.miui.cloudservice.sysbase/.receiver.TelephonyStateChangeReceiver, callerPackage=com.xiaomi.finddevice, isSystem=true, isBoostNeeded=false.
05-30 18:18:37.805  1592  1663 I ActivityManager: Start proc 6626:com.miui.sysopt/1000 for broadcast com.miui.cloudservice.sysbase/.receiver.TelephonyStateChangeReceiver caller=com.xiaomi.finddevice
05-30 18:18:37.978  1592  1661 I ActivityManager: Waited long enough for: ServiceRecord{6ece561 u0 com.qualcomm.qti.autoregistration/.ModemDebugService}
05-30 18:18:37.979  6178  6178 I Timeline: Timeline: Activity_launch_request time:92357
05-30 18:18:37.980  1592  2400 I ActivityManager: START u0 {act=miui.intent.action.ENTERPRISE_ACTIVATION cmp=com.miui.securitycore/com.miui.enterprise.settings.EntActivationSettingsActivity} from uid 1000
05-30 18:18:38.003  1592  1661 I ActivityManager: Waited long enough for: ServiceRecord{ac76886 u0 com.qualcomm.qti.autoregistration/.RegistrationService}
05-30 18:18:38.017  1592  1661 I set_top_app: success /proc/6178/task/6178/top_app:0
05-30 18:18:38.017  1592  1661 I set_top_app: success /proc/6178/task/6232/top_app:0
05-30 18:18:38.026  1592  1663 D Boost   : hostingType=activity, hostingName=com.miui.securitycore/com.miui.enterprise.settings.EntActivationSettingsActivity, callerPackage=com.android.settings, isSystem=true, isBoostNeeded=false.
05-30 18:18:38.028  1592  1663 I ActivityManager: Start proc 6651:com.miui.securitycore/1000 for activity com.miui.securitycore/com.miui.enterprise.settings.EntActivationSettingsActivity caller=com.android.settings
05-30 18:18:38.093  1592  4283 I set_top_app: success /proc/6651/task/6651/top_app:1
05-30 18:18:38.098  1592  1662 V UidProcStateHelper: foreground changed:[6651,1000,true]
05-30 18:18:38.119  1592  1968 I Timeline: Timeline: App_transition_ready time:92497
05-30 18:18:38.226  1592  1663 D Boost   : hostingType=broadcast, hostingName=com.xiaomi.finddevice/.v2.securitypush.SecurityPushEventReceiver, callerPackage=com.xiaomi.finddevice, isSystem=true, isBoostNeeded=false.
05-30 18:18:38.229  1592  1663 I ActivityManager: Start proc 6673:com.xiaomi.finddevice:securitypush/9810 for broadcast com.xiaomi.finddevice/.v2.securitypush.SecurityPushEventReceiver caller=com.xiaomi.finddevice
05-30 18:18:38.372  1592  1611 I set_top_app: success /proc/6651/task/6696/top_app:2
05-30 18:18:38.414  1592  1992 V UiModeManager: switch night mode to 1
05-30 18:18:38.499  1592  1968 I Timeline: Timeline: App_transition_stopped time:92876
05-30 18:18:38.513  1592  1663 D Boost   : hostingType=broadcast, hostingName=com.miui.hybrid/.features.service.push.main.MiPushMessageReceiver, callerPackage=com.xiaomi.xmsf, isSystem=true, isBoostNeeded=false.
05-30 18:18:38.526  1592  1663 I ActivityManager: Start proc 6704:com.miui.hybrid/u0a92 for broadcast com.miui.hybrid/.features.service.push.main.MiPushMessageReceiver caller=com.xiaomi.xmsf
05-30 18:18:38.583  1592  1663 D Boost   : hostingType=service, hostingName=com.miui.cloudservice/.securitypush.SecurityContextManager, callerPackage=com.xiaomi.finddevice, isSystem=true, isBoostNeeded=false.
05-30 18:18:38.595  1592  1663 I ActivityManager: Start proc 6710:com.miui.cloudservice/u0a91 for service com.miui.cloudservice/.securitypush.SecurityContextManager caller=com.xiaomi.finddevice
05-30 18:18:38.621  1592  1701 I Timeline: Timeline: Activity_windows_visible id: ActivityRecord{ea5d9fa u0 com.miui.securitycore/com.miui.enterprise.settings.EntActivationSettingsActivity t9} time:92999
05-30 18:18:38.714  1592  1662 V UidProcStateHelper: foreground changed:[6178,1000,false]
05-30 18:18:38.876  1592  1663 D Boost   : hostingType=content provider, hostingName=com.miui.hybrid/org.hapjs.bridge.provider.SettingsProvider, callerPackage=com.miui.hybrid, isSystem=true, isBoostNeeded=false.
05-30 18:18:38.877  1592  1663 I ActivityManager: Start proc 6750:com.miui.hybrid:entrance/u0a92 for content provider com.miui.hybrid/org.hapjs.bridge.provider.SettingsProvider caller=com.miui.hybrid
05-30 18:18:39.174  1592  4284 W BaseMiuiPhoneWindowManager: keyCode:4 down:true eventTime:93551 downTime:93551 policyFlags:2b000002 flags:48 deviceId:-1 isScreenOn:true keyguardActive:false repeatCount:0
05-30 18:18:39.273  1592  2401 W BaseMiuiPhoneWindowManager: keyCode:4 down:false eventTime:93651 downTime:93551 policyFlags:2b000002 flags:48 deviceId:-1 isScreenOn:true keyguardActive:false repeatCount:0
05-30 18:18:39.274  1592  1662 D AutofillManagerService: onBackKeyPressed()
05-30 18:18:39.289  1592  1611 I set_top_app: success /proc/6651/task/6651/top_app:0
05-30 18:18:39.289  1592  1611 I set_top_app: success /proc/6651/task/6696/top_app:0
05-30 18:18:39.290  1592  1611 I set_top_app: success /proc/6178/task/6178/top_app:1
05-30 18:18:39.290  1592  1611 I set_top_app: success /proc/6178/task/6232/top_app:2
05-30 18:18:39.296  1592  2401 I Timeline: Timeline: App_transition_ready time:93674
05-30 18:18:39.303  1592  1611 I Timeline: Timeline: App_transition_ready time:93681
05-30 18:18:39.305  1592  1662 V UidProcStateHelper: foreground changed:[6178,1000,true]
05-30 18:18:39.315  6178  6178 E IOtgSwitch: transact failed. java.util.NoSuchElementException
05-30 18:18:39.315  6178  6178 E IOtgSwitch: Failed calling isOtgSupported!
05-30 18:18:39.323  1592  1992 V UiModeManager: switch night mode to 1
05-30 18:18:39.326  1592  1611 I Timeline: Timeline: App_transition_ready time:93704
05-30 18:18:39.334  1592  3194 I Timeline: Timeline: App_transition_ready time:93711
05-30 18:18:39.338  1592  2401 I Timeline: Timeline: App_transition_ready time:93716
05-30 18:18:39.349  1592  4279 W ActivityManager: Background start not allowed: service Intent { cmp=com.miui.hybrid/com.xiaomi.mipush.sdk.PushMessageHandler } to com.miui.hybrid/com.xiaomi.mipush.sdk.PushMessageHandler from pid=6704 uid=10092 pkg=com.miui.hybrid startFg?=false
05-30 18:18:39.355  1592  4279 I Timeline: Timeline: App_transition_ready time:93733
05-30 18:18:39.414  1592  1968 I Timeline: Timeline: App_transition_ready time:93791
