05-30 18:18:16.472  3531  3961 D PowerKeeper.KillControl: setUidState, uid = 10012 allow = true
05-30 18:18:16.472  3531  3961 D PowerKeeper.KillControl: setUidState, uid = 10013 allow = true
05-30 18:18:16.472  3531  3961 D PowerKeeper.KillControl: setUidState, uid = 10014 allow = true
05-30 18:18:16.472  3531  3961 D PowerKeeper.KillControl: setUidState, uid = 10015 allow = true
05-30 18:18:16.472  3531  3961 D PowerKeeper.KillControl: setUidState, uid = 10016 allow = true
05-30 18:18:16.472  3531  3961 D PowerKeeper.KillControl: setUidState, uid = 10017 allow = true
05-30 18:18:16.472  3531  3961 D PowerKeeper.KillControl: setUidState, uid = 10018 allow = true
05-30 18:18:16.472  3531  3961 D PowerKeeper.KillControl: setUidState, uid = 10019 allow = true
05-30 18:18:16.472  3531  3961 D PowerKeeper.KillControl: setUidState, uid = 10020 allow = true
05-30 18:18:16.472  3531  3961 D PowerKeeper.KillControl: setUidState, uid = 10021 allow = true
05-30 18:18:16.472  3531  3961 D PowerKeeper.KillControl: setUidState, uid = 10022 allow = true
05-30 18:18:16.472  3531  3961 D PowerKeeper.KillControl: setUidState, uid = 10023 allow = true
05-30 18:18:16.472  3531  3961 D PowerKeeper.KillControl: setUidState, uid = 10024 allow = true
05-30 18:18:16.472  3531  3961 D PowerKeeper.KillControl: setUidState, uid = 10025 allow = true
05-30 18:18:16.473  3531  3961 D PowerKeeper.KillControl: setUidState, uid = 10026 allow = true
05-30 18:18:16.473  3531  3961 D PowerKeeper.KillControl: setUidState, uid = 10027 allow = true
05-30 18:18:16.473  3531  3961 D PowerKeeper.KillControl: setUidState, uid = 10028 allow = true
05-30 18:18:16.473  3531  3961 D PowerKeeper.KillControl: setUidState, uid = 10030 allow = true
05-30 18:18:16.473  3531  3961 D PowerKeeper.KillControl: setUidState, uid = 10031 allow = true
05-30 18:18:16.473  3531  3961 D PowerKeeper.KillControl: setUidState, uid = 10032 allow = true
05-30 18:18:16.473  3531  3961 D PowerKeeper.KillControl: setUidState, uid = 10033 allow = true
05-30 18:18:16.473  3531  3961 D PowerKeeper.KillControl: setUidState, uid = 10034 allow = true
05-30 18:18:16.473  3531  3961 D PowerKeeper.KillControl: setUidState, uid = 10035 allow = true
05-30 18:18:16.473  3531  3961 D PowerKeeper.KillControl: setUidState, uid = 10036 allow = true
05-30 18:18:16.473  3531  3961 D PowerKeeper.KillControl: setUidState, uid = 10037 allow = true
05-30 18:18:16.473  3531  3961 D PowerKeeper.KillControl: setUidState, uid = 10038 allow = true
05-30 18:18:16.473  3531  3961 D PowerKeeper.KillControl: setUidState, uid = 10039 allow = true
05-30 18:18:16.473  3531  3961 D PowerKeeper.KillControl: setUidState, uid = 10040 allow = true
05-30 18:18:16.474  3531  3961 D PowerKeeper.KillControl: setUidState, uid = 10041 allow = true
05-30 18:18:16.474  3531  3961 D PowerKeeper.KillControl: setUidState, uid = 10042 allow = true
05-30 18:18:16.474  3531  3961 D PowerKeeper.KillControl: setUidState, uid = 10043 allow = true
05-30 18:18:16.474  3531  3961 D PowerKeeper.KillControl: setUidState, uid = 10044 allow = true
05-30 18:18:16.474  3531  3961 D PowerKeeper.KillControl: setUidState, uid = 10045 allow = true
05-30 18:18:16.474  3531  3961 D PowerKeeper.KillControl: setUidState, uid = 10046 allow = true
05-30 18:18:16.474  3531  3961 D PowerKeeper.KillControl: setUidState, uid = 10047 allow = true
05-30 18:18:16.474  3531  3961 D PowerKeeper.KillControl: setUidState, uid = 10048 allow = true
05-30 18:18:16.474  3531  3961 D PowerKeeper.KillControl: setUidState, uid = 10049 allow = true
05-30 18:18:16.474  3531  3961 D PowerKeeper.KillControl: setUidState, uid = 10050 allow = true
05-30 18:18:16.474  3531  3961 D PowerKeeper.KillControl: setUidState, uid = 10051 allow = true
05-30 18:18:16.474  3531  3961 D PowerKeeper.KillControl: setUidState, uid = 10052 allow = true
05-30 18:18:16.474  3531  3961 D PowerKeeper.KillControl: setUidState, uid = 10053 allow = true
05-30 18:18:16.475  3531  3961 D PowerKeeper.KillControl: setUidState, uid = 10054 allow = true
05-30 18:18:16.475  3531  3961 D PowerKeeper.KillControl: setUidState, uid = 10055 allow = true
05-30 18:18:16.475  3531  3961 D PowerKeeper.KillControl: setUidState, uid = 10056 allow = true
05-30 18:18:16.475  3531  3961 D PowerKeeper.KillControl: setUidState, uid = 10057 allow = true
05-30 18:18:16.475  3531  3961 D PowerKeeper.KillControl: setUidState, uid = 10058 allow = true
05-30 18:18:16.475  3531  3961 D PowerKeeper.KillControl: setUidState, uid = 10059 allow = true
05-30 18:18:16.475  3531  3961 D PowerKeeper.KillControl: setUidState, uid = 10060 allow = true
05-30 18:18:16.475  3531  3961 D PowerKeeper.KillControl: setUidState, uid = 10061 allow = true
05-30 18:18:16.475  3531  3961 D PowerKeeper.KillControl: setUidState, uid = 10062 allow = true
05-30 18:18:16.475  3531  3961 D PowerKeeper.KillControl: setUidState, uid = 10063 allow = true
05-30 18:18:16.475  3531  3961 D PowerKeeper.KillControl: setUidState, uid = 10064 allow = true
05-30 18:18:16.475  3531  3961 D PowerKeeper.KillControl: setUidState, uid = 10065 allow = true
05-30 18:18:16.475  3531  3961 D PowerKeeper.KillControl: setUidState, uid = 10066 allow = true
05-30 18:18:16.475  3531  3961 D PowerKeeper.KillControl: setUidState, uid = 10067 allow = true
05-30 18:18:16.475  3531  3961 D PowerKeeper.KillControl: setUidState, uid = 10068 allow = true
05-30 18:18:16.475  3531  3961 D PowerKeeper.KillControl: setUidState, uid = 10069 allow = true
05-30 18:18:16.476  3531  3961 D PowerKeeper.KillControl: setUidState, uid = 10070 allow = true
05-30 18:18:16.476  3531  3961 D PowerKeeper.KillControl: setUidState, uid = 10071 allow = true
05-30 18:18:16.476  3531  3961 D PowerKeeper.KillControl: setUidState, uid = 10072 allow = true
05-30 18:18:16.476  3531  3961 D PowerKeeper.KillControl: setUidState, uid = 10073 allow = true
05-30 18:18:16.476  3531  3961 D PowerKeeper.KillControl: setUidState, uid = 10074 allow = true
05-30 18:18:16.476  3531  3961 D PowerKeeper.KillControl: setUidState, uid = 10075 allow = true
05-30 18:18:16.476  3531  3961 D PowerKeeper.KillControl: setUidState, uid = 10076 allow = true
05-30 18:18:16.476  3531  3961 D PowerKeeper.KillControl: setUidState, uid = 10077 allow = true
05-30 18:18:16.476  3531  3961 D PowerKeeper.KillControl: setUidState, uid = 10078 allow = true
05-30 18:18:16.476  3531  3961 D PowerKeeper.KillControl: setUidState, uid = 10079 allow = true
05-30 18:18:16.476  3531  3961 D PowerKeeper.KillControl: setUidState, uid = 10080 allow = true
05-30 18:18:16.477  3531  3961 D PowerKeeper.KillControl: setUidState, uid = 10081 allow = true
05-30 18:18:16.477  3531  3961 D PowerKeeper.KillControl: setUidState, uid = 10082 allow = true
05-30 18:18:16.477  3531  3961 D PowerKeeper.KillControl: setUidState, uid = 10083 allow = true
05-30 18:18:16.477  3531  3961 D PowerKeeper.KillControl: setUidState, uid = 10084 allow = true
05-30 18:18:16.477  3531  3961 D PowerKeeper.KillControl: setUidState, uid = 10085 allow = true
05-30 18:18:16.477  3531  3961 D PowerKeeper.KillControl: setUidState, uid = 10086 allow = true
05-30 18:18:16.477  3531  3961 D PowerKeeper.KillControl: setUidState, uid = 10087 allow = true
05-30 18:18:16.477  3531  3961 D PowerKeeper.KillControl: setUidState, uid = 10088 allow = true
05-30 18:18:16.477  3531  3961 D PowerKeeper.KillControl: setUidState, uid = 10089 allow = true
05-30 18:18:16.477  3531  3961 D PowerKeeper.KillControl: setUidState, uid = 10090 allow = true
05-30 18:18:16.477  3531  3961 D PowerKeeper.KillControl: setUidState, uid = 10091 allow = true
05-30 18:18:16.477  3531  3961 D PowerKeeper.KillControl: setUidState, uid = 10092 allow = true
05-30 18:18:16.477  3531  3961 D PowerKeeper.KillControl: setUidState, uid = 10093 allow = true
05-30 18:18:16.477  3531  3961 D PowerKeeper.KillControl: setUidState, uid = 10094 allow = true
05-30 18:18:16.478  3531  3961 D PowerKeeper.KillControl: setUidState, uid = 10095 allow = true
05-30 18:18:16.478  3531  3961 D PowerKeeper.KillControl: setUidState, uid = 10096 allow = true
05-30 18:18:16.478  3531  3961 D PowerKeeper.KillControl: setUidState, uid = 10097 allow = true
05-30 18:18:16.478  3531  3961 D PowerKeeper.KillControl: setUidState, uid = 10098 allow = true
05-30 18:18:16.478  3531  3961 D PowerKeeper.KillControl: setUidState, uid = 10099 allow = true
05-30 18:18:16.478  3531  3961 D PowerKeeper.KillControl: setUidState, uid = 10100 allow = true
05-30 18:18:16.478  3531  3961 D PowerKeeper.KillControl: setUidState, uid = 10101 allow = true
05-30 18:18:16.478  3531  3961 D PowerKeeper.KillControl: setUidState, uid = 10102 allow = true
05-30 18:18:16.478  3531  3961 D PowerKeeper.KillControl: setUidState, uid = 10103 allow = true
05-30 18:18:16.478  3531  3961 D PowerKeeper.KillControl: setUidState, uid = 10104 allow = true
05-30 18:18:16.478  3531  3961 D PowerKeeper.KillControl: setUidState, uid = 10105 allow = true
05-30 18:18:16.478  3531  3961 D PowerKeeper.KillControl: setUidState, uid = 10106 allow = true
05-30 18:18:16.478  3531  3961 D PowerKeeper.KillControl: setUidState, uid = 10107 allow = true
05-30 18:18:16.478  3531  3961 D PowerKeeper.KillControl: setUidState, uid = 10108 allow = true
05-30 18:18:16.479  3531  3961 D PowerKeeper.KillControl: setUidState, uid = 10109 allow = true
05-30 18:18:16.479  3531  3961 D PowerKeeper.KillControl: setUidState, uid = 10110 allow = true
05-30 18:18:16.479  3531  3961 D PowerKeeper.KillControl: setUidState, uid = 10111 allow = true
05-30 18:18:16.479  3531  3961 D PowerKeeper.KillControl: setUidState, uid = 10112 allow = true
05-30 18:18:16.479  3531  3961 D PowerKeeper.KillControl: setUidState, uid = 10113 allow = true
05-30 18:18:16.479  3531  3961 D PowerKeeper.KillControl: setUidState, uid = 10114 allow = true
05-30 18:18:16.479  3531  3961 D PowerKeeper.KillControl: setUidState, uid = 10115 allow = true
05-30 18:18:16.479  3531  3961 D PowerKeeper.KillControl: setUidState, uid = 10116 allow = true
05-30 18:18:16.479  3531  3961 D PowerKeeper.KillControl: setUidState, uid = 10117 allow = true
05-30 18:18:16.479  3531  3961 D PowerKeeper.KillControl: setUidState, uid = 10118 allow = true
05-30 18:18:16.479  3531  3961 D PowerKeeper.KillControl: setUidState, uid = 10119 allow = true
05-30 18:18:16.479  3531  3961 D PowerKeeper.KillControl: setUidState, uid = 10120 allow = true
05-30 18:18:16.479  3531  3961 D PowerKeeper.KillControl: setUidState, uid = 10121 allow = true
05-30 18:18:16.479  3531  3961 D PowerKeeper.KillControl: setUidState, uid = 10122 allow = true
05-30 18:18:16.480  3531  3961 D PowerKeeper.KillControl: setUidState, uid = 10123 allow = true
05-30 18:18:16.480  3531  3961 D PowerKeeper.KillControl: setUidState, uid = 10124 allow = true
05-30 18:18:16.480  3531  3961 D PowerKeeper.KillControl: setUidState, uid = 10125 allow = true
05-30 18:18:16.480  3531  3961 D PowerKeeper.KillControl: setUidState, uid = 10126 allow = true
05-30 18:18:16.480  3531  3961 D PowerKeeper.KillControl: setUidState, uid = 10127 allow = true
05-30 18:18:16.480  3531  3961 D PowerKeeper.KillControl: setUidState, uid = 10128 allow = true
05-30 18:18:16.480  3531  3961 D PowerKeeper.KillControl: setUidState, uid = 10129 allow = true
05-30 18:18:16.480  3531  3961 D PowerKeeper.KillControl: setUidState, uid = 10130 allow = true
05-30 18:18:16.480  3531  3961 D PowerKeeper.KillControl: setUidState, uid = 10131 allow = true
05-30 18:18:16.480  3531  3961 D PowerKeeper.KillControl: setUidState, uid = 10132 allow = true
05-30 18:18:16.480  3531  3961 D PowerKeeper.KillControl: setUidState, uid = 10133 allow = true
05-30 18:18:16.480  3531  3961 D PowerKeeper.KillControl: setUidState, uid = 10134 allow = true
05-30 18:18:16.480  3531  3961 D PowerKeeper.KillControl: setUidState, uid = 10135 allow = true
05-30 18:18:16.480  3531  3961 D PowerKeeper.KillControl: setUidState, uid = 10136 allow = true
05-30 18:18:16.480  3531  3961 D PowerKeeper.KillControl: setUidState, uid = 10137 allow = true
05-30 18:18:16.481  3531  3961 D PowerKeeper.KillControl: setUidState, uid = 10138 allow = true
05-30 18:18:16.481  3531  3961 D PowerKeeper.KillControl: setUidState, uid = 10139 allow = true
05-30 18:18:16.481  3531  3961 D PowerKeeper.KillControl: setUidState, uid = 10140 allow = true
05-30 18:18:16.481  3531  3961 D PowerKeeper.KillControl: setUidState, uid = 10141 allow = true
05-30 18:18:16.481  3531  3961 D PowerKeeper.KillControl: setUidState, uid = 10142 allow = true
05-30 18:18:16.481  3531  3961 D PowerKeeper.KillControl: setUidState, uid = 10143 allow = true
05-30 18:18:16.481  3531  3961 D PowerKeeper.KillControl: setUidState, uid = 10144 allow = true
05-30 18:18:16.481  3531  3961 D PowerKeeper.KillControl: setUidState, uid = 10145 allow = true
05-30 18:18:16.481  3531  3961 D PowerKeeper.KillControl: setUidState, uid = 10146 allow = true
05-30 18:18:16.481  3531  3961 D PowerKeeper.KillControl: setUidState, uid = 10147 allow = true
05-30 18:18:16.481  3531  3961 D PowerKeeper.KillControl: setUidState, uid = 10148 allow = true
05-30 18:18:16.481  3531  3961 D PowerKeeper.KillControl: setUidState, uid = 10149 allow = true
05-30 18:18:16.481  3531  3961 D PowerKeeper.KillControl: setUidState, uid = 10150 allow = true
05-30 18:18:16.482  3531  3961 D PowerKeeper.KillControl: setUidState, uid = 10151 allow = true
05-30 18:18:16.482  3531  3961 D PowerKeeper.KillControl: setUidState, uid = 10152 allow = true
05-30 18:18:16.482  3531  3961 D PowerKeeper.KillControl: setUidState, uid = 10153 allow = true
05-30 18:18:16.482  3531  3961 D PowerKeeper.KillControl: setUidState, uid = 10154 allow = true
05-30 18:18:16.482  3531  3961 D PowerKeeper.KillControl: setUidState, uid = 10155 allow = true
05-30 18:18:16.482  3531  3961 D PowerKeeper.KillControl: setUidState, uid = 10156 allow = true
05-30 18:18:16.482  3531  3961 D PowerKeeper.KillControl: setUidState, uid = 10157 allow = true
05-30 18:18:16.482  3531  3961 D PowerKeeper.KillControl: setUidState, uid = 10158 allow = true
05-30 18:18:16.482  3531  3961 D PowerKeeper.KillControl: setUidState, uid = 10159 allow = true
05-30 18:18:16.482  3531  3961 D PowerKeeper.KillControl: setUidState, uid = 10160 allow = true
05-30 18:18:16.482  3531  3961 D PowerKeeper.KillControl: setUidState, uid = 10161 allow = true
05-30 18:18:16.482  3531  3961 D PowerKeeper.KillControl: setUidState, uid = 10162 allow = true
05-30 18:18:16.482  3531  3961 D PowerKeeper.KillControl: setUidState, uid = 10163 allow = true
05-30 18:18:16.482  3531  3961 D PowerKeeper.KillControl: setUidState, uid = 10164 allow = true
05-30 18:18:16.483  3531  3961 D PowerKeeper.KillControl: setUidState, uid = 10165 allow = true
05-30 18:18:16.483  3531  3961 D PowerKeeper.KillControl: setUidState, uid = 10166 allow = true
05-30 18:18:16.483  3531  3961 D PowerKeeper.KillControl: setUidState, uid = 10167 allow = true
05-30 18:18:16.483  3531  3961 D PowerKeeper.KillControl: setUidState, uid = 10168 allow = true
05-30 18:18:16.483  3531  3961 D PowerKeeper.KillControl: setUidState, uid = 10169 allow = true
05-30 18:18:16.483  3531  3961 D PowerKeeper.KillControl: setUidState, uid = 10170 allow = true
05-30 18:18:16.483  3531  3961 D PowerKeeper.KillControl: setUidState, uid = 10171 allow = true
05-30 18:18:16.483  3531  3961 D PowerKeeper.KillControl: setUidState, uid = 10172 allow = true
05-30 18:18:16.486  3531  3961 V PowerKeeper.Sensor: SensorController enable 
05-30 18:18:16.486  3531  3961 D PowerKeeper.Sensor: setUidState, uid = 10057 allow = true
05-30 18:18:16.487  3531  3961 D PowerKeeper.Sensor: setUidState, uid = 10086 allow = true
05-30 18:18:16.487  3531  3961 D PowerKeeper.Sensor: setUidState, uid = 10100 allow = true
05-30 18:18:16.487  3531  3961 D PowerKeeper.Sensor: setUidState, uid = 10015 allow = true
05-30 18:18:16.487  3531  3961 D PowerKeeper.Sensor: setUidState, uid = 10076 allow = true
05-30 18:18:16.487  3531  3961 D PowerKeeper.Sensor: setUidState, uid = 10156 allow = true
05-30 18:18:16.488  3531  3961 D PowerKeeper.Sensor: setUidState, uid = 10138 allow = true
05-30 18:18:16.488  3531  3961 D PowerKeeper.Sensor: setUidState, uid = 10144 allow = true
05-30 18:18:16.488  3531  3961 D PowerKeeper.Sensor: setUidState, uid = 10082 allow = true
05-30 18:18:16.488  3531  3961 D PowerKeeper.Sensor: setUidState, uid = 10068 allow = true
05-30 18:18:16.488  3531  3961 D PowerKeeper.Sensor: setUidState, uid = 10056 allow = true
05-30 18:18:16.489  3531  3961 D PowerKeeper.Sensor: setUidState, uid = 10134 allow = true
05-30 18:18:16.489  3531  3961 D PowerKeeper.Sensor: setUidState, uid = 10099 allow = true
05-30 18:18:16.489  3531  3961 D PowerKeeper.Sensor: setUidState, uid = 10025 allow = true
05-30 18:18:16.489  3531  3961 D PowerKeeper.Sensor: setUidState, uid = 10083 allow = true
05-30 18:18:16.489  3531  3961 D PowerKeeper.Sensor: setUidState, uid = 10091 allow = true
05-30 18:18:16.489  3531  3961 D PowerKeeper.Sensor: setUidState, uid = 10118 allow = true
05-30 18:18:16.490  3531  3961 D PowerKeeper.Sensor: setUidState, uid = 10155 allow = true
05-30 18:18:16.490  3531  3961 D PowerKeeper.Sensor: setUidState, uid = 10067 allow = true
05-30 18:18:16.490  3531  3961 D PowerKeeper.Sensor: setUidState, uid = 10129 allow = true
05-30 18:18:16.490  3531  3961 D PowerKeeper.Sensor: setUidState, uid = 10032 allow = true
05-30 18:18:16.490  3531  3961 D PowerKeeper.Sensor: setUidState, uid = 10059 allow = true
05-30 18:18:16.491  3531  3961 D PowerKeeper.Sensor: setUidState, uid = 10157 allow = true
05-30 18:18:16.491  3531  3961 D PowerKeeper.Sensor: setUidState, uid = 10117 allow = true
05-30 18:18:16.491  3531  3961 D PowerKeeper.Sensor: setUidState, uid = 10069 allow = true
05-30 18:18:16.491  3531  3961 D PowerKeeper.Sensor: setUidState, uid = 10165 allow = true
05-30 18:18:16.491  3531  3961 D PowerKeeper.Sensor: setUidState, uid = 10072 allow = true
05-30 18:18:16.491  3531  3961 D PowerKeeper.Sensor: setUidState, uid = 10036 allow = true
05-30 18:18:16.492  3531  3961 D PowerKeeper.Sensor: setUidState, uid = 10063 allow = true
05-30 18:18:16.492  3531  3961 D PowerKeeper.Sensor: setUidState, uid = 10168 allow = true
05-30 18:18:16.492  3531  3961 D PowerKeeper.Sensor: setUidState, uid = 10119 allow = true
05-30 18:18:16.492  3531  3961 D PowerKeeper.Sensor: setUidState, uid = 10150 allow = true
05-30 18:18:16.492  3531  3961 D PowerKeeper.Sensor: setUidState, uid = 10047 allow = true
05-30 18:18:16.492  3531  3961 D PowerKeeper.Sensor: setUidState, uid = 10074 allow = true
05-30 18:18:16.493  3531  3961 D PowerKeeper.Sensor: setUidState, uid = 10096 allow = true
05-30 18:18:16.493  3531  3961 D PowerKeeper.Sensor: setUidState, uid = 10097 allow = true
05-30 18:18:16.493  3531  3961 D PowerKeeper.Sensor: setUidState, uid = 10019 allow = true
05-30 18:18:16.493  3531  3961 D PowerKeeper.Sensor: setUidState, uid = 10003 allow = true
05-30 18:18:16.493  3531  3961 D PowerKeeper.Sensor: setUidState, uid = 10145 allow = true
05-30 18:18:16.493  3531  3961 D PowerKeeper.Sensor: setUidState, uid = 10071 allow = true
05-30 18:18:16.494  3531  3961 D PowerKeeper.Sensor: setUidState, uid = 10109 allow = true
05-30 18:18:16.494  3531  3961 D PowerKeeper.Sensor: setUidState, uid = 10105 allow = true
05-30 18:18:16.494  3531  3961 D PowerKeeper.Sensor: setUidState, uid = 10061 allow = true
05-30 18:18:16.494  3531  3961 D PowerKeeper.Sensor: setUidState, uid = 10016 allow = true
05-30 18:18:16.495  3531  3961 D PowerKeeper.Sensor: setUidState, uid = 10054 allow = true
05-30 18:18:16.495  3531  3961 D PowerKeeper.Sensor: setUidState, uid = 10020 allow = true
05-30 18:18:16.495  3531  3961 D PowerKeeper.Sensor: setUidState, uid = 10038 allow = true
05-30 18:18:16.495  3531  3961 D PowerKeeper.Sensor: setUidState, uid = 10170 allow = true
05-30 18:18:16.495  3531  3961 D PowerKeeper.Sensor: setUidState, uid = 10087 allow = true
05-30 18:18:16.496  3531  3961 D PowerKeeper.Sensor: setUidState, uid = 10060 allow = true
05-30 18:18:16.496  3531  3961 D PowerKeeper.Sensor: setUidState, uid = 10011 allow = true
05-30 18:18:16.496  3531  3961 D PowerKeeper.Sensor: setUidState, uid = 10027 allow = true
05-30 18:18:16.496  3531  3961 D PowerKeeper.Sensor: setUidState, uid = 10116 allow = true
05-30 18:18:16.496  3531  3961 D PowerKeeper.Sensor: setUidState, uid = 10077 allow = true
05-30 18:18:16.496  3531  3961 D PowerKeeper.Sensor: setUidState, uid = 10008 allow = true
05-30 18:18:16.497  3531  3961 D PowerKeeper.Sensor: setUidState, uid = 10098 allow = true
05-30 18:18:16.497  3531  3961 D PowerKeeper.Sensor: setUidState, uid = 10095 allow = true
05-30 18:18:16.497  3531  3961 D PowerKeeper.Sensor: setUidState, uid = 10046 allow = true
05-30 18:18:16.497  3531  3961 D PowerKeeper.Sensor: setUidState, uid = 10085 allow = true
05-30 18:18:16.497  3531  3961 D PowerKeeper.Sensor: setUidState, uid = 10124 allow = true
05-30 18:18:16.498  3531  3961 D PowerKeeper.Sensor: setUidState, uid = 10154 allow = true
05-30 18:18:16.498  3531  3961 D PowerKeeper.Sensor: setUidState, uid = 10140 allow = true
05-30 18:18:16.498  3531  3961 D PowerKeeper.Sensor: setUidState, uid = 10037 allow = true
05-30 18:18:16.498  3531  3961 D PowerKeeper.Sensor: setUidState, uid = 10078 allow = true
05-30 18:18:16.498  3531  3961 D PowerKeeper.Sensor: setUidState, uid = 10051 allow = true
05-30 18:18:16.498  3531  3961 D PowerKeeper.Sensor: setUidState, uid = 10066 allow = true
05-30 18:18:16.499  3531  3961 D PowerKeeper.Sensor: setUidState, uid = 10167 allow = true
05-30 18:18:16.499  3531  3961 D PowerKeeper.Sensor: setUidState, uid = 10132 allow = true
05-30 18:18:16.499  3531  3961 D PowerKeeper.Sensor: setUidState, uid = 10034 allow = true
05-30 18:18:16.499  3531  3961 D PowerKeeper.Sensor: setUidState, uid = 10159 allow = true
05-30 18:18:16.499  3531  3961 D PowerKeeper.Sensor: setUidState, uid = 10112 allow = true
05-30 18:18:16.499  3531  3961 D PowerKeeper.Sensor: setUidState, uid = 10062 allow = true
05-30 18:18:16.500  3531  3961 D PowerKeeper.Sensor: setUidState, uid = 10075 allow = true
05-30 18:18:16.500  3531  3961 D PowerKeeper.Sensor: setUidState, uid = 10002 allow = true
05-30 18:18:16.500  3531  3961 D PowerKeeper.Sensor: setUidState, uid = 10088 allow = true
05-30 18:18:16.500  3531  3961 D PowerKeeper.Sensor: setUidState, uid = 10030 allow = true
05-30 18:18:16.500  3531  3961 D PowerKeeper.Sensor: setUidState, uid = 10028 allow = true
05-30 18:18:16.501  3531  3961 D PowerKeeper.Sensor: setUidState, uid = 10026 allow = true
05-30 18:18:16.501  3531  3961 D PowerKeeper.Sensor: setUidState, uid = 10161 allow = true
05-30 18:18:16.501  3531  3961 D PowerKeeper.Sensor: setUidState, uid = 10010 allow = true
05-30 18:18:16.501  3531  3961 D PowerKeeper.Sensor: setUidState, uid = 10043 allow = true
05-30 18:18:16.501  3531  3961 D PowerKeeper.Sensor: setUidState, uid = 10081 allow = true
05-30 18:18:16.501  3531  3961 D PowerKeeper.Sensor: setUidState, uid = 10101 allow = true
05-30 18:18:16.502  3531  3961 D PowerKeeper.Sensor: setUidState, uid = 10147 allow = true
05-30 18:18:16.502  3531  3961 D PowerKeeper.Sensor: setUidState, uid = 10110 allow = true
05-30 18:18:16.502  3531  3961 D PowerKeeper.Sensor: setUidState, uid = 10148 allow = true
05-30 18:18:16.503  3531  3961 D PowerKeeper.Sensor: setUidState, uid = 10050 allow = true
05-30 18:18:16.503  3531  3961 D PowerKeeper.Sensor: setUidState, uid = 10073 allow = true
05-30 18:18:16.503  3531  3961 D PowerKeeper.Sensor: setUidState, uid = 10103 allow = true
05-30 18:18:16.503  3531  3961 D PowerKeeper.Sensor: setUidState, uid = 10048 allow = true
05-30 18:18:16.503  3531  3961 D PowerKeeper.Sensor: setUidState, uid = 10079 allow = true
05-30 18:18:16.503  3531  3961 D PowerKeeper.Sensor: setUidState, uid = 10106 allow = true
05-30 18:18:16.504  3531  3961 D PowerKeeper.Sensor: setUidState, uid = 10041 allow = true
05-30 18:18:16.504  3531  3961 D PowerKeeper.Sensor: setUidState, uid = 10158 allow = true
05-30 18:18:16.504  3531  3961 D PowerKeeper.Sensor: setUidState, uid = 10064 allow = true
05-30 18:18:16.504  3531  3961 D PowerKeeper.Sensor: setUidState, uid = 10133 allow = true
05-30 18:18:16.505  3531  3961 D PowerKeeper.Sensor: setUidState, uid = 10172 allow = true
05-30 18:18:16.505  3531  3961 D PowerKeeper.Sensor: setUidState, uid = 10093 allow = true
05-30 18:18:16.505  3531  3961 D PowerKeeper.Sensor: setUidState, uid = 10115 allow = true
05-30 18:18:16.505  3531  3961 D PowerKeeper.Sensor: setUidState, uid = 10070 allow = true
05-30 18:18:16.505  3531  3961 D PowerKeeper.Sensor: setUidState, uid = 10123 allow = true
05-30 18:18:16.505  3531  3961 D PowerKeeper.Sensor: setUidState, uid = 10152 allow = true
05-30 18:18:16.506  3531  3961 D PowerKeeper.Sensor: setUidState, uid = 10092 allow = true
05-30 18:18:16.506  3531  3961 D PowerKeeper.Sensor: setUidState, uid = 10004 allow = true
05-30 18:18:16.506  3531  3961 D PowerKeeper.Sensor: setUidState, uid = 10049 allow = true
05-30 18:18:16.506  3531  3961 D PowerKeeper.Sensor: setUidState, uid = 10042 allow = true
05-30 18:18:16.506  3531  3961 D PowerKeeper.Sensor: setUidState, uid = 10126 allow = true
05-30 18:18:16.507  3531  3961 D PowerKeeper.Sensor: setUidState, uid = 10022 allow = true
05-30 18:18:16.507  3531  3961 D PowerKeeper.Sensor: setUidState, uid = 10125 allow = true
05-30 18:18:16.507  3531  3961 D PowerKeeper.Sensor: setUidState, uid = 10006 allow = true
05-30 18:18:16.507  3531  3961 D PowerKeeper.Sensor: setUidState, uid = 10153 allow = true
05-30 18:18:16.507  3531  3961 D PowerKeeper.Sensor: setUidState, uid = 10131 allow = true
05-30 18:18:16.507  3531  3961 D PowerKeeper.Sensor: setUidState, uid = 10021 allow = true
05-30 18:18:16.508  3531  3961 D PowerKeeper.Sensor: setUidState, uid = 10104 allow = true
05-30 18:18:16.508  3531  3961 D PowerKeeper.Sensor: setUidState, uid = 10044 allow = true
05-30 18:18:16.508  3531  3961 D PowerKeeper.Sensor: setUidState, uid = 10149 allow = true
05-30 18:18:16.508  3531  3961 D PowerKeeper.Sensor: setUidState, uid = 10166 allow = true
05-30 18:18:16.508  3531  3961 D PowerKeeper.Sensor: setUidState, uid = 10111 allow = true
05-30 18:18:16.508  3531  3961 D PowerKeeper.Sensor: setUidState, uid = 10001 allow = true
05-30 18:18:16.509  3531  3961 D PowerKeeper.Sensor: setUidState, uid = 10164 allow = true
05-30 18:18:16.509  3531  3961 D PowerKeeper.Sensor: setUidState, uid = 10012 allow = true
05-30 18:18:16.509  3531  3961 D PowerKeeper.Sensor: setUidState, uid = 10142 allow = true
05-30 18:18:16.509  3531  3961 D PowerKeeper.Sensor: setUidState, uid = 10122 allow = true
05-30 18:18:16.509  3531  3961 D PowerKeeper.Sensor: setUidState, uid = 10031 allow = true
05-30 18:18:16.509  3531  3961 D PowerKeeper.Sensor: setUidState, uid = 10007 allow = true
05-30 18:18:16.510  3531  3961 D PowerKeeper.Sensor: setUidState, uid = 10013 allow = true
05-30 18:18:16.510  3531  3961 D PowerKeeper.Sensor: setUidState, uid = 10160 allow = true
05-30 18:18:16.510  3531  3961 D PowerKeeper.Sensor: setUidState, uid = 10127 allow = true
05-30 18:18:16.510  3531  3961 D PowerKeeper.Sensor: setUidState, uid = 10065 allow = true
05-30 18:18:16.510  3531  3961 D PowerKeeper.Sensor: setUidState, uid = 10163 allow = true
05-30 18:18:16.510  3531  3961 D PowerKeeper.Sensor: setUidState, uid = 10151 allow = true
05-30 18:18:16.511  3531  3961 D PowerKeeper.Sensor: setUidState, uid = 10080 allow = true
05-30 18:18:16.511  3531  3961 D PowerKeeper.Sensor: setUidState, uid = 10018 allow = true
05-30 18:18:16.511  3531  3961 D PowerKeeper.Sensor: setUidState, uid = 10053 allow = true
05-30 18:18:16.511  3531  3961 D PowerKeeper.Sensor: setUidState, uid = 10052 allow = true
05-30 18:18:16.511  3531  3961 D PowerKeeper.Sensor: setUidState, uid = 10128 allow = true
05-30 18:18:16.511  3531  3961 D PowerKeeper.Sensor: setUidState, uid = 10033 allow = true
05-30 18:18:16.512  3531  3961 D PowerKeeper.Sensor: setUidState, uid = 10114 allow = true
05-30 18:18:16.512  3531  3961 D PowerKeeper.Sensor: setUidState, uid = 10094 allow = true
05-30 18:18:16.512  3531  3961 D PowerKeeper.Sensor: setUidState, uid = 10137 allow = true
05-30 18:18:16.512  3531  3961 D PowerKeeper.Sensor: setUidState, uid = 10108 allow = true
05-30 18:18:16.512  3531  3961 D PowerKeeper.Sensor: setUidState, uid = 10035 allow = true
05-30 18:18:16.512  3531  3961 D PowerKeeper.Sensor: setUidState, uid = 10090 allow = true
05-30 18:18:16.513  3531  3961 D PowerKeeper.Sensor: setUidState, uid = 10120 allow = true
05-30 18:18:16.513  3531  3961 D PowerKeeper.Sensor: setUidState, uid = 10040 allow = true
05-30 18:18:16.513  3531  3961 D PowerKeeper.Sensor: setUidState, uid = 10162 allow = true
05-30 18:18:16.513  3531  3961 D PowerKeeper.Sensor: setUidState, uid = 10017 allow = true
05-30 18:18:16.514  3531  3961 D PowerKeeper.Sensor: setUidState, uid = 10171 allow = true
05-30 18:18:16.514  3531  3961 D PowerKeeper.Sensor: setUidState, uid = 10058 allow = true
05-30 18:18:16.514  3531  3961 D PowerKeeper.Sensor: setUidState, uid = 10130 allow = true
05-30 18:18:16.514  3531  3961 D PowerKeeper.Sensor: setUidState, uid = 10107 allow = true
05-30 18:18:16.515  3531  3531 D PowerChecker_Service: onStartCommand: Intent { act=android.intent.action.BOOT_COMPLETED cmp=com.xiaomi.powerchecker/.PowerCheckerService }
05-30 18:18:16.518  3531  3961 D PowerKeeper.Sensor: setUidState, uid = 10039 allow = true
05-30 18:18:16.518  3531  3961 D PowerKeeper.Sensor: setUidState, uid = 10135 allow = true
05-30 18:18:16.519  3531  3961 D PowerKeeper.Sensor: setUidState, uid = 10009 allow = true
05-30 18:18:16.519  3531  3961 D PowerKeeper.Sensor: setUidState, uid = 10113 allow = true
05-30 18:18:16.519  3531  3961 D PowerKeeper.Sensor: setUidState, uid = 10005 allow = true
05-30 18:18:16.519  3531  3961 D PowerKeeper.Sensor: setUidState, uid = 10023 allow = true
05-30 18:18:16.519  3531  3961 D PowerKeeper.Sensor: setUidState, uid = 10141 allow = true
05-30 18:18:16.520  3531  3961 D PowerKeeper.Sensor: setUidState, uid = 10143 allow = true
05-30 18:18:16.520  3531  3961 D PowerKeeper.Sensor: setUidState, uid = 10146 allow = true
05-30 18:18:16.520  3531  3961 D PowerKeeper.Sensor: setUidState, uid = 10089 allow = true
05-30 18:18:16.520  3531  3961 D PowerKeeper.Sensor: setUidState, uid = 10084 allow = true
05-30 18:18:16.520  3531  3961 D PowerKeeper.Sensor: setUidState, uid = 10139 allow = true
05-30 18:18:16.521  3531  3961 D PowerKeeper.Sensor: setUidState, uid = 10014 allow = true
05-30 18:18:16.521  3531  3961 D PowerKeeper.Sensor: setUidState, uid = 10024 allow = true
05-30 18:18:16.521  3531  3961 D PowerKeeper.Sensor: setUidState, uid = 10102 allow = true
05-30 18:18:16.521  3531  3961 D PowerKeeper.Sensor: setUidState, uid = 10000 allow = true
05-30 18:18:16.521  3531  3961 D PowerKeeper.Sensor: setUidState, uid = 10121 allow = true
05-30 18:18:16.521  3531  3961 D PowerKeeper.Sensor: setUidState, uid = 10055 allow = true
05-30 18:18:16.522  3531  3961 D PowerKeeper.Sensor: setUidState, uid = 10045 allow = true
05-30 18:18:16.522  3531  3961 D PowerKeeper.Sensor: setUidState, uid = 10169 allow = true
05-30 18:18:16.522  3531  3961 D PowerKeeper.Sensor: setUidState, uid = 10136 allow = true
05-30 18:18:16.740  1592  4279 W ActivityManager: Background start not allowed: service Intent { cmp=com.android.calendar/com.xiaomi.mipush.sdk.PushMessageHandler } to com.android.calendar/com.xiaomi.mipush.sdk.PushMessageHandler from pid=4556 uid=10020 pkg=com.android.calendar startFg?=false
05-30 18:18:16.784  1592  1592 V SettingsProvider: Notifying for 0: content://settings/system/next_alarm_formatted
05-30 18:18:16.789  1592  1592 V SettingsProvider: Notifying for 0: content://settings/system/next_alarm_formatted
05-30 18:18:16.847  1592  1965 W ActivityManager: Background start not allowed: service Intent { cmp=com.android.calendar/com.xiaomi.mipush.sdk.MessageHandleService } to com.android.calendar/com.xiaomi.mipush.sdk.MessageHandleService from pid=4556 uid=10020 pkg=com.android.calendar startFg?=false
05-30 18:18:16.853  1592  1592 V SettingsProvider: Notifying for 0: content://settings/system/next_alarm_formatted
05-30 18:18:16.856  1592  1592 V SettingsProvider: Notifying for 0: content://settings/system/next_alarm_formatted
05-30 18:18:16.874  1592  2027 W ContextImpl: Calling a method in the system process without a qualified user: android.app.ContextImpl.sendBroadcast:1015 miui.security.SecurityManagerCompat.sendCancelBootAlarm:149 miui.security.SecurityManagerCompat.writeQcomBootTime:116 miui.security.SecurityManagerCompat.writeBootTime:75 com.miui.server.SecurityManagerService$SecurityWriteHandler.handleMessage:311 
05-30 18:18:16.877  1592  2027 W ContextImpl: Calling a method in the system process without a qualified user: android.app.ContextImpl.sendBroadcast:1015 miui.security.SecurityManagerCompat.sendSetBootAlarm:158 miui.security.SecurityManagerCompat.writeQcomBootTime:117 miui.security.SecurityManagerCompat.writeBootTime:75 com.miui.server.SecurityManagerService$SecurityWriteHandler.handleMessage:311 
05-30 18:18:16.914  3531  3830 D DeviceIdleController: set apps count: mTempWhitelistAppIds: 0, mTempNonWhitelistAppIds: 21
05-30 18:18:16.924  1592  1592 I SplashScreenServiceDelegate: Boot completed, delay to bind SplashScreenService
05-30 18:18:16.924  1592  1592 I SplashScreenServiceDelegate: SplashScreenService rebind count: 0
05-30 18:18:16.925  1592  1592 I Telecom : DefaultDialerCache: Refreshing default dialer for user 0: now com.android.contacts: DDC.oR@AEo
05-30 18:18:16.951  1592  1592 I Telecom : MiuiMissedCallNotifierImpl: reloadFromDatabase()...: TSBCR.oR@AEs
05-30 18:18:17.000  1592  3194 D ProcessManager: protectCurrentProcess:true, set com.miui.touchassistant:float maxAdj to vis  , maxProcState to + TOP 
05-30 18:18:17.001  1592  1663 D Boost   : hostingType=broadcast, hostingName=com.miui.cit/.receiver.CitBroadcastReceiver, callerPackage=null, isSystem=true, isBoostNeeded=false.
05-30 18:18:17.005  1592  1663 I ActivityManager: Start proc 4889:com.miui.cit/1000 for broadcast com.miui.cit/.receiver.CitBroadcastReceiver caller=null
05-30 18:18:17.021  1592  1592 I Telecom : PhoneAccountRegistrar: SimCallManager queried, returning: null: TSI.gSCMFU@AEw
05-30 18:18:17.060  1592  1592 I Telecom : PhoneAccountRegistrar: SimCallManager queried, returning: null: TSI.gSCMFU@AE4
05-30 18:18:17.123  1592  1663 D Boost   : hostingType=service, hostingName=com.miui.guardprovider/.manager.SecurityService, callerPackage=com.miui.securitycenter, isSystem=true, isBoostNeeded=false.
05-30 18:18:17.124  1592  1663 I ActivityManager: Start proc 4912:com.miui.guardprovider/u0a82 for service com.miui.guardprovider/.manager.SecurityService caller=com.miui.securitycenter
05-30 18:18:17.245  1592  1663 D Boost   : hostingType=broadcast, hostingName=com.android.camera/.PreloadReceiver, callerPackage=null, isSystem=true, isBoostNeeded=false.
05-30 18:18:17.246  1592  1663 I ActivityManager: Start proc 4945:com.android.camera/u0a52 for broadcast com.android.camera/.PreloadReceiver caller=null
05-30 18:18:17.344   966  1132 E storaged: getDiskStats failed with result NOT_SUPPORTED and size 0
05-30 18:18:17.451  1592  3948 I WakePathChecker: MIUILOG-WAKEPATH pushWakePathWhiteList: userId=0 size=4
05-30 18:18:17.452  1592  3948 I WakePathChecker: MIUILOG-WAKEPATH pushWakePathRuleInfos: wakeType=1 userId=0 size=2
05-30 18:18:17.453  1592  3194 I WakePathChecker: MIUILOG-WAKEPATH pushWakePathRuleInfos: wakeType=8 userId=0 size=19
05-30 18:18:17.454  1592  3948 I WakePathChecker: MIUILOG-WAKEPATH pushWakePathRuleInfos: wakeType=4 userId=0 size=5
05-30 18:18:17.455  1592  3194 I WakePathChecker: MIUILOG-WAKEPATH pushWakePathRuleInfos: wakeType=2 userId=0 size=9
05-30 18:18:17.455  1592  1611 I WakePathChecker: MIUILOG-WAKEPATH pushWakePathRuleInfos: wakeType=17 userId=0 size=0
05-30 18:18:17.592  3531  3830 D PowerKeeper.Sensor: setUidState, uid = 10152 allow = false
05-30 18:18:17.627  1592  1663 D Boost   : hostingType=broadcast, hostingName=com.android.managedprovisioning/.preprovisioning.BootReminder, callerPackage=null, isSystem=true, isBoostNeeded=false.
05-30 18:18:17.628  1592  1663 I ActivityManager: Start proc 5026:com.android.managedprovisioning/u0a30 for broadcast com.android.managedprovisioning/.preprovisioning.BootReminder caller=null
05-30 18:18:17.736  3531  3830 D PowerKeeper.Sensor: setUidState, uid = 10156 allow = false
05-30 18:18:17.752  1592  4283 I ActivityManager: Killing 2804:com.android.settings/1000 (adj 906): empty #17
05-30 18:18:17.768  3531  3830 D PowerKeeper.Sensor: setUidState, uid = 10144 allow = false
05-30 18:18:17.771  1592  1663 D Boost   : hostingType=broadcast, hostingName=com.android.mms/.transaction.SmsReceiver, callerPackage=null, isSystem=true, isBoostNeeded=false.
05-30 18:18:17.772  1592  1663 I ActivityManager: Start proc 5047:com.android.mms/u0a18 for broadcast com.android.mms/.transaction.SmsReceiver caller=null
05-30 18:18:17.779  1592  1662 V UidProcStateHelper: process died:[2804,1000]
05-30 18:18:17.815  3531  3830 D PowerKeeper.Sensor: setUidState, uid = 10155 allow = false
05-30 18:18:17.832  3531  3830 D PowerKeeper.Sensor: setUidState, uid = 10157 allow = false
05-30 18:18:17.847  3531  3830 D PowerKeeper.Sensor: setUidState, uid = 10149 allow = false
05-30 18:18:17.847  3531  3830 D PowerKeeper.Sensor: setUidState, uid = 10166 allow = false
05-30 18:18:17.847  3531  3830 D PowerKeeper.Sensor: setUidState, uid = 10165 allow = false
05-30 18:18:17.849  3531  3830 D PowerKeeper.Sensor: setUidState, uid = 10164 allow = false
05-30 18:18:17.852  3531  3830 D PowerKeeper.Sensor: setUidState, uid = 10150 allow = false
05-30 18:18:17.853  3531  3830 D PowerKeeper.Sensor: setUidState, uid = 10160 allow = false
05-30 18:18:17.854  3531  3830 D PowerKeeper.Sensor: setUidState, uid = 10170 allow = false
05-30 18:18:17.854  3531  3830 D PowerKeeper.Sensor: setUidState, uid = 10085 allow = false
05-30 18:18:17.854  3531  3830 D PowerKeeper.Sensor: setUidState, uid = 10154 allow = false
05-30 18:18:17.855  3531  3830 D PowerKeeper.Sensor: setUidState, uid = 10140 allow = false
05-30 18:18:17.856  3531  3830 D PowerKeeper.Sensor: setUidState, uid = 10162 allow = false
05-30 18:18:17.856  3531  3830 D PowerKeeper.Sensor: setUidState, uid = 10167 allow = false
05-30 18:18:17.857  3531  3830 D PowerKeeper.Sensor: setUidState, uid = 10159 allow = false
05-30 18:18:17.857  3531  3830 D PowerKeeper.Sensor: setUidState, uid = 10141 allow = false
05-30 18:18:17.858  3531  3830 D PowerKeeper.Sensor: setUidState, uid = 10143 allow = false
05-30 18:18:17.858  3531  3830 D PowerKeeper.Sensor: setUidState, uid = 10146 allow = false
05-30 18:18:17.858  3531  3830 D PowerKeeper.Sensor: setUidState, uid = 10139 allow = false
05-30 18:18:17.858  3531  3830 D PowerKeeper.Sensor: setUidState, uid = 10169 allow = false
05-30 18:18:17.858  3531  3830 D PowerKeeper.Sensor: setUidState, uid = 10158 allow = false
05-30 18:18:17.859  3531  3830 D PowerKeeper.Sensor: setUidState, uid = 10136 allow = false
05-30 18:18:17.859  3531  3830 D PowerKeeper.Sensor: setUidState, uid = 10172 allow = false
05-30 18:18:18.051  1592  1661 V ActivityManager: Attempted to start a foreground service (ComponentInfo{com.android.mms/com.android.mms.transaction.SmsReceiverService}) with a broken notification (no icon: Notification(channel=Mms_Default pri=0 contentView=null vibrate=null sound=null defaults=0x0 flags=0x40 color=0x00000000 vis=PRIVATE))
05-30 18:18:18.068  1592  3194 I ActivityManager: Killing 3464:com.miui.securitycore.remote/1000 (adj 906): empty #17
05-30 18:18:18.070  1592  1663 D Boost   : hostingType=content provider, hostingName=com.xiaomi.joyose/.sysbase.fakecell.MetokProvider, callerPackage=com.android.mms, isSystem=true, isBoostNeeded=false.
05-30 18:18:18.071  1592  1663 I ActivityManager: Start proc 5082:com.xiaomi.joyose/1000 for content provider com.xiaomi.joyose/.sysbase.fakecell.MetokProvider caller=com.android.mms
05-30 18:18:18.096  1592  1663 D Boost   : hostingType=broadcast, hostingName=com.android.onetimeinitializer/.OneTimeInitializerReceiver, callerPackage=null, isSystem=true, isBoostNeeded=false.
05-30 18:18:18.100  1592  3194 I ActivityManager: Killing 3865:com.android.keychain/1000 (adj 906): empty #17
05-30 18:18:18.101  1592  1663 I ActivityManager: Start proc 5099:com.android.onetimeinitializer/u0a43 for broadcast com.android.onetimeinitializer/.OneTimeInitializerReceiver caller=null
05-30 18:18:18.146  1592  1592 W ContextImpl: Calling a method in the system process without a qualified user: android.app.ContextImpl.bindService:1621 com.miui.server.WMServiceConnection.bind:59 com.miui.server.WMServiceConnection.access$100:16 com.miui.server.WMServiceConnection$1.run:47 android.os.Handler.handleCallback:873 
05-30 18:18:18.147  1592  1662 V UidProcStateHelper: process died:[3464,1000]
05-30 18:18:18.148  1592  1592 D WMServiceConnection: Bind Inspector success!
05-30 18:18:18.155  1592  1592 I NotificationService: Cannot find enqueued record for key: 0|com.android.mms|114|null|10018
05-30 18:18:18.159  1592  1663 D Boost   : hostingType=service, hostingName=com.miui.wmsvc/.WMService, callerPackage=android, isSystem=true, isBoostNeeded=false.
05-30 18:18:18.162  1592  1663 I ActivityManager: Start proc 5116:com.miui.wmsvc/1000 for service com.miui.wmsvc/.WMService caller=android
05-30 18:18:18.183  1592  1662 V UidProcStateHelper: process died:[3865,1000]
05-30 18:18:18.228  1592  1592 D WMServiceConnection: onServiceConnected
05-30 18:18:18.382  1592  4277 D ProcessManager: protectCurrentProcess:true, set com.xiaomi.joyose maxAdj to vis  , maxProcState to + TOP 
05-30 18:18:18.386  1592  1592 V SettingsProvider: Notifying for 0: content://settings/system/next_alarm_formatted
05-30 18:18:18.410  1592  1663 D Boost   : hostingType=broadcast, hostingName=com.android.settings/.MiuiSettingsReceiver, callerPackage=null, isSystem=true, isBoostNeeded=false.
05-30 18:18:18.412  1592  1663 I ActivityManager: Start proc 5172:com.android.settings/1000 for broadcast com.android.settings/.MiuiSettingsReceiver caller=null
05-30 18:18:18.611  3531  3830 D DeviceIdleController: set apps count: mTempWhitelistAppIds: 17, mTempNonWhitelistAppIds: 0
05-30 18:18:18.839  1592  3323 I ActivityManager: Killing 4083:com.xiaomi.smarthome:acp/u0a145 (adj 906): empty #17
05-30 18:18:18.851  1592  1662 V UidProcStateHelper: process died:[4083,10145]
05-30 18:18:18.886  1592  1592 V SettingsProvider: Notifying for 0: content://settings/system/next_alarm_formatted
05-30 18:18:18.903  1592  1611 D ProcessManager: promoteLockedApp:false, set com.android.settings maxAdj to cch+101, maxProcState to + NONE
05-30 18:18:18.918  1592  1663 D Boost   : hostingType=broadcast, hostingName=com.android.traceur/.Receiver, callerPackage=null, isSystem=true, isBoostNeeded=false.
05-30 18:18:18.919  1592  1663 I ActivityManager: Start proc 5238:com.android.traceur/u0a64 for broadcast com.android.traceur/.Receiver caller=null
05-30 18:18:19.046  1592  4273 I ActivityManager: Killing 4110:com.xiaomi.smarthome:core/u0a145 (adj 906): empty #17
05-30 18:18:19.057  1592  1663 D Boost   : hostingType=broadcast, hostingName=com.android.updater/.receiver.BootCompletedReceiver, callerPackage=null, isSystem=true, isBoostNeeded=false.
05-30 18:18:19.058  1592  1663 I ActivityManager: Start proc 5258:com.android.updater/9802 for broadcast com.android.updater/.receiver.BootCompletedReceiver caller=null
05-30 18:18:19.087  1592  1592 D BootEventManager: Begin to report boot event
05-30 18:18:19.113  1592  1611 I AutoStartManagerService: MIUILOG- Reject RestartService packageName :com.xiaomi.smarthome uid : 10145
05-30 18:18:19.114  1592  1662 V UidProcStateHelper: process died:[4110,10145]
05-30 18:18:19.330  1592  1592 W ContextImpl: Calling a method in the system process without a qualified user: android.app.ContextImpl.startService:1541 android.content.ContextWrapper.startService:674 android.content.ContextWrapper.startService:674 com.fingerprints.extension.service.FingerprintExtensionReceiver.onReceive:24 android.app.ActivityThread.handleReceiver:3451 
05-30 18:18:19.344  1592  1663 D Boost   : hostingType=broadcast, hostingName=com.goodix.gftest/.utils.MemoryManagerSettingsReceiver, callerPackage=null, isSystem=true, isBoostNeeded=false.
05-30 18:18:19.345  1592  1663 I ActivityManager: Start proc 5305:com.goodix.gftest/u0a112 for broadcast com.goodix.gftest/.utils.MemoryManagerSettingsReceiver caller=null
05-30 18:18:19.371  1592  1592 V SettingsProvider: Notifying for 0: content://settings/global/miui_pre_version
05-30 18:18:19.372  1592  1592 V SettingsProvider: Notifying for 0: content://settings/global/miui_pre_codebase
05-30 18:18:19.372  1592  1592 V SettingsProvider: Notifying for 0: content://settings/global/miui_pre_big_miui_version
05-30 18:18:19.381  1592  1592 V SettingsProvider: Notifying for 0: content://settings/secure/sysui_qs_tiles
05-30 18:18:19.397  1592  1592 V SettingsProvider: Notifying for 0: content://settings/global/miui_update_ready
05-30 18:18:19.522  1592  4278 I ActivityManager: Killing 4357:com.mobiletools.systemhelper:register/u0a104 (adj 906): empty #17
05-30 18:18:19.534  1592  1663 D Boost   : hostingType=broadcast, hostingName=com.miui.cloudbackup/.receiver.BootCompletedOrLauncherReadyReceiver, callerPackage=null, isSystem=true, isBoostNeeded=false.
05-30 18:18:19.536  1592  1663 I ActivityManager: Start proc 5337:com.miui.cloudbackup/u0a39 for broadcast com.miui.cloudbackup/.receiver.BootCompletedOrLauncherReadyReceiver caller=null
05-30 18:18:19.544  1592  1662 V UidProcStateHelper: process died:[4357,10104]
05-30 18:18:19.866  1592  1663 D Boost   : hostingType=service, hostingName=com.tencent.soter.soterserver/com.xiaomi.android.manager.MtService, callerPackage=com.miui.cloudservice, isSystem=true, isBoostNeeded=false.
05-30 18:18:19.867  1592  1663 I ActivityManager: Start proc 5374:com.tencent.soter.soterserver/1000 for service com.tencent.soter.soterserver/com.xiaomi.android.manager.MtService caller=com.miui.cloudservice
05-30 18:18:19.896  1592  1663 D Boost   : hostingType=broadcast, hostingName=com.miui.core/com.miui.internal.server.Receiver, callerPackage=null, isSystem=true, isBoostNeeded=false.
05-30 18:18:19.898  1592  1663 I ActivityManager: Start proc 5390:com.miui.core/u0a120 for broadcast com.miui.core/com.miui.internal.server.Receiver caller=null
05-30 18:18:19.975  5374  5374 V MTServiceJava: MtService
05-30 18:18:19.975  5374  5374 V MTServiceJava: OnCreate
05-30 18:18:19.975  5374  5374 V MTServiceJava: OnCreate
05-30 18:18:20.114  1592  1663 D Boost   : hostingType=broadcast, hostingName=com.miui.mishare.connectivity/.BootReceiver, callerPackage=null, isSystem=true, isBoostNeeded=false.
05-30 18:18:20.116  1592  1663 I ActivityManager: Start proc 5425:com.miui.mishare.connectivity/u0a37 for broadcast com.miui.mishare.connectivity/.BootReceiver caller=null
05-30 18:18:20.270  1592  1663 D Boost   : hostingType=service, hostingName=com.android.contacts/.cloudbackup.ContactsCloudBackupService, callerPackage=com.miui.cloudbackup, isSystem=true, isBoostNeeded=false.
05-30 18:18:20.274  1592  1663 I ActivityManager: Start proc 5453:com.android.contacts/u0a25 for service com.android.contacts/.cloudbackup.ContactsCloudBackupService caller=com.miui.cloudbackup
05-30 18:18:20.437  1592  4273 I ActivityManager: Killing 3655:com.android.printspooler/u0a86 (adj 906): empty #17
05-30 18:18:20.441  1592  1611 I ActivityManager: Killing 4678:com.miui.touchassistant/1000 (adj 906): empty #17
05-30 18:18:20.454  1592  1663 D Boost   : hostingType=broadcast, hostingName=com.miui.notification/.BootReceiver, callerPackage=null, isSystem=true, isBoostNeeded=false.
05-30 18:18:20.482  1592  1663 I ActivityManager: Start proc 5492:com.miui.notification/1000 for broadcast com.miui.notification/.BootReceiver caller=null
05-30 18:18:20.500  1592  4284 I ActivityManager: Killing 2923:com.android.deskclock/u0a83 (adj 906): empty #17
05-30 18:18:20.526  1592  1662 V UidProcStateHelper: process died:[3655,10086]
05-30 18:18:20.539  1592  1652 W FileUtils: Slow Operation: fsync took 244ms
05-30 18:18:20.541  1592  1662 V UidProcStateHelper: process died:[2923,10083]
05-30 18:18:20.544  1592  1996 W FileUtils: Slow Operation: fsync took 150ms
05-30 18:18:20.557  1592  1663 D Boost   : hostingType=service, hostingName=com.xiaomi.smarthome/.acp.ACPService, callerPackage=com.xiaomi.smarthome, isSystem=false, isBoostNeeded=false.
05-30 18:18:20.558  1592  1663 I ActivityManager: Start proc 5516:com.xiaomi.smarthome:acp/u0a145 for service com.xiaomi.smarthome/.acp.ACPService caller=com.xiaomi.smarthome
05-30 18:18:20.577  1592  1662 V UidProcStateHelper: process died:[4678,1000]
05-30 18:18:20.665  1592  1663 D Boost   : hostingType=service, hostingName=com.android.keychain/.KeyChainService, callerPackage=com.android.systemui, isSystem=true, isBoostNeeded=false.
05-30 18:18:20.667  1592  1663 I ActivityManager: Start proc 5542:com.android.keychain/1000 for service com.android.keychain/.KeyChainService caller=com.android.systemui
05-30 18:18:20.701  1592  1592 V SettingsProvider: Notifying for 0: content://settings/system/dtmf_tone
05-30 18:18:20.702  1592  1592 V SettingsProvider: Notifying for 0: content://settings/system/dial_pad_touch_tone
05-30 18:18:20.709  1592  4276 I ActivityManager: Killing 2962:com.qualcomm.qti.poweroffalarm/1000 (adj 906): empty #17
05-30 18:18:20.732  1592  1662 V UidProcStateHelper: process died:[2962,1000]
05-30 18:18:20.751  1592  1663 D Boost   : hostingType=service, hostingName=com.android.deskclock/.backup.ClockBackupService, callerPackage=com.miui.cloudbackup, isSystem=true, isBoostNeeded=false.
