05-30 18:19:11.170  3351  3402 V eSEPower: acquireing a permitget state!
05-30 18:19:11.170  3351  3402 V eSEPower: acquire permit success
05-30 18:19:11.170  3351  3402 V eSEPower: releases a permit:get state!
05-30 18:19:11.170  3351  3402 V eSEPower: acquireing a permit power on
05-30 18:19:11.170  3351  3402 V eSEPower: acquire permit success
05-30 18:19:11.184  2132  2132 I MiuiChargeController: checkBatteryStatus: chargeType 11 status 2 plugged 2 isRapidCharge false isSuperCharge false isCarMode false mChargeDeviceType -1 mChargeDeviceForAnalytic -1
05-30 18:19:11.184  2132  2132 I MiuiChargeManager: checkBatteryStatus:  mChargeState 11 mChargeSpeed 0 mBatteryLevel 100 mChargeDeviceType -1 mIsCarMode false mWirelessChargeState -1
05-30 18:19:11.184  2132  2132 D KeyguardUpdateMonitor: received broadcast android.intent.action.BATTERY_CHANGED
05-30 18:19:11.185  2132  2132 D KeyguardUpdateMonitor: handleBatteryUpdate
05-30 18:19:11.295   725   725 W health@2.0-serv: type=1400 audit(0.0:1729): avc: denied { read } for name="type" dev="sysfs" ino=42671 scontext=u:r:hal_health_default:s0 tcontext=u:object_r:sysfs:s0 tclass=file permissive=0
05-30 18:19:11.186  3531  4231 I chatty  : uid=1000(system) FeedbackControl expire 85 lines
05-30 18:19:11.187  3336  3336 I chatty  : uid=1027(nfc) com.android.nfc expire 540 lines
05-30 18:19:11.299  5337  5370 I ##XLogger##: com.miui.cloudbackup.manager.session.RestoreSession::updateRunningNotificationH@RestoreSession.java:676, thread:306--notification restore update progress 121/2000 unfinished count 20
05-30 18:19:11.449  2132  2132 D StatusBar: No peeking: unimportant notification: 0|com.miui.cloudbackup|200|null|10039
05-30 18:19:11.449  2132  2132 I StatusBar: 0|com.miui.cloudbackup|200|null|10039 reInflateFlags:-17 wasHeadsUp:false shouldPeek:false alertAgain:true
05-30 18:19:11.474  3351  3402 D SecureElement-Terminal-eSE1: se hal open basic channel success
05-30 18:19:11.474  3351  3402 I SecureElementService: Open basic channel success. Channel: 0
05-30 18:19:11.477  3351  3402 D SecureElement-Terminal-eSE1:  ese Transmit : 0080f24000174f10a00000063201010510009156000014a15c034f9f70
05-30 18:19:11.477  3351  3402 V eSEPower: acquireing a permitget state!
05-30 18:19:11.477  3351  3402 V eSEPower: acquire permit success
05-30 18:19:11.477  3351  3402 V eSEPower: releases a permit:get state!
05-30 18:19:11.590  3351  3402 V eSEPower: acquireing a permit power off
05-30 18:19:11.590  3351  3402 V eSEPower: acquire permit success
05-30 18:19:11.601  3351  3402 D eSEPower: Apdu received after Close channel sent : 9000
05-30 18:19:11.608  3351  3402 V eSEPower: releases a permit: power off
05-30 18:19:11.608  3351  3402 D SecureElement-Terminal-eSE1: power off ese success
05-30 18:19:11.614  6528  7967 I chatty  : uid=1027(nfc) com.miui.tsmclient expire 1 line
05-30 18:19:11.615  3351  3402 D SecureElementService: getReader() SIM1
05-30 18:19:11.615  3351  3382 D SecureElementService: getReader() SIM2
05-30 18:19:11.616  3351  7566 D SecureElementService: getReader() eSE1
05-30 18:19:11.616  3351  7566 V eSEPower: acquireing a permitget state!
05-30 18:19:11.616  3351  7566 V eSEPower: acquire permit success
05-30 18:19:11.616  3351  7566 V eSEPower: releases a permit:get state!
05-30 18:19:11.616  3351  7566 V eSEPower: acquireing a permit power on
05-30 18:19:11.616  3351  7566 V eSEPower: acquire permit success
05-30 18:19:11.815  3351  7566 D eSEPower: get Access to eSE DONE : eSE OPEN, channel number : 1
05-30 18:19:11.815  3351  7566 V eSEPower: releases a permit: power on
05-30 18:19:11.877  3351  7566 D SecureElement-Terminal-eSE1: Enable access control on basic channel for com.miui.tsmclient
05-30 18:19:11.879  3351  7566 V eSEPower: acquireing a permitget state!
05-30 18:19:11.879  3351  7566 V eSEPower: acquire permit success
05-30 18:19:11.879  3351  7566 V eSEPower: releases a permit:get state!
05-30 18:19:11.911  3351  7566 D SecureElement-Terminal-eSE1:  ese Transmit : 0081cadf2000
05-30 18:19:11.911  3351  7566 V eSEPower: acquireing a permitget state!
05-30 18:19:11.911  3351  7566 V eSEPower: acquire permit success
05-30 18:19:11.912  3351  7566 V eSEPower: releases a permit:get state!
05-30 18:19:11.920  3351  7566 D SecureElement-Terminal-eSE1: Sent : 0081cadf2000
05-30 18:19:11.921  3351  7566 D SecureElement-Terminal-eSE1: Received : df200800000000000000009000
05-30 18:19:11.921  3351  7566 I SecureElement-AraController: Refresh tag unchanged. Using access rules from cache.
05-30 18:19:11.941  3351  7566 V eSEPower: acquireing a permit power off
05-30 18:19:11.941  3351  7566 V eSEPower: acquire permit success
05-30 18:19:11.949  3351  7566 D eSEPower: Apdu received after Close channel sent : 9000
05-30 18:19:11.955   737  3747 I chatty  : uid=1027(nfc) HwBinder:737_2 expire 184 lines
05-30 18:19:11.956  3351  7566 V eSEPower: releases a permit: power off
05-30 18:19:11.956  3351  7566 D SecureElement-Terminal-eSE1: power off ese success
05-30 18:19:11.956  3351  7566 I SecureElement-AccessRuleCache: findAccessRule() not found
05-30 18:19:11.957  3351  7566 D SecureElement-AccessControlEnforcer: check permission for system app
05-30 18:19:11.957  3351  7566 D SecureElement-AccessControlEnforcer: check arac
05-30 18:19:11.957  3351  7566 V eSEPower: acquireing a permitget state!
05-30 18:19:11.957  3351  7566 V eSEPower: acquire permit success
05-30 18:19:11.957  3351  7566 V eSEPower: releases a permit:get state!
05-30 18:19:11.957  3351  7566 V eSEPower: acquireing a permit power on
05-30 18:19:11.957  3351  7566 V eSEPower: acquire permit success
05-30 18:19:12.045  7459  7459 I dex2oat : Explicit concurrent copying GC freed 52204(10MB) AllocSpace objects, 0(0B) LOS objects, 89% free, 171KB/1707KB, paused 42us total 83.143ms
05-30 18:19:12.153  3351  7566 D eSEPower: get Access to eSE DONE : eSE OPEN, channel number : 1
05-30 18:19:12.153  3351  7566 V eSEPower: releases a permit: power on
05-30 18:19:12.153  3351  7566 D SecureElement-Terminal-eSE1: se hal open basic channel
05-30 18:19:12.239  3351  7566 D SecureElement-Terminal-eSE1: se hal open basic channel success
05-30 18:19:12.240  3351  7566 I SecureElementService: Open basic channel success. Channel: 0
05-30 18:19:12.243  3351  7566 D SecureElement-Terminal-eSE1:  ese Transmit : 0080f24000174f10a00000000331508698070100000000005c034f9f70
05-30 18:19:12.244  3351  7566 V eSEPower: acquireing a permitget state!
05-30 18:19:12.244  3351  7566 V eSEPower: acquire permit success
05-30 18:19:12.244  3351  7566 V eSEPower: releases a permit:get state!
05-30 18:19:12.272  3351  7566 D SecureElement-Terminal-eSE1: Sent : 0080f24000174f10a00000000331508698070100000000005c034f9f70
05-30 18:19:12.272  3351  7566 D SecureElement-Terminal-eSE1: Received : 6a88
05-30 18:19:12.272  3351  3402 I SecureElement-Channel: Close basic channel - Select without AID ...
05-30 18:19:12.273  3351  3402 D SecureElement-Terminal-eSE1:  ese Transmit : 0000a4040000
05-30 18:19:12.273  3351  3402 V eSEPower: acquireing a permitget state!
05-30 18:19:12.273  3351  3402 V eSEPower: acquire permit success
05-30 18:19:12.273  3351  3402 V eSEPower: releases a permit:get state!
05-30 18:19:12.285  3351  3402 D SecureElement-Terminal-eSE1: Sent : 0000a4040000
05-30 18:19:12.285  3351  3402 D SecureElement-Terminal-eSE1: Received : 9000
05-30 18:19:12.299  2346  2387 I chatty  : uid=10047(com.miui.home) FinalizerDaemon expire 11 lines
05-30 18:19:12.304   744  4392 I chatty  : uid=1000(system) HwBinder:744_2 expire 1261 lines
05-30 18:19:12.307  3351  3402 V eSEPower: acquireing a permit power off
05-30 18:19:12.307  3351  3402 V eSEPower: acquire permit success
05-30 18:19:12.315  3351  3402 D eSEPower: Apdu received after Close channel sent : 9000
05-30 18:19:12.322  5337  5370 I ##XLogger##: com.miui.cloudbackup.manager.session.RestoreSession::updateRunningNotificationH@RestoreSession.java:676, thread:306--notification restore update progress 121/2000 unfinished count 20
05-30 18:19:12.323   737   737 I chatty  : uid=1027(nfc) /vendor/bin/hw/vendor.nxp.hardware.nfc@1.0-service expire 88 lines
05-30 18:19:12.326  3351  3402 V eSEPower: releases a permit: power off
05-30 18:19:12.326  3351  3402 D SecureElement-Terminal-eSE1: power off ese success
05-30 18:19:12.335  6528  7975 I chatty  : uid=1027(nfc) com.miui.tsmclient expire 1 line
05-30 18:19:12.336  3351  7566 D SecureElementService: getReader() SIM1
05-30 18:19:12.337  3351  3402 D SecureElementService: getReader() SIM2
05-30 18:19:12.337  3351  3402 D SecureElementService: getReader() eSE1
05-30 18:19:12.337  3351  3402 V eSEPower: acquireing a permitget state!
05-30 18:19:12.337  3351  3402 V eSEPower: acquire permit success
05-30 18:19:12.337  3351  3402 V eSEPower: releases a permit:get state!
05-30 18:19:12.337  3351  3402 V eSEPower: acquireing a permit power on
05-30 18:19:12.337  3351  3402 V eSEPower: acquire permit success
05-30 18:19:12.369   910  1146 I ThermalEngine: vs_get_temperature: read[0] xo_therm 49000 mC, weight[0] 2
05-30 18:19:12.370   910  1146 I ThermalEngine: vs_get_temperature: read[1] quiet_therm 38000 mC, weight[1] 1
05-30 18:19:12.371   910  1146 I ThermalEngine: vs_get_temperature: read[0] xo_therm 49000 mC, weight[0] 2
05-30 18:19:12.372   910  1146 I ThermalEngine: vs_get_temperature: read[1] quiet_therm 38000 mC, weight[1] 1
05-30 18:19:12.373   910  1146 I ThermalEngine: vs_get_temperature: read[0] xo_therm 49000 mC, weight[0] 2
05-30 18:19:12.374   910  1146 I ThermalEngine: vs_get_temperature: read[1] quiet_therm 38000 mC, weight[1] 1
05-30 18:19:12.376   910  1140 I ThermalEngine: vs_get_temperature: read[0] xo_therm 49000 mC, weight[0] 2
05-30 18:19:12.376   910  1140 I ThermalEngine: vs_get_temperature: read[1] quiet_therm 38000 mC, weight[1] 1
05-30 18:19:12.439  2132  2132 I StatusBar: onNotificationPosted key:0|com.miui.cloudbackup|200|null|10039 isUpdate:true
05-30 18:19:12.439  2132  2132 I StatusBar: handleNotification key:0|com.miui.cloudbackup|200|null|10039 isUpdate:true
05-30 18:19:12.441  2132  2132 D StatusBar: updateNotification(StatusBarNotification(pkg=com.miui.cloudbackup user=UserHandle{0} id=200 tag=null key=0|com.miui.cloudbackup|200|null|10039: Notification(channel=ID_NOTIFICATION_CHANNEL_SERVICE pri=0 contentView=null vibrate=null sound=null defaults=0x0 flags=0x72 color=0x00000000 vis=PRIVATE)))
05-30 18:19:12.443  2132  2132 E MiuiFaceFactory: getCurrentAuthType sCurrentAuthType = 1
05-30 18:19:12.443  2132  2132 E MiuiFaceFactory: getFaceManager sCurrentAuthType = 1
05-30 18:19:12.444  2132  2132 E MiuiFaceFactory: getCurrentAuthType sCurrentAuthType = 1
05-30 18:19:12.444  2132  2132 E MiuiFaceFactory: getFaceManager sCurrentAuthType = 1
05-30 18:19:12.444  2132  2132 E MiuiFaceFactory: getCurrentAuthType sCurrentAuthType = 1
05-30 18:19:12.444  2132  2132 E MiuiFaceFactory: getFaceManager sCurrentAuthType = 1
05-30 18:19:12.448  3587  3587 I chatty  : uid=1000(system) com.miui.securitycenter.remote expire 25 lines
05-30 18:19:12.466  2132  2132 D StatusBar: No peeking: unimportant notification: 0|com.miui.cloudbackup|200|null|10039
05-30 18:19:12.466  2132  2132 I StatusBar: 0|com.miui.cloudbackup|200|null|10039 reInflateFlags:-17 wasHeadsUp:false shouldPeek:false alertAgain:true
05-30 18:19:12.479  5337  5368 D MI_STAT : UploadTimer handleMessage: true
05-30 18:19:12.480  5337  5368 I MI_STAT : UploaderEngine acquire lock for uploader
05-30 18:19:12.480  5337  5368 D MI_STAT : UploadPolicy getExperiencePlanPolicy: true isInternationalVersion= false isAnonymous= false
05-30 18:19:12.480  5337  5368 D MI_STAT : UploadPolicy getHttpServicePolicy: currentNet= 8 Config.getServerNetworkType= 15 Config.getUserNetworkType()= 31 (configNet & currentNet) == currentNet true
05-30 18:19:12.480  5337  5368 D MI_STAT : UploaderEngine createMainAppFilter: 3
05-30 18:19:12.481  5337  5362 I DBExecutor: acquire lock for db
05-30 18:19:12.482  5337  5362 I DBExecutor: release sDBFileLock for db
05-30 18:19:12.482  5337  5368 D MI_STAT : UploaderEnginenull
05-30 18:19:12.482  5337  5362 I DBExecutor: release sLockFileChannel for db
05-30 18:19:12.482  5337  5362 I DBExecutor: acquire lock for db
05-30 18:19:12.483  5337  5362 I DBExecutor: release sDBFileLock for db
05-30 18:19:12.483  5337  5368 D MI_STAT : UploadTimer totalCount=0 deleteData=false
05-30 18:19:12.483  5337  5362 I DBExecutor: release sLockFileChannel for db
05-30 18:19:12.483  5337  5368 I MI_STAT : UploaderEngine releaseLock lock for uploader
05-30 18:19:12.535  3351  3402 D eSEPower: get Access to eSE DONE : eSE OPEN, channel number : 1
05-30 18:19:12.535  3351  3402 V eSEPower: releases a permit: power on
05-30 18:19:12.585  1592  1592 W WindowManager: removeWindowToken: Attempted to remove non-existing token: android.os.Binder@b0d2a3a
05-30 18:19:12.617  3351  3402 D SecureElement-Terminal-eSE1: Enable access control on basic channel for com.miui.tsmclient
05-30 18:19:12.618  3351  3402 V eSEPower: acquireing a permitget state!
05-30 18:19:12.618  3351  3402 V eSEPower: acquire permit success
05-30 18:19:12.618  3351  3402 V eSEPower: releases a permit:get state!
05-30 18:19:12.658  3351  3402 D SecureElement-Terminal-eSE1:  ese Transmit : 0081cadf2000
05-30 18:19:12.658  3351  3402 V eSEPower: acquireing a permitget state!
05-30 18:19:12.658  3351  3402 V eSEPower: acquire permit success
05-30 18:19:12.658  3351  3402 V eSEPower: releases a permit:get state!
05-30 18:19:12.673  3351  3402 D SecureElement-Terminal-eSE1: Sent : 0081cadf2000
05-30 18:19:12.674  3351  3402 D SecureElement-Terminal-eSE1: Received : df200800000000000000009000
05-30 18:19:12.674  3351  3402 I SecureElement-AraController: Refresh tag unchanged. Using access rules from cache.
05-30 18:19:12.703  3351  3402 V eSEPower: acquireing a permit power off
05-30 18:19:12.703  3351  3402 V eSEPower: acquire permit success
05-30 18:19:12.711  3351  3402 D eSEPower: Apdu received after Close channel sent : 9000
05-30 18:19:12.719  3351  3402 V eSEPower: releases a permit: power off
05-30 18:19:12.719  3351  3402 D SecureElement-Terminal-eSE1: power off ese success
05-30 18:19:12.719  3351  3402 I SecureElement-AccessRuleCache: findAccessRule() not found
05-30 18:19:12.720  3351  3402 D SecureElement-AccessControlEnforcer: check permission for system app
05-30 18:19:12.720  3351  3402 D SecureElement-AccessControlEnforcer: check arac
05-30 18:19:12.720  3351  3402 V eSEPower: acquireing a permitget state!
05-30 18:19:12.720  3351  3402 V eSEPower: acquire permit success
05-30 18:19:12.720  3351  3402 V eSEPower: releases a permit:get state!
05-30 18:19:12.720  3351  3402 V eSEPower: acquireing a permit power on
05-30 18:19:12.720  3351  3402 V eSEPower: acquire permit success
05-30 18:19:12.782  1592  1592 W WindowManager: removeWindowToken: Attempted to remove non-existing token: android.os.Binder@506f7bf
05-30 18:19:12.916  3351  3402 D eSEPower: get Access to eSE DONE : eSE OPEN, channel number : 1
05-30 18:19:12.916  3351  3402 V eSEPower: releases a permit: power on
05-30 18:19:12.916  3351  3402 D SecureElement-Terminal-eSE1: se hal open basic channel
05-30 18:19:12.994  1592  1592 W WindowManager: removeWindowToken: Attempted to remove non-existing token: android.os.Binder@2129d90
05-30 18:19:13.005  3351  3402 D SecureElement-Terminal-eSE1: se hal open basic channel success
05-30 18:19:13.005  3351  3402 I SecureElementService: Open basic channel success. Channel: 0
05-30 18:19:13.008  3351  3402 D SecureElement-Terminal-eSE1:  ese Transmit : 0080f24000174f10a00000063201010530003001000830105c034f9f70
05-30 18:19:13.008  3351  3402 V eSEPower: acquireing a permitget state!
05-30 18:19:13.008  3351  3402 V eSEPower: acquire permit success
05-30 18:19:13.008  3351  3402 V eSEPower: releases a permit:get state!
05-30 18:19:13.044  3351  3402 D SecureElement-Terminal-eSE1: Sent : 0080f24000174f10a00000063201010530003001000830105c034f9f70
05-30 18:19:13.044  3351  3402 D SecureElement-Terminal-eSE1: Received : 6a88
05-30 18:19:13.044  3351  7566 I SecureElement-Channel: Close basic channel - Select without AID ...
05-30 18:19:13.044  3351  7566 D SecureElement-Terminal-eSE1:  ese Transmit : 0000a4040000
05-30 18:19:13.044  3351  7566 V eSEPower: acquireing a permitget state!
05-30 18:19:13.044  3351  7566 V eSEPower: acquire permit success
05-30 18:19:13.044  3351  7566 V eSEPower: releases a permit:get state!
05-30 18:19:13.071  3351  7566 D SecureElement-Terminal-eSE1: Sent : 0000a4040000
05-30 18:19:13.071  3351  7566 D SecureElement-Terminal-eSE1: Received : 9000
05-30 18:19:13.086  1592  1663 D Boost   : hostingType=service, hostingName=com.qualcomm.qti.smcinvokepkgmgr/.SmcInvokeService, callerPackage=com.qualcomm.qti.smcinvokepkgmgr, isSystem=true, isBoostNeeded=false.
05-30 18:19:13.088  1592  1663 I ActivityManager: Start proc 7976:com.qualcomm.qti.smcinvokepkgmgr/1000 for service com.qualcomm.qti.smcinvokepkgmgr/.SmcInvokeService caller=com.qualcomm.qti.smcinvokepkgmgr
05-30 18:19:13.098  3351  7566 V eSEPower: acquireing a permit power off
05-30 18:19:13.098  3351  7566 V eSEPower: acquire permit success
05-30 18:19:13.115  3351  7566 D eSEPower: Apdu received after Close channel sent : 9000
05-30 18:19:13.126  3351  7566 V eSEPower: releases a permit: power off
05-30 18:19:13.126  3351  7566 D SecureElement-Terminal-eSE1: power off ese success
05-30 18:19:13.135  6528  7993 I chatty  : uid=1027(nfc) com.miui.tsmclient expire 1 line
05-30 18:19:13.137  3351  7566 D SecureElementService: getReader() SIM1
05-30 18:19:13.138  3351  7566 D SecureElementService: getReader() SIM2
05-30 18:19:13.138  3351  7566 D SecureElementService: getReader() eSE1
05-30 18:19:13.139  3351  7566 V eSEPower: acquireing a permitget state!
05-30 18:19:13.139  3351  7566 V eSEPower: acquire permit success
05-30 18:19:13.139  3351  7566 V eSEPower: releases a permit:get state!
05-30 18:19:13.139  3351  7566 V eSEPower: acquireing a permit power on
05-30 18:19:13.139  3351  7566 V eSEPower: acquire permit success
05-30 18:19:13.197  1592  1592 W WindowManager: removeWindowToken: Attempted to remove non-existing token: android.os.Binder@57d4fd
05-30 18:19:13.222  7976  7976 I smcinvokepkgmg: The ClassLoaderContext is a special shared library.
05-30 18:19:13.246  7976  7976 I Perf    : Connecting to perf service.
05-30 18:19:13.276  7976  7976 V SmcInvokeService: onStartCommand
05-30 18:19:13.281  7976  7996 V SmcInvokeService: Started Local Server
05-30 18:19:13.300  5337  5370 I ##XLogger##: com.miui.cloudbackup.manager.session.RestoreSession::updateRunningNotificationH@RestoreSession.java:676, thread:306--notification restore update progress 122/2000 unfinished count 20
05-30 18:19:13.337  3351  7566 D eSEPower: get Access to eSE DONE : eSE OPEN, channel number : 1
05-30 18:19:13.337  3351  7566 V eSEPower: releases a permit: power on
05-30 18:19:13.379   910  1140 I ThermalEngine: vs_get_temperature: read[0] xo_therm 49000 mC, weight[0] 2
05-30 18:19:13.386   910  1140 I ThermalEngine: vs_get_temperature: read[1] quiet_therm 38000 mC, weight[1] 1
05-30 18:19:13.413  2132  2132 I StatusBar: onNotificationPosted key:0|com.miui.cloudbackup|200|null|10039 isUpdate:true
05-30 18:19:13.414  2132  2132 I StatusBar: handleNotification key:0|com.miui.cloudbackup|200|null|10039 isUpdate:true
05-30 18:19:13.417  2132  2132 D StatusBar: updateNotification(StatusBarNotification(pkg=com.miui.cloudbackup user=UserHandle{0} id=200 tag=null key=0|com.miui.cloudbackup|200|null|10039: Notification(channel=ID_NOTIFICATION_CHANNEL_SERVICE pri=0 contentView=null vibrate=null sound=null defaults=0x0 flags=0x72 color=0x00000000 vis=PRIVATE)))
05-30 18:19:13.419  2132  2132 E MiuiFaceFactory: getCurrentAuthType sCurrentAuthType = 1
05-30 18:19:13.419  2132  2132 E MiuiFaceFactory: getFaceManager sCurrentAuthType = 1
05-30 18:19:13.419  2132  2132 E MiuiFaceFactory: getCurrentAuthType sCurrentAuthType = 1
05-30 18:19:13.419  2132  2132 E MiuiFaceFactory: getFaceManager sCurrentAuthType = 1
05-30 18:19:13.419  2132  2132 E MiuiFaceFactory: getCurrentAuthType sCurrentAuthType = 1
05-30 18:19:13.419  2132  2132 E MiuiFaceFactory: getFaceManager sCurrentAuthType = 1
05-30 18:19:13.422  3351  7566 D SecureElement-Terminal-eSE1: Enable access control on basic channel for com.miui.tsmclient
05-30 18:19:13.423  3351  7566 V eSEPower: acquireing a permitget state!
05-30 18:19:13.423  3351  7566 V eSEPower: acquire permit success
05-30 18:19:13.423  3351  7566 V eSEPower: releases a permit:get state!
05-30 18:19:13.453  2132  2132 D StatusBar: No peeking: unimportant notification: 0|com.miui.cloudbackup|200|null|10039
05-30 18:19:13.453  2132  2132 I StatusBar: 0|com.miui.cloudbackup|200|null|10039 reInflateFlags:-17 wasHeadsUp:false shouldPeek:false alertAgain:true
05-30 18:19:13.461  3351  7566 D SecureElement-Terminal-eSE1:  ese Transmit : 0081cadf2000
05-30 18:19:13.461  3351  7566 V eSEPower: acquireing a permitget state!
05-30 18:19:13.461  3351  7566 V eSEPower: acquire permit success
05-30 18:19:13.461  3351  7566 V eSEPower: releases a permit:get state!
05-30 18:19:13.467  6178  6178 I Timeline: Timeline: Activity_launch_request time:127845
05-30 18:19:13.468  1592  4271 I ActivityManager: START u0 {act=android.intent.action.MAIN cmp=com.android.settings/.SubSettings (has extras)} from uid 1000
05-30 18:19:13.487  3351  7566 D SecureElement-Terminal-eSE1: Sent : 0081cadf2000
05-30 18:19:13.487  3351  7566 D SecureElement-Terminal-eSE1: Received : df200800000000000000009000
05-30 18:19:13.487  3351  7566 I SecureElement-AraController: Refresh tag unchanged. Using access rules from cache.
05-30 18:19:13.503  1592  2400 I ActivityManager: Killing 6920:com.android.deskclock/u0a83 (adj 906): empty #17
05-30 18:19:13.509  1592  2400 I Timeline: Timeline: App_transition_ready time:127886
05-30 18:19:13.510  3351  7566 V eSEPower: acquireing a permit power off
05-30 18:19:13.510  3351  7566 V eSEPower: acquire permit success
05-30 18:19:13.511  6178  6178 W ActivityThread: handleWindowVisibility: no activity for token android.os.BinderProxy@b912808
05-30 18:19:13.518  6178  6178 D IconCustomizer: Content Ratio = 0.9285714
05-30 18:19:13.521  2132  2570 D NetworkController.MobileSignalController(1): 4G level = 5
05-30 18:19:13.525  1592  1968 I Timeline: Timeline: App_transition_ready time:127903
05-30 18:19:13.529  3351  7566 D eSEPower: Apdu received after Close channel sent : 9000
05-30 18:19:13.533  1592  1662 V UidProcStateHelper: process died:[6920,10083]
05-30 18:19:13.535  6178  6178 D IconCustomizer: Content Ratio = 0.9285714
05-30 18:19:13.539   647   647 I Zygote  : Process 6920 exited due to signal (9)
05-30 18:19:13.544  6178  6207 D ViewContentFactory: initViewContentFetcherClass
05-30 18:19:13.544  6178  6207 I ContentCatcher: ViewContentFetcher : ViewContentFetcher
05-30 18:19:13.544  6178  6207 D ViewContentFactory: createInterceptor took 0ms
05-30 18:19:13.546  3351  7566 V eSEPower: releases a permit: power off
05-30 18:19:13.546  3351  7566 D SecureElement-Terminal-eSE1: power off ese success
05-30 18:19:13.547  3351  7566 I SecureElement-AccessRuleCache: findAccessRule() not found
05-30 18:19:13.548  6178  6178 D SettingsActivity: Starting onCreate
05-30 18:19:13.551  3351  7566 D SecureElement-AccessControlEnforcer: check permission for system app
05-30 18:19:13.551  3351  7566 D SecureElement-AccessControlEnforcer: check arac
05-30 18:19:13.551  3351  7566 V eSEPower: acquireing a permitget state!
05-30 18:19:13.551  3351  7566 V eSEPower: acquire permit success
05-30 18:19:13.551  3351  7566 V eSEPower: releases a permit:get state!
05-30 18:19:13.551  3351  7566 V eSEPower: acquireing a permit power on
05-30 18:19:13.551  3351  7566 V eSEPower: acquire permit success
05-30 18:19:13.553  6178  6178 D TypefaceUtils: getProperWeight, fontNames = [mipro-medium], style = 0, idx = 5, weight = 500
05-30 18:19:13.562  6178  6178 D SettingsActivity: Starting to set activity title
05-30 18:19:13.562  6178  6178 D SettingsActivity: Done setting title
05-30 18:19:13.562  6178  6178 I SettingsActivity: settings_start_fragment: com.android.settings.development.DevelopmentSettingsDashboardFragment
05-30 18:19:13.562  6178  6178 D SubSettings: Launching fragment com.android.settings.development.DevelopmentSettingsDashboardFragment
05-30 18:19:13.587  6178  6246 E ActivityThread: Failed to find provider info for com.qti.smq.Feedback.provider
05-30 18:19:13.606  1592  3297 E UserRestrictionsUtils: Unknown restriction: null
05-30 18:19:13.608  1592  2402 E UserRestrictionsUtils: Unknown restriction: null
05-30 18:19:13.610  1592  3297 E UserRestrictionsUtils: Unknown restriction: null
05-30 18:19:13.628  6178  6178 D SettingsActivity: Executed frag manager pendingTransactions
05-30 18:19:13.631  6178  6178 D TypefaceUtils: getProperWeight, fontNames = [mipro], style = 1, idx = 4, weight = 500
05-30 18:19:13.644  6178  6178 E RecommendFilter: getListByPageIndex not found:-1
05-30 18:19:13.647  6178  6178 W Miui_Preference: The preference type does not support setVisibility, type: com.android.settings.display.DensityPreference
05-30 18:19:13.648  6178  6178 W Miui_Preference: The preference type does not support setVisibility, type: com.android.settings.MiuiListPreference
05-30 18:19:13.651  6178  6178 W Miui_Preference: The preference type does not support setVisibility, type: com.android.settings.MiuiListPreference
05-30 18:19:13.652  6178  6234 D SharedPreferencesLogger: Tried to log string preference development.DevelopmentSettingsDashboardFragment/bluetooth_select_a2dp_ldac_playback_quality = 1003
05-30 18:19:13.652  6178  6178 W Miui_Preference: The preference type does not support setVisibility, type: com.android.settings.MiuiListPreference
05-30 18:19:13.654  6178  6178 W Miui_Preference: The preference type does not support setVisibility, type: com.android.settings.MiuiListPreference
05-30 18:19:13.655  6178  6231 D SharedPreferencesLogger: Tried to log string preference development.DevelopmentSettingsDashboardFragment/bluetooth_select_a2dp_channel_mode = 0
05-30 18:19:13.655  6178  6178 W Miui_Preference: The preference type does not support setVisibility, type: com.android.settings.MiuiListPreference
05-30 18:19:13.656  6178  6204 D SharedPreferencesLogger: Tried to log string preference development.DevelopmentSettingsDashboardFragment/bluetooth_select_a2dp_bits_per_sample = 0
05-30 18:19:13.656  6178  6178 W Miui_Preference: The preference type does not support setVisibility, type: com.android.settings.MiuiListPreference
05-30 18:19:13.656  6178  6178 W Miui_Preference: The preference type does not support setVisibility, type: com.android.settings.MiuiListPreference
05-30 18:19:13.657  6178  6234 D SharedPreferencesLogger: Tried to log string preference development.DevelopmentSettingsDashboardFragment/bluetooth_select_a2dp_sample_rate = 0
05-30 18:19:13.657  6178  6246 D SharedPreferencesLogger: Tried to log string preference development.DevelopmentSettingsDashboardFragment/bluetooth_select_a2dp_lhdc_playback_quality = 32768
05-30 18:19:13.657  6178  6178 W Miui_Preference: The preference type does not support setVisibility, type: com.android.settings.MiuiListPreference
05-30 18:19:13.657  6178  6178 W Miui_Preference: The preference type does not support setVisibility, type: com.android.settings.MiuiListPreference
05-30 18:19:13.658  6178  6234 D SharedPreferencesLogger: Tried to log string preference development.DevelopmentSettingsDashboardFragment/bluetooth_select_a2dp_codec_lhdc_latency = 49152
05-30 18:19:13.658  6178  6178 W Miui_Preference: The preference type does not support setVisibility, type: miui.preference.ValuePreference
05-30 18:19:13.658  6178  6178 W Miui_Preference: The preference type does not support setVisibility, type: com.android.settings.MiuiListPreference
05-30 18:19:13.660  6178  6178 W Miui_Preference: The preference type does not support setVisibility, type: com.android.settings.MiuiListPreference
05-30 18:19:13.661  6178  6204 D SharedPreferencesLogger: Tried to log string preference development.DevelopmentSettingsDashboardFragment/bluetooth_select_a2dp_codec = 1000000
05-30 18:19:13.668  6178  6246 D SharedPreferencesLogger: Tried to log string preference development.DevelopmentSettingsDashboardFragment/bluetooth_max_connected_audio_devices = 
05-30 18:19:13.674  6178  6312 I DeviceIndex: Skipping: device index is not enabled
05-30 18:19:13.679  6178  6234 D SharedPreferencesLogger: Tried to log string preference development.DevelopmentSettingsDashboardFragment/window_animation_scale = 1
05-30 18:19:13.701  6178  6246 D SharedPreferencesLogger: Tried to log string preference development.DevelopmentSettingsDashboardFragment/select_logpersist = 
05-30 18:19:13.702  6178  6234 D SharedPreferencesLogger: Tried to log string preference development.DevelopmentSettingsDashboardFragment/select_logd_size = 262144
05-30 18:19:13.704  1592  1592 V SettingsProvider: Notifying for 0: content://settings/global/debug_app
05-30 18:19:13.704  1592  1592 V SettingsProvider: Notifying for 0: content://settings/global/wait_for_debugger
05-30 18:19:13.704  6178  6231 D SettingsActivity: No enabled state changed, skipping updateCategory call
05-30 18:19:13.712  6178  6246 D SharedPreferencesLogger: Tried to log string preference development.DevelopmentSettingsDashboardFragment/display_cutout_emulation = 
05-30 18:19:13.713  6178  6234 D SharedPreferencesLogger: Tried to log string preference development.DevelopmentSettingsDashboardFragment/show_non_rect_clip = hide
05-30 18:19:13.717  6178  6204 D SharedPreferencesLogger: Tried to log string preference development.DevelopmentSettingsDashboardFragment/transition_animation_scale = 1
05-30 18:19:13.720  6178  6246 D SharedPreferencesLogger: Tried to log string preference development.DevelopmentSettingsDashboardFragment/debug_hw_overdraw = false
05-30 18:19:13.722  6178  6234 D SharedPreferencesLogger: Tried to log string preference development.DevelopmentSettingsDashboardFragment/app_process_limit = -1
05-30 18:19:13.723  6178  6234 D SharedPreferencesLogger: Tried to log string preference development.DevelopmentSettingsDashboardFragment/animator_duration_scale = 1
05-30 18:19:13.736  6178  6246 D SharedPreferencesLogger: Tried to log string preference development.DevelopmentSettingsDashboardFragment/bluetooth_select_avrcp_version = avrcp14
05-30 18:19:13.737  6178  6204 D SharedPreferencesLogger: Tried to log string preference development.DevelopmentSettingsDashboardFragment/overlay_display_devices = 
05-30 18:19:13.739  6178  6246 D SharedPreferencesLogger: Tried to log string preference development.DevelopmentSettingsDashboardFragment/track_frame_time = false
05-30 18:19:13.739  5082  5098 D vndksupport: Loading libutils.so from current namespace instead of sphal namespace.
05-30 18:19:13.740  6178  6234 D SharedPreferencesLogger: Tried to log string preference development.DevelopmentSettingsDashboardFragment/select_logd_system_level = Info
05-30 18:19:13.741  2335  7835 D vndksupport: Loading libutils.so from current namespace instead of sphal namespace.
05-30 18:19:13.746  2259  4885 D vndksupport: Loading libutils.so from current namespace instead of sphal namespace.
05-30 18:19:13.747  6178  6204 D SharedPreferencesLogger: Tried to log string preference development.DevelopmentSettingsDashboardFragment/simulate_color_space = -1
05-30 18:19:13.749  3351  7566 D eSEPower: get Access to eSE DONE : eSE OPEN, channel number : 1
05-30 18:19:13.749  3351  7566 V eSEPower: releases a permit: power on
05-30 18:19:13.749  3351  7566 D SecureElement-Terminal-eSE1: se hal open basic channel
05-30 18:19:13.755  3313  3342 D vndksupport: Loading libutils.so from current namespace instead of sphal namespace.
05-30 18:19:13.755  1592  1992 V UiModeManager: switch night mode to 1
05-30 18:19:13.756  3290  3324 D vndksupport: Loading libutils.so from current namespace instead of sphal namespace.
05-30 18:19:13.759  3405  7471 D vndksupport: Loading libutils.so from current namespace instead of sphal namespace.
05-30 18:19:13.761   779  1300 D SurfaceFlinger: duplicate layer name: changing com.android.settings/com.android.settings.SubSettings to com.android.settings/com.android.settings.SubSettings#1
05-30 18:19:13.779  3428  3488 D vndksupport: Loading libutils.so from current namespace instead of sphal namespace.
05-30 18:19:13.838  3351  3402 D vndksupport: Loading libutils.so from current namespace instead of sphal namespace.
05-30 18:19:13.839  3351  7566 D SecureElement-Terminal-eSE1: se hal open basic channel success
05-30 18:19:13.839  3351  7566 I SecureElementService: Open basic channel success. Channel: 0
05-30 18:19:13.841  3270  3307 D vndksupport: Loading libutils.so from current namespace instead of sphal namespace.
05-30 18:19:13.843  3351  7566 D SecureElement-Terminal-eSE1:  ese Transmit : 0080f24000174f10a00000063201010530003001014331805c034f9f70
05-30 18:19:13.843  3351  7566 V eSEPower: acquireing a permitget state!
05-30 18:19:13.843  3351  7566 V eSEPower: acquire permit success
05-30 18:19:13.843  3351  7566 V eSEPower: releases a permit:get state!
05-30 18:19:13.845  3036  3078 D vndksupport: Loading libutils.so from current namespace instead of sphal namespace.
05-30 18:19:13.868  3351  7566 D SecureElement-Terminal-eSE1: Sent : 0080f24000174f10a00000063201010530003001014331805c034f9f70
05-30 18:19:13.868  3351  7566 D SecureElement-Terminal-eSE1: Received : 6a88
05-30 18:19:13.869  3351  7566 I SecureElement-Channel: Close basic channel - Select without AID ...
05-30 18:19:13.869  3351  7566 D SecureElement-Terminal-eSE1:  ese Transmit : 0000a4040000
05-30 18:19:13.869  3351  7566 V eSEPower: acquireing a permitget state!
05-30 18:19:13.869  3351  7566 V eSEPower: acquire permit success
05-30 18:19:13.869  3351  7566 V eSEPower: releases a permit:get state!
05-30 18:19:13.871  6178  6178 D BluetoothA2dp: Proxy object connected
05-30 18:19:13.871  6178  6178 D BluetoothA2dp: getCodecStatus(null)
05-30 18:19:13.878  2107  2720 D A2dpService: getCodecStatus(null)
05-30 18:19:13.878  6178  6178 D BluetoothA2dp: getCodecStatus(null)
05-30 18:19:13.879  2107  2720 D A2dpService: getCodecStatus(null)
05-30 18:19:13.879  6178  6178 D BluetoothA2dp: getCodecStatus(null)
05-30 18:19:13.880  2107  2720 D A2dpService: getCodecStatus(null)
05-30 18:19:13.880  6178  6178 D BluetoothA2dp: getCodecStatus(null)
05-30 18:19:13.882  2107  2720 D A2dpService: getCodecStatus(null)
05-30 18:19:13.882  6178  6178 D BluetoothA2dp: getCodecStatus(null)
05-30 18:19:13.883  3351  7566 D SecureElement-Terminal-eSE1: Sent : 0000a4040000
05-30 18:19:13.883  3351  7566 D SecureElement-Terminal-eSE1: Received : 9000
05-30 18:19:13.885  2107  2720 D A2dpService: getCodecStatus(null)
05-30 18:19:13.885  6178  6178 D BluetoothA2dp: getCodecStatus(null)
05-30 18:19:13.885  2107  2720 D A2dpService: getCodecStatus(null)
05-30 18:19:13.886  6178  6178 D BluetoothA2dp: getCodecStatus(null)
05-30 18:19:13.886  2107  2720 D A2dpService: getCodecStatus(null)
05-30 18:19:13.886  6178  6178 D BluetoothA2dp: getCodecStatus(null)
05-30 18:19:13.887  2107  2720 D A2dpService: getCodecStatus(null)
05-30 18:19:13.908  3351  7566 V eSEPower: acquireing a permit power off
05-30 18:19:13.908  3351  7566 V eSEPower: acquire permit success
05-30 18:19:13.915  3351  7566 D eSEPower: Apdu received after Close channel sent : 9000
05-30 18:19:13.917   779   779 I ConfigStore: android::hardware::configstore::V1_0::ISurfaceFlingerConfigs::hasHDRDisplay retrieved: 0
05-30 18:19:13.918   779   779 I ConfigStore: android::hardware::configstore::V1_0::ISurfaceFlingerConfigs::hasHDRDisplay retrieved: 0
05-30 18:19:13.921  3351  7566 V eSEPower: releases a permit: power off
05-30 18:19:13.921  3351  7566 D SecureElement-Terminal-eSE1: power off ese success
05-30 18:19:13.926  6528  8009 I chatty  : uid=1027(nfc) com.miui.tsmclient expire 1 line
05-30 18:19:13.926  3351  7566 D SecureElementService: getReader() SIM1
05-30 18:19:13.927  3351  3402 D SecureElementService: getReader() SIM2
05-30 18:19:13.927  3351  3402 D SecureElementService: getReader() eSE1
05-30 18:19:13.927  3351  3402 V eSEPower: acquireing a permitget state!
05-30 18:19:13.927  3351  3402 V eSEPower: acquire permit success
05-30 18:19:13.927  3351  3402 V eSEPower: releases a permit:get state!
05-30 18:19:13.927  3351  3402 V eSEPower: acquireing a permit power on
05-30 18:19:13.928  3351  3402 V eSEPower: acquire permit success
05-30 18:19:13.934   779   779 I ConfigStore: android::hardware::configstore::V1_0::ISurfaceFlingerConfigs::hasHDRDisplay retrieved: 0
05-30 18:19:14.016  1592  1701 I Timeline: Timeline: Activity_windows_visible id: ActivityRecord{f096a3e u0 com.android.settings/.SubSettings t12} time:128394
05-30 18:19:14.018  1592  1968 I Timeline: Timeline: App_transition_stopped time:128396
05-30 18:19:14.017   779   779 I chatty  : uid=1000(system) /system/bin/surfaceflinger identical 137 lines
05-30 18:19:14.019  2132  2132 D EventBus: [2132, u0] send(AppTransitionFinishedEvent)
05-30 18:19:14.019  2132  2132 D EventBus: [2132, u0]  -> ForcedResizableInfoActivityController [0x42fbb6, P1] onBusEvent(AppTransitionFinishedEvent)
05-30 18:19:14.019  2132  2132 D EventBus: [2132, u0] onBusEvent(AppTransitionFinishedEvent) duration: 17 microseconds, avg: 1717
05-30 18:19:14.019  2132  2132 D EventBus: [2132, u0] send(AppTransitionFinishedEvent)
05-30 18:19:14.019  2132  2132 D EventBus: [2132, u0]  -> ForcedResizableInfoActivityController [0x42fbb6, P1] onBusEvent(AppTransitionFinishedEvent)
05-30 18:19:14.019  2132  2132 D EventBus: [2132, u0] onBusEvent(AppTransitionFinishedEvent) duration: 7 microseconds, avg: 1687
05-30 18:19:14.023  1592  1661 I ActivityManager: Killing 4568:com.miui.personalassistant/u0a41 (adj 906): empty #17
05-30 18:19:14.038   648   648 I Zygote  : Process 4568 exited due to signal (9)
05-30 18:19:14.038  1592  1662 V UidProcStateHelper: process died:[4568,10041]
05-30 18:19:14.045   777  3116 D vndksupport: Loading libutils.so from current namespace instead of sphal namespace.
05-30 18:19:14.048   925  1966 D vndksupport: Loading libutils.so from current namespace instead of sphal namespace.
05-30 18:19:14.060  4780  4847 D vndksupport: Loading libutils.so from current namespace instead of sphal namespace.
05-30 18:19:14.060  7283  7311 D vndksupport: Loading libutils.so from current namespace instead of sphal namespace.
05-30 18:19:14.060  6338  6462 D vndksupport: Loading libutils.so from current namespace instead of sphal namespace.
05-30 18:19:14.061  2270  2318 D vndksupport: Loading libutils.so from current namespace instead of sphal namespace.
05-30 18:19:14.061  7048  7745 D vndksupport: Loading libutils.so from current namespace instead of sphal namespace.
05-30 18:19:14.061  7625  7663 D vndksupport: Loading libutils.so from current namespace instead of sphal namespace.
05-30 18:19:14.061  2309  2357 D vndksupport: Loading libutils.so from current namespace instead of sphal namespace.
05-30 18:19:14.061  5780  5798 D vndksupport: Loading libutils.so from current namespace instead of sphal namespace.
05-30 18:19:14.062  7976  7994 D vndksupport: Loading libutils.so from current namespace instead of sphal namespace.
05-30 18:19:14.062  6528  6608 I chatty  : uid=1027(nfc) com.miui.tsmclient expire 1 line
05-30 18:19:14.062  6555  6593 D vndksupport: Loading libutils.so from current namespace instead of sphal namespace.
05-30 18:19:14.062  3372  3415 D vndksupport: Loading libutils.so from current namespace instead of sphal namespace.
05-30 18:19:14.062  4022  4118 D vndksupport: Loading libutils.so from current namespace instead of sphal namespace.
05-30 18:19:14.062  6499  6786 D vndksupport: Loading libutils.so from current namespace instead of sphal namespace.
05-30 18:19:14.062  7082  7108 D vndksupport: Loading libutils.so from current namespace instead of sphal namespace.
05-30 18:19:14.063  7578  7595 D vndksupport: Loading libutils.so from current namespace instead of sphal namespace.
05-30 18:19:14.064  5337  5364 D vndksupport: Loading libutils.so from current namespace instead of sphal namespace.
05-30 18:19:14.064  7931  7947 D vndksupport: Loading libutils.so from current namespace instead of sphal namespace.
05-30 18:19:14.064  3384  3726 D vndksupport: Loading libutils.so from current namespace instead of sphal namespace.
05-30 18:19:14.064  4753  4771 D vndksupport: Loading libutils.so from current namespace instead of sphal namespace.
05-30 18:19:14.065  3624  3669 D vndksupport: Loading libutils.so from current namespace instead of sphal namespace.
05-30 18:19:14.065  2470  3310 D vndksupport: Loading libutils.so from current namespace instead of sphal namespace.
05-30 18:19:14.065  7681  7734 D vndksupport: Loading libutils.so from current namespace instead of sphal namespace.
05-30 18:19:14.065  6178  7766 D vndksupport: Loading libutils.so from current namespace instead of sphal namespace.
05-30 18:19:14.066  7248  7263 D vndksupport: Loading libutils.so from current namespace instead of sphal namespace.
05-30 18:19:14.066  7545  7564 D vndksupport: Loading libutils.so from current namespace instead of sphal namespace.
05-30 18:19:14.066  3925  3956 D vndksupport: Loading libutils.so from current namespace instead of sphal namespace.
05-30 18:19:14.066  7483  7500 D vndksupport: Loading libutils.so from current namespace instead of sphal namespace.
05-30 18:19:14.067  6710  6740 D vndksupport: Loading libutils.so from current namespace instead of sphal namespace.
05-30 18:19:14.067  5116  5136 D vndksupport: Loading libutils.so from current namespace instead of sphal namespace.
05-30 18:19:14.067  2132  2505 D vndksupport: Loading libutils.so from current namespace instead of sphal namespace.
05-30 18:19:14.068  5659  5681 D vndksupport: Loading libutils.so from current namespace instead of sphal namespace.
05-30 18:19:14.068  4006  4075 D vndksupport: Loading libutils.so from current namespace instead of sphal namespace.
05-30 18:19:14.068  6241  6265 D vndksupport: Loading libutils.so from current namespace instead of sphal namespace.
05-30 18:19:14.069  7645  7665 D vndksupport: Loading libutils.so from current namespace instead of sphal namespace.
05-30 18:19:14.069  3571  3641 D vndksupport: Loading libutils.so from current namespace instead of sphal namespace.
05-30 18:19:14.069  3423  4802 D vndksupport: Loading libutils.so from current namespace instead of sphal namespace.
05-30 18:19:14.069  6355  6386 D vndksupport: Loading libutils.so from current namespace instead of sphal namespace.
05-30 18:19:14.070  2979  7553 D vndksupport: Loading libutils.so from current namespace instead of sphal namespace.
05-30 18:19:14.070  7513  7533 D vndksupport: Loading libutils.so from current namespace instead of sphal namespace.
05-30 18:19:14.070  3489  7440 D vndksupport: Loading libutils.so from current namespace instead of sphal namespace.
05-30 18:19:14.070  4044  4878 D vndksupport: Loading libutils.so from current namespace instead of sphal namespace.
05-30 18:19:14.071  4458  5969 D vndksupport: Loading libutils.so from current namespace instead of sphal namespace.
05-30 18:19:14.071  2107  2720 D vndksupport: Loading libutils.so from current namespace instead of sphal namespace.
05-30 18:19:14.071  7768  7807 D vndksupport: Loading libutils.so from current namespace instead of sphal namespace.
05-30 18:19:14.064  7713  7736 D vndksupport: Loading libutils.so from current namespace instead of sphal namespace.
05-30 18:19:14.072  2721  2749 D vndksupport: Loading libutils.so from current namespace instead of sphal namespace.
05-30 18:19:14.073  2346  2392 I chatty  : uid=10047(com.miui.home) Binder:2346_1 expire 1 line
05-30 18:19:14.073  3690  3946 D vndksupport: Loading libutils.so from current namespace instead of sphal namespace.
05-30 18:19:14.095  6178  6178 W com.android.settings: type=1400 audit(0.0:1730): avc: denied { call } for comm=4173796E635461736B202332 scontext=u:r:system_app:s0 tcontext=u:r:storaged:s0 tclass=binder permissive=0
05-30 18:19:14.085   960   960 D vndksupport: Loading libutils.so from current namespace instead of sphal namespace.
05-30 18:19:14.094   918  5397 D vndksupport: Loading libutils.so from current namespace instead of sphal namespace.
05-30 18:19:14.100   926  1159 D vndksupport: Loading libutils.so from current namespace instead of sphal namespace.
05-30 18:19:14.102  7459  7459 I dex2oat : Explicit concurrent copying GC freed 49892(12MB) AllocSpace objects, 0(0B) LOS objects, 89% free, 181KB/1717KB, paused 36us total 146.748ms
05-30 18:19:14.102  6178  6231 E JavaBinder: !!! FAILED BINDER TRANSACTION !!!  (parcel size = 0)
05-30 18:19:14.103  6178  6231 E JavaBinder: !!! FAILED BINDER TRANSACTION !!!  (parcel size = 0)
05-30 18:19:14.104  1001  1001 D vndksupport: Loading libutils.so from current namespace instead of sphal namespace.
05-30 18:19:14.106   959  1079 D vndksupport: Loading libutils.so from current namespace instead of sphal namespace.
05-30 18:19:14.108   965  1055 D vndksupport: Loading libutils.so from current namespace instead of sphal namespace.
05-30 18:19:14.110   961  1018 D vndksupport: Loading libutils.so from current namespace instead of sphal namespace.
05-30 18:19:14.112   955   955 D vndksupport: Loading libutils.so from current namespace instead of sphal namespace.
05-30 18:19:14.095  6178  6178 W com.android.settings: type=1400 audit(0.0:1731): avc: denied { call } for comm=4173796E635461736B202332 scontext=u:r:system_app:s0 tcontext=u:r:storaged:s0 tclass=binder permissive=0
05-30 18:19:14.105  6178  6178 W com.android.settings: type=1400 audit(0.0:1732): avc: denied { call } for comm=4173796E635461736B202332 scontext=u:r:system_app:s0 tcontext=u:r:wificond:s0 tclass=binder permissive=0
05-30 18:19:14.113   962  6331 D vndksupport: Loading libutils.so from current namespace instead of sphal namespace.
05-30 18:19:14.115  6178  6231 E JavaBinder: !!! FAILED BINDER TRANSACTION !!!  (parcel size = 0)
05-30 18:19:14.117   957  1011 D vndksupport: Loading libutils.so from current namespace instead of sphal namespace.
05-30 18:19:14.124  3351  3402 D eSEPower: get Access to eSE DONE : eSE OPEN, channel number : 1
05-30 18:19:14.124  3351  3402 V eSEPower: releases a permit: power on
05-30 18:19:14.129   929   988 D vndksupport: Loading libutils.so from current namespace instead of sphal namespace.
05-30 18:19:14.134   920   950 E Parcel  : Reading a NULL string not supported here.
05-30 18:19:14.134   920   950 W Parcel  : **** enforceInterface() expected 'miui.fdpp' but read ''
05-30 18:19:14.135  6178  6231 I SystemPropPoker: Someone wrote a bad service 'miui.fdpp' that doesn't like to be poked
05-30 18:19:14.135  6178  6231 I SystemPropPoker: java.lang.SecurityException
05-30 18:19:14.135  6178  6231 I SystemPropPoker: 	at android.os.BinderProxy.transactNative(Native Method)
05-30 18:19:14.135  6178  6231 I SystemPropPoker: 	at android.os.BinderProxy.transact(BinderProxy.java:479)
05-30 18:19:14.135  6178  6231 I SystemPropPoker: 	at com.android.settingslib.development.g.doInBackground(SystemPropPoker.java:85)
05-30 18:19:14.135  6178  6231 I SystemPropPoker: 	at com.android.settingslib.development.g.doInBackground(SystemPropPoker.java:61)
05-30 18:19:14.135  6178  6231 I SystemPropPoker: 	at android.os.AsyncTask$2.call(AsyncTask.java:333)
05-30 18:19:14.135  6178  6231 I SystemPropPoker: 	at java.util.concurrent.FutureTask.run(FutureTask.java:266)
05-30 18:19:14.135  6178  6231 I SystemPropPoker: 	at android.os.AsyncTask$SerialExecutor$1.run(AsyncTask.java:245)
05-30 18:19:14.135  6178  6231 I SystemPropPoker: 	at java.util.concurrent.ThreadPoolExecutor.runWorker(ThreadPoolExecutor.java:1167)
05-30 18:19:14.135  6178  6231 I SystemPropPoker: 	at java.util.concurrent.ThreadPoolExecutor$Worker.run(ThreadPoolExecutor.java:641)
05-30 18:19:14.135  6178  6231 I SystemPropPoker: 	at java.lang.Thread.run(Thread.java:764)
05-30 18:19:14.137   780   780 D vndksupport: Loading libutils.so from current namespace instead of sphal namespace.
05-30 18:19:14.139   580  4546 D vndksupport: Loading libutils.so from current namespace instead of sphal namespace.
05-30 18:19:14.172  7459  7459 I dex2oat : Explicit concurrent copying GC freed 555(111KB) AllocSpace objects, 0(0B) LOS objects, 89% free, 183KB/1719KB, paused 47us total 18.767ms
05-30 18:19:14.190  3351  3402 D SecureElement-Terminal-eSE1: Enable access control on basic channel for com.miui.tsmclient
05-30 18:19:14.191  3351  3402 V eSEPower: acquireing a permitget state!
05-30 18:19:14.191  3351  3402 V eSEPower: acquire permit success
05-30 18:19:14.191  3351  3402 V eSEPower: releases a permit:get state!
05-30 18:19:14.218  3351  3402 D SecureElement-Terminal-eSE1:  ese Transmit : 0081cadf2000
05-30 18:19:14.218  3351  3402 V eSEPower: acquireing a permitget state!
05-30 18:19:14.218  3351  3402 V eSEPower: acquire permit success
05-30 18:19:14.218  3351  3402 V eSEPower: releases a permit:get state!
05-30 18:19:14.226  3351  3402 D SecureElement-Terminal-eSE1: Sent : 0081cadf2000
05-30 18:19:14.226  3351  3402 D SecureElement-Terminal-eSE1: Received : df200800000000000000009000
05-30 18:19:14.226  3351  3402 I SecureElement-AraController: Refresh tag unchanged. Using access rules from cache.
05-30 18:19:14.225  6178  6178 W com.android.settings: type=1400 audit(0.0:1733): avc: denied { call } for comm=4173796E635461736B202332 scontext=u:r:system_app:s0 tcontext=u:r:storaged:s0 tclass=binder permissive=0
05-30 18:19:14.241  6178  6231 E JavaBinder: !!! FAILED BINDER TRANSACTION !!!  (parcel size = 0)
05-30 18:19:14.242  6178  6231 E JavaBinder: !!! FAILED BINDER TRANSACTION !!!  (parcel size = 0)
