05-30 18:18:09.067  1592  1661 D AutofillManagerServiceImpl: Set component for user 0 as AutofillServiceInfo[ServiceInfo{fca538d com.miui.contentcatcher.autofill.services.MiuiAutofillService}, settings:com.miui.contentcatcher.autofill.activitys.AutofillSettingActivity, hasCompatPckgs:false]
05-30 18:18:09.068  1592  1661 I ActivityManager: User 0 state changed from RUNNING_UNLOCKING to RUNNING_UNLOCKED
05-30 18:18:09.068  1592  1697 I ActivityManager: Loading recents for user 0 into memory.
05-30 18:18:09.068  1592  1610 I LockSettingsService: Disabling escrow token on user 0
05-30 18:18:09.068  1592  1661 D SystemServerTiming: SystemUserUnlock took to complete: 646ms
05-30 18:18:09.080  1592  1610 I LockSettingsService: Caching SP for user 0
05-30 18:18:09.087  1592  1661 D BootEventManager: systemRun:5246,zygotePreload:3237,pmsScan:2805,bootDexopt:1,coreAppDexopt:0,amsReady:1583,UIReady:4501,bootComplete:17775
05-30 18:18:09.087  1592  1661 D BootEventManager: BootEvent {mTimeStamp=2020-05-30 18:18:09,mBootType=NormalBoot,mPeriodSystemRun:5246,mPeriodPmsScan:2805,mPeriodDexopt:1,mPeriodAmsReady:1583,mPeriodUIReady:4501,mPeriodBootComplete:17775,mDetailSystemRun:{"zygotePreload":"3237"},mDetailPmsScan:{"sysAppCnt":"225","thirdAppCnt":"46"},mDetailDexopt:{"optSysAppCnt":"0","optThirdAppCnt":"0"},mDetailAmsReady:{"prebootAppCnt":"0"},mDetailUIReady:{"persistAppCnt":"20"},mDetailBootComplete:,mMiuiVersion:9.9.3}
05-30 18:18:09.087  1592  1661 D XSpaceManagerService: initXSpaceAppList sXSpaceInstalledPackagesSelfLocked =[com.xiaomi.gamecenter.sdk.service]    XSPACE_APP_LIST_INIT_NUMBER =1
05-30 18:18:09.087  1592  1661 W XSpaceManagerService: Reset XSpace enable, active:false
05-30 18:18:09.088  1592  1592 W InputMethodManagerService: Illegal subtype state: old subtype = null, new subtype = android.view.inputmethod.InputMethodSubtype@6c61b14
05-30 18:18:09.091  1592  3266 V BackupManagerService: No ancestral data
05-30 18:18:09.091  1592  1592 I LockSettingsService: Removing SP from cache for user 0
05-30 18:18:09.093  1592  1661 D XSpaceManagerService: update XSpace Animation status, sAnimStatus = false
05-30 18:18:09.116  1592  1661 W XSpaceManagerService: XSpace init, active:false
05-30 18:18:09.116  1592  1663 D Boost   : hostingType=added application, hostingName=com.goodix.fingerprint, callerPackage=android, isSystem=true, isBoostNeeded=false.
05-30 18:18:09.116  1592  1661 W ContextImpl: Calling a method in the system process without a qualified user: android.app.ContextImpl.startService:1541 com.miui.server.XSpaceManagerService.startXSpaceService:572 com.miui.server.XSpaceManagerService.init:445 com.android.server.am.ExtraActivityManagerService.finishBooting:466 com.android.server.am.ActivityManagerServiceInjector.finishBooting:398 
05-30 18:18:09.118  1592  1663 I ActivityManager: Start proc 3270:com.goodix.fingerprint/1000 for added application com.goodix.fingerprint caller=android
05-30 18:18:09.120  1592  1661 D ExtraPackageManagerService: Check extra restorecon flag
05-30 18:18:09.120  1592  1661 D ExtraPackageManagerService: There's no second space, delete the flag file
05-30 18:18:09.124  1592  1661 I ActivityManager: Sending BOOT_COMPLETE user #0
05-30 18:18:09.132  1592  1592 V NotificationListeners: enabling notification listener for 0: ComponentInfo{com.achievo.vipshop/com.achievo.vipshop.weiaixing.daemon.services.NotificationDaemonService}
05-30 18:18:09.139  1592  1663 D Boost   : hostingType=added application, hostingName=com.miui.contentcatcher, callerPackage=android, isSystem=true, isBoostNeeded=false.
05-30 18:18:09.140  1592  1592 I AutoStartManagerService: MIUILOG- Reject service :Intent { act=android.service.notification.NotificationListenerService cmp=com.achievo.vipshop/.weiaixing.daemon.services.NotificationDaemonService (has extras) } userId : 0 uid : 10152
05-30 18:18:09.140  1592  1592 W NotificationListeners: AutStart Unable to bind notification listener service: Intent { act=android.service.notification.NotificationListenerService cmp=com.achievo.vipshop/.weiaixing.daemon.services.NotificationDaemonService (has extras) }
05-30 18:18:09.140  1592  1592 V NotificationListeners: enabling notification listener for 0: ComponentInfo{com.miui.powerkeeper/com.miui.powerkeeper.NotificationListener}
05-30 18:18:09.140  1592  1592 V NotificationListeners: binding: Intent { act=android.service.notification.NotificationListenerService cmp=com.miui.powerkeeper/.NotificationListener (has extras) }
05-30 18:18:09.145  1592  1663 I ActivityManager: Start proc 3290:com.miui.contentcatcher/1000 for added application com.miui.contentcatcher caller=android
05-30 18:18:09.149  1592  1592 V NotificationListeners: enabling notification listener for 0: ComponentInfo{com.miui.securitycenter/com.miui.gamebooster.service.NotificationListener}
05-30 18:18:09.149  1592  1592 V NotificationListeners: binding: Intent { act=android.service.notification.NotificationListenerService cmp=com.miui.securitycenter/com.miui.gamebooster.service.NotificationListener (has extras) }
05-30 18:18:09.151  1592  1611 D ActivityManager: report kill process: killerPid is:2113, killedPid is:2113
05-30 18:18:09.155  1592  1592 V NotificationListeners: enabling notification listener for 0: ComponentInfo{com.miui.analytics/com.miui.analytics.internal.collection.MusicStateListener}
05-30 18:18:09.155  1592  1592 V NotificationListeners: binding: Intent { act=android.service.notification.NotificationListenerService cmp=com.miui.analytics/.internal.collection.MusicStateListener (has extras) }
05-30 18:18:09.159  1592  1592 V NotificationListeners: enabling notification listener for 0: ComponentInfo{com.xiaomi.xmsf/com.xiaomi.xmsf.push.service.notificationcollection.NotificationListener}
05-30 18:18:09.159  1592  1592 V NotificationListeners: binding: Intent { act=android.service.notification.NotificationListenerService cmp=com.xiaomi.xmsf/.push.service.notificationcollection.NotificationListener (has extras) }
05-30 18:18:09.159  1592  1592 V NotificationAssistants: disabling notification assistant for user 0: ComponentInfo{android.ext.services/android.ext.services.notification.Assistant}
05-30 18:18:09.160  1592  1592 D NotificationListeners: Removing active service ComponentInfo{android.ext.services/android.ext.services.notification.Assistant}
05-30 18:18:09.164  1592  1592 V NotificationAssistants: enabling notification assistant for 0: ComponentInfo{android.ext.services/android.ext.services.notification.Assistant}
05-30 18:18:09.164  1592  1592 V NotificationAssistants: binding: Intent { act=android.service.notification.NotificationAssistantService cmp=android.ext.services/.notification.Assistant (has extras) }
05-30 18:18:09.191  1592  1663 D Boost   : hostingType=added application, hostingName=com.miui.daemon, callerPackage=android, isSystem=true, isBoostNeeded=false.
05-30 18:18:09.193  1592  2255 I ActivityManager: Process com.sohu.inputmethod.sogou.xiaomi (pid 2113) has died: vis  BFGS
05-30 18:18:09.193  1592  2255 I AutoStartManagerService: MIUILOG- Reject RestartService packageName :com.sohu.inputmethod.sogou.xiaomi uid : 10089
05-30 18:18:09.194  1592  1662 V UidProcStateHelper: process died:[2113,10089]
05-30 18:18:09.194  1592  3266 I BackupManagerService: Unlocking system user; mService=com.android.server.backup.BackupManagerService@82f0881
05-30 18:18:09.195  1592  1697 I AppWidgetServiceImpl: Processing of handleUserUnlocked u0 took 71 ms
05-30 18:18:09.199  1592  3266 I BackupManagerService: Backup enabled => false
05-30 18:18:09.200  1592  1663 I ActivityManager: Start proc 3313:com.miui.daemon/1000 for added application com.miui.daemon caller=android
05-30 18:18:09.207  1592  3266 V BackupManagerConstants: getKeyValueBackupIntervalMilliseconds(...) returns 14400000
05-30 18:18:09.207  1592  3266 V BackupManagerConstants: getKeyValueBackupFuzzMilliseconds(...) returns 600000
05-30 18:18:09.207  1592  3266 V BackupManagerConstants: getKeyValueBackupRequiredNetworkType(...) returns 1
05-30 18:18:09.207  1592  3266 V BackupManagerConstants: getKeyValueBackupRequireCharging(...) returns true
05-30 18:18:09.207  1592  3266 V KeyValueBackupJob: Scheduling k/v pass in 248 minutes
05-30 18:18:09.211  1592  1663 D Boost   : hostingType=added application, hostingName=com.android.nfc, callerPackage=android, isSystem=true, isBoostNeeded=false.
05-30 18:18:09.215  1592  1663 I ActivityManager: Start proc 3336:com.android.nfc/1027 for added application com.android.nfc caller=android
05-30 18:18:09.235  1592  1592 W InputMethodManagerService: Session failed to close due to remote exception
05-30 18:18:09.235  1592  1592 W InputMethodManagerService: android.os.DeadObjectException
05-30 18:18:09.235  1592  1592 W InputMethodManagerService: 	at android.os.BinderProxy.transactNative(Native Method)
05-30 18:18:09.235  1592  1592 W InputMethodManagerService: 	at android.os.BinderProxy.transact(BinderProxy.java:479)
05-30 18:18:09.235  1592  1592 W InputMethodManagerService: 	at com.android.internal.view.IInputMethodSession$Stub$Proxy.finishSession(IInputMethodSession.java:309)
05-30 18:18:09.235  1592  1592 W InputMethodManagerService: 	at com.android.server.InputMethodManagerService.finishSessionLocked(InputMethodManagerService.java:2163)
05-30 18:18:09.235  1592  1592 W InputMethodManagerService: 	at com.android.server.InputMethodManagerService.clearClientSessionLocked(InputMethodManagerService.java:2154)
05-30 18:18:09.235  1592  1592 W InputMethodManagerService: 	at com.android.server.InputMethodManagerService.clearCurMethodLocked(InputMethodManagerService.java:2180)
05-30 18:18:09.235  1592  1592 W InputMethodManagerService: 	at com.android.server.InputMethodManagerService.onServiceDisconnected(InputMethodManagerService.java:2207)
05-30 18:18:09.235  1592  1592 W InputMethodManagerService: 	at android.app.LoadedApk$ServiceDispatcher.doDeath(LoadedApk.java:1757)
05-30 18:18:09.235  1592  1592 W InputMethodManagerService: 	at android.app.LoadedApk$ServiceDispatcher$RunConnection.run(LoadedApk.java:1772)
05-30 18:18:09.235  1592  1592 W InputMethodManagerService: 	at android.os.Handler.handleCallback(Handler.java:873)
05-30 18:18:09.235  1592  1592 W InputMethodManagerService: 	at android.os.Handler.dispatchMessage(Handler.java:99)
05-30 18:18:09.235  1592  1592 W InputMethodManagerService: 	at android.os.Looper.loop(Looper.java:207)
05-30 18:18:09.235  1592  1592 W InputMethodManagerService: 	at com.android.server.SystemServer.run(SystemServer.java:474)
05-30 18:18:09.235  1592  1592 W InputMethodManagerService: 	at com.android.server.SystemServer.main(SystemServer.java:308)
05-30 18:18:09.235  1592  1592 W InputMethodManagerService: 	at java.lang.reflect.Method.invoke(Native Method)
05-30 18:18:09.235  1592  1592 W InputMethodManagerService: 	at com.android.internal.os.RuntimeInit$MethodAndArgsCaller.run(RuntimeInit.java:547)
05-30 18:18:09.235  1592  1592 W InputMethodManagerService: 	at com.android.internal.os.ZygoteInit.main(ZygoteInit.java:856)
05-30 18:18:09.237  1592  1663 D Boost   : hostingType=added application, hostingName=com.android.se, callerPackage=android, isSystem=true, isBoostNeeded=false.
05-30 18:18:09.238  1592  1663 I ActivityManager: Start proc 3351:com.android.se/1068 for added application com.android.se caller=android
05-30 18:18:09.257  1592  1663 D Boost   : hostingType=added application, hostingName=com.xiaomi.mircs, callerPackage=android, isSystem=true, isBoostNeeded=false.
05-30 18:18:09.258  1592  1663 I ActivityManager: Start proc 3372:com.xiaomi.mircs/u0a28 for added application com.xiaomi.mircs caller=android
05-30 18:18:09.272  1592  1663 D Boost   : hostingType=added application, hostingName=com.xiaomi.xmsf, callerPackage=android, isSystem=true, isBoostNeeded=false.
05-30 18:18:09.274  1592  1663 I ActivityManager: Start proc 3384:com.xiaomi.xmsf/u0a93 for added application com.xiaomi.xmsf caller=android
05-30 18:18:09.295  1592  1663 D Boost   : hostingType=added application, hostingName=com.xiaomi.finddevice, callerPackage=android, isSystem=true, isBoostNeeded=false.
05-30 18:18:09.297  1592  1663 I ActivityManager: Start proc 3405:com.xiaomi.finddevice/9810 for added application com.xiaomi.finddevice caller=android
05-30 18:18:09.319  1592  1663 D Boost   : hostingType=added application, hostingName=com.qualcomm.qti.services.secureui:sui_service, callerPackage=android, isSystem=true, isBoostNeeded=false.
05-30 18:18:09.322  1592  1663 I ActivityManager: Start proc 3423:com.qualcomm.qti.services.secureui:sui_service/1000 for added application com.qualcomm.qti.services.secureui:sui_service caller=android
05-30 18:18:09.333  1592  1663 D Boost   : hostingType=added application, hostingName=com.miui.face, callerPackage=android, isSystem=true, isBoostNeeded=false.
05-30 18:18:09.335  1592  1663 I ActivityManager: Start proc 3428:com.miui.face/1000 for added application com.miui.face caller=android
05-30 18:18:09.374  1592  1663 D Boost   : hostingType=service, hostingName=com.miui.securitycore/com.miui.xspace.service.XSpaceService, callerPackage=android, isSystem=true, isBoostNeeded=false.
05-30 18:18:09.385  1592  1663 I ActivityManager: Start proc 3464:com.miui.securitycore.remote/1000 for service com.miui.securitycore/com.miui.xspace.service.XSpaceService caller=android
05-30 18:18:09.398  1592  1663 D Boost   : hostingType=broadcast, hostingName=com.android.providers.downloads/.receiver.DownloadReceiver, callerPackage=android, isSystem=true, isBoostNeeded=false.
05-30 18:18:09.402  1592  1663 I ActivityManager: Start proc 3489:android.process.media/u0a32 for broadcast com.android.providers.downloads/.receiver.DownloadReceiver caller=android
05-30 18:18:09.426  1592  1663 D Boost   : hostingType=content provider, hostingName=com.mfashiongallery.emag/.LockscreenMagazineProvider, callerPackage=com.android.systemui, isSystem=true, isBoostNeeded=false.
05-30 18:18:09.427  1592  1663 I ActivityManager: Start proc 3506:com.mfashiongallery.emag/u0a168 for content provider com.mfashiongallery.emag/.LockscreenMagazineProvider caller=com.android.systemui
05-30 18:18:09.438  1592  1663 D Boost   : hostingType=content provider, hostingName=com.xiaomi.smarthome/.framework.contentprovider.SmartHomeContentProvider, callerPackage=com.android.systemui, isSystem=true, isBoostNeeded=false.
05-30 18:18:09.440  1592  1663 I ActivityManager: Start proc 3512:com.xiaomi.smarthome/u0a145 for content provider com.xiaomi.smarthome/.framework.contentprovider.SmartHomeContentProvider caller=com.android.systemui
05-30 18:18:09.450  1592  1663 D Boost   : hostingType=service, hostingName=com.miui.powerkeeper/.NotificationListener, callerPackage=android, isSystem=true, isBoostNeeded=false.
05-30 18:18:09.453  1592  1663 I ActivityManager: Start proc 3531:com.miui.powerkeeper/1000 for service com.miui.powerkeeper/.NotificationListener caller=android
05-30 18:18:09.466  3428  3428 D miui.face.FaceService: MiuiBioApp onCreate, isSupport:true
05-30 18:18:09.479  1592  1663 D Boost   : hostingType=service, hostingName=com.android.smspush/.WapPushManager, callerPackage=com.android.phone, isSystem=true, isBoostNeeded=false.
05-30 18:18:09.480  1592  1663 I ActivityManager: Start proc 3571:com.android.smspush/u0a102 for service com.android.smspush/.WapPushManager caller=com.android.phone
05-30 18:18:09.500  1592  1663 D Boost   : hostingType=service, hostingName=com.miui.securitycenter/com.miui.gamebooster.service.NotificationListener, callerPackage=com.android.systemui, isSystem=true, isBoostNeeded=false.
05-30 18:18:09.519  1592  1663 I ActivityManager: Start proc 3587:com.miui.securitycenter.remote/1000 for service com.miui.securitycenter/com.miui.gamebooster.service.NotificationListener caller=com.android.systemui
05-30 18:18:09.562  1592  1663 D Boost   : hostingType=service, hostingName=com.miui.analytics/.internal.collection.MusicStateListener, callerPackage=android, isSystem=true, isBoostNeeded=false.
05-30 18:18:09.567  3428  3563 D miui.face.FaceService: no face
05-30 18:18:09.587  1592  1663 I ActivityManager: Start proc 3624:com.miui.analytics/u0a74 for service com.miui.analytics/.internal.collection.MusicStateListener caller=android
05-30 18:18:09.604  1592  1663 D Boost   : hostingType=service, hostingName=com.android.printspooler/.model.PrintSpoolerService, callerPackage=android, isSystem=true, isBoostNeeded=false.
05-30 18:18:09.610  1592  1663 I ActivityManager: Start proc 3655:com.android.printspooler/u0a86 for service com.android.printspooler/.model.PrintSpoolerService caller=android
05-30 18:18:09.660  1592  1592 V SettingsProvider: Notifying for 0: content://settings/secure/enabled_notification_listeners
05-30 18:18:09.665  1592  1663 D Boost   : hostingType=content provider, hostingName=com.xiaomi.aiasst.service/com.xiaomi.aiasst.contentcatcher.catcher.ContentCatcherProvider, callerPackage=com.miui.contentcatcher, isSystem=true, isBoostNeeded=false.
05-30 18:18:09.667  1592  1663 I ActivityManager: Start proc 3690:com.xiaomi.aiasst.service/1000 for content provider com.xiaomi.aiasst.service/com.xiaomi.aiasst.contentcatcher.catcher.ContentCatcherProvider caller=com.miui.contentcatcher
05-30 18:18:09.702  1592  1663 D Boost   : hostingType=content provider, hostingName=com.miui.hybrid/org.hapjs.bridge.provider.SettingsProvider, callerPackage=com.miui.home, isSystem=true, isBoostNeeded=false.
05-30 18:18:09.711  1592  1663 I ActivityManager: Start proc 3707:com.miui.hybrid:entrance/u0a92 for content provider com.miui.hybrid/org.hapjs.bridge.provider.SettingsProvider caller=com.miui.home
05-30 18:18:09.725  3384  3384 E ContentCatcherManager: failed to get ContentCatcherService.
05-30 18:18:09.725  3384  3384 E ContentCatcherManager: failed to get ContentCatcherService.
05-30 18:18:09.726  1592  1592 V SettingsProvider: Notifying for 0: content://settings/secure/lock_screen_magazine_status
05-30 18:18:09.735  1592  1663 D Boost   : hostingType=content provider, hostingName=com.miui.hybrid/org.hapjs.cache.CacheProvider, callerPackage=com.miui.home, isSystem=true, isBoostNeeded=false.
05-30 18:18:09.740  1592  1663 I ActivityManager: Start proc 3732:com.miui.hybrid/u0a92 for content provider com.miui.hybrid/org.hapjs.cache.CacheProvider caller=com.miui.home
05-30 18:18:09.802  1592  1663 D Boost   : hostingType=service, hostingName=com.xiaomi.simactivate.service/com.xiaomi.activate.ActivateService, callerPackage=com.xiaomi.finddevice, isSystem=true, isBoostNeeded=false.
05-30 18:18:09.804  1592  1663 I ActivityManager: Start proc 3787:com.xiaomi.simactivate.service/u0a61 for service com.xiaomi.simactivate.service/com.xiaomi.activate.ActivateService caller=com.xiaomi.finddevice
05-30 18:18:09.832  1592  1592 V SettingsProvider: Notifying for 0: content://settings/secure/enabled_notification_listeners
05-30 18:18:09.915  1592  1592 V SettingsProvider: Notifying for 0: content://settings/secure/enabled_notification_listeners
05-30 18:18:09.992  1592  1663 D Boost   : hostingType=service, hostingName=com.android.keychain/.KeyChainService, callerPackage=android, isSystem=true, isBoostNeeded=false.
05-30 18:18:10.003  1592  1663 I ActivityManager: Start proc 3865:com.android.keychain/1000 for service com.android.keychain/.KeyChainService caller=android
05-30 18:18:10.100  3531  3531 D PowerKeeper.FrozenApp: mKernelThawedFrozenEnabled = false
05-30 18:18:10.106  1592  1965 V LocationPolicy: updateLocationRulesLocked()
05-30 18:18:10.106  1592  1965 V LocationPolicy: updateNotificationsLocked()
05-30 18:18:10.107  1592  1965 V LocationPolicy: writePolicyLocked()
05-30 18:18:10.241  1592  1663 D Boost   : hostingType=service, hostingName=com.xiaomi.account/.XiaomiAccountService, callerPackage=com.android.providers.downloads, isSystem=true, isBoostNeeded=false.
05-30 18:18:10.247  1592  1663 I ActivityManager: Start proc 3925:com.xiaomi.account:accountservice/u0a65 for service com.xiaomi.account/.XiaomiAccountService caller=com.android.providers.downloads
05-30 18:18:10.274  1592  1980 W FileUtils: Slow Operation: fsync took 117ms
05-30 18:18:10.312  3489  3489 E ActivityThread: Failed to find provider info for com.miui.whetstone
05-30 18:18:10.373  1592  1663 D Boost   : hostingType=content provider, hostingName=com.miui.systemAdSolution/com.miui.zeus.msa.app.mse.CatchRuleProvider, callerPackage=com.miui.contentcatcher, isSystem=true, isBoostNeeded=false.
05-30 18:18:10.375  1592  1663 I ActivityManager: Start proc 3977:com.miui.systemAdSolution/u0a116 for content provider com.miui.systemAdSolution/com.miui.zeus.msa.app.mse.CatchRuleProvider caller=com.miui.contentcatcher
05-30 18:18:10.415  3405  3405 W Looper  : Slow Looper main: Long Msg: seq=2 plan=18:18:09.364  late=5ms wall=1047ms running=0ms h=android.app.ActivityThread$H w=110
05-30 18:18:10.435  3531  3531 W PeGameController: parse default config unsussessful for : java.io.FileNotFoundException: perf_chiron_config
05-30 18:18:10.437  3531  3531 E PeSchedController: parse default config error: java.io.FileNotFoundException: default_perf_config
05-30 18:18:10.455  1592  1663 D Boost   : hostingType=service, hostingName=com.xiaomi.metoknlp/com.xiaomi.location.metoknlp.MetokLocationService, callerPackage=android, isSystem=true, isBoostNeeded=false.
05-30 18:18:10.457  1592  1663 I ActivityManager: Start proc 4006:com.xiaomi.metoknlp/u0a101 for service com.xiaomi.metoknlp/com.xiaomi.location.metoknlp.MetokLocationService caller=android
05-30 18:18:10.482  1592  3303 W BroadcastQueueInjector: Unable to launch app com.miui.player/10042 for broadcast Intent { act=android.intent.action.MEDIA_MOUNTED dat=file:///storage/emulated/0 flg=0x5000010 (has extras) }: process is not permitted to  auto start
05-30 18:18:10.493  1592  1663 D Boost   : hostingType=service, hostingName=com.xiaomi.location.fused/.FusedLocationService, callerPackage=android, isSystem=true, isBoostNeeded=false.
05-30 18:18:10.497  1592  1663 I ActivityManager: Start proc 4022:com.xiaomi.location.fused/1000 for service com.xiaomi.location.fused/.FusedLocationService caller=android
05-30 18:18:10.514  1592  1592 I NotificationService: Cannot find enqueued record for key: 0|com.android.providers.contacts|100|null|10025
05-30 18:18:10.525  1592  1663 D Boost   : hostingType=broadcast, hostingName=com.lbe.security.miui/com.lbe.security.service.BootReceiver, callerPackage=null, isSystem=true, isBoostNeeded=false.
05-30 18:18:10.534  1592  1663 I ActivityManager: Start proc 4044:com.lbe.security.miui/u0a58 for broadcast com.lbe.security.miui/com.lbe.security.service.BootReceiver caller=null
05-30 18:18:10.566  1592  1663 D Boost   : hostingType=content provider, hostingName=com.miui.tsmclient/.database.TSMPublicProvider, callerPackage=com.android.systemui, isSystem=true, isBoostNeeded=false.
05-30 18:18:10.571  1592  1663 I ActivityManager: Start proc 4070:com.miui.tsmclient/1027 for content provider com.miui.tsmclient/.database.TSMPublicProvider caller=com.android.systemui
05-30 18:18:10.584  1592  1663 D Boost   : hostingType=service, hostingName=com.xiaomi.smarthome/.acp.ACPService, callerPackage=com.xiaomi.smarthome, isSystem=false, isBoostNeeded=false.
05-30 18:18:10.586  1592  1663 I ActivityManager: Start proc 4083:com.xiaomi.smarthome:acp/u0a145 for service com.xiaomi.smarthome/.acp.ACPService caller=com.xiaomi.smarthome
05-30 18:18:10.618  1592  1663 D Boost   : hostingType=service, hostingName=com.xiaomi.smarthome/.core.server.CoreService, callerPackage=com.xiaomi.smarthome, isSystem=false, isBoostNeeded=false.
05-30 18:18:10.633  1592  1663 I ActivityManager: Start proc 4110:com.xiaomi.smarthome:core/u0a145 for service com.xiaomi.smarthome/.core.server.CoreService caller=com.xiaomi.smarthome
05-30 18:18:10.664  1592  1592 V SettingsProvider: Notifying for 0: content://settings/system/anr_pkgs
05-30 18:18:10.692  1592  1592 V SettingsProvider: Notifying for 0: content://settings/secure/enabled_notification_listeners
05-30 18:18:10.735  3531  3531 D KernelRpmStatsReader:  sKernelRpmFileIndex is 0
05-30 18:18:10.743  3531  3531 D PowerCheckerService: enable slog the cpu usage
05-30 18:18:10.829  3732  3732 W Looper  : Slow Looper main: Long Msg: seq=2 plan=18:18:09.807  late=0ms wall=1022ms running=0ms h=android.app.ActivityThread$H w=110
05-30 18:18:10.871  3531  3531 I power.sleep: readFromDb ss: state=0 previous=0x0 restore=0x0 noti=0
05-30 18:18:10.872  3531  3531 I Power.NonUI: create NonUiModeController
05-30 18:18:10.872  3531  4202 I power.sleep: startNightClockTimer
05-30 18:18:10.874  3512  3512 W Looper  : Slow Looper main: Long Msg: seq=2 plan=18:18:09.490  late=7ms wall=1377ms running=0ms h=android.app.ActivityThread$H w=110
05-30 18:18:10.906  3531  3531 I Power.NonUI: nonui mode enabled
05-30 18:18:10.906  3531  4202 D Power.Events: registerforScreenOff
05-30 18:18:10.934  1592  1610 I WakePathChecker: MIUILOG-WAKEPATH pushWakePathWhiteList: userId=0 size=4
05-30 18:18:10.942  3531  3531 D PowerKeeper.Thermal: ThermalLog: false 45 43 300000 600000 4 2 20 10 60000 120000 false
05-30 18:18:10.959  1592  1611 I WakePathChecker: MIUILOG-WAKEPATH pushWakePathRuleInfos: wakeType=1 userId=0 size=5
05-30 18:18:10.987  3290  3290 E ContentCatcherManager: failed to get ContentCatcherService.
05-30 18:18:11.005  1592  4284 I WakePathChecker: MIUILOG-WAKEPATH pushWakePathRuleInfos: wakeType=8 userId=0 size=80
05-30 18:18:11.012  1592  1611 W ActivityManager: Receiver with filter android.content.IntentFilter@7b0399 already registered for pid 3336, callerPackage is com.android.nfc
05-30 18:18:11.016  1592  4279 I WakePathChecker: MIUILOG-WAKEPATH pushWakePathRuleInfos: wakeType=4 userId=0 size=16
05-30 18:18:11.035  3290  3290 W Looper  : Slow Looper main: Long Msg: seq=2 plan=18:18:09.199  late=1ms wall=1823ms running=0ms h=android.app.ActivityThread$H w=110
05-30 18:18:11.041  3587  3587 W Looper  : Slow Looper main: Long Msg: seq=2 plan=18:18:09.623  late=3ms wall=1415ms running=0ms h=android.app.ActivityThread$H w=110
05-30 18:18:11.046  3531  4202 D PowerKeeper.Extreme: init
05-30 18:18:11.099  1592  4271 D AppOpsServiceState: linkToDeath
05-30 18:18:11.108  1592  1964 W ActivityManager: Receiver with filter android.content.IntentFilter@4bd62c9 already registered for pid 3336, callerPackage is com.android.nfc
05-30 18:18:11.159  1592  1964 I WakePathChecker: MIUILOG-WAKEPATH pushWakePathRuleInfos: wakeType=2 userId=0 size=23
05-30 18:18:11.182  1592  4284 I WakePathChecker: MIUILOG-WAKEPATH pushWakePathRuleInfos: wakeType=17 userId=0 size=0
05-30 18:18:11.254  1592  1663 D Boost   : hostingType=broadcast, hostingName=com.mobiletools.systemhelper/.control.RegisterReceiver, callerPackage=null, isSystem=true, isBoostNeeded=false.
05-30 18:18:11.263  1592  1663 I ActivityManager: Start proc 4357:com.mobiletools.systemhelper:register/u0a104 for broadcast com.mobiletools.systemhelper/.control.RegisterReceiver caller=null
05-30 18:18:11.323  1592  1592 V SettingsProvider: Notifying for 0: content://settings/secure/enabled_notification_listeners
05-30 18:18:11.573  1592  1592 W Looper  : Slow dispatch took 114ms main h=android.os.Handler c=null m=1
05-30 18:18:11.586  1592  3194 W NetworkPolicy: setRestrictBackgroundUL: already false
05-30 18:18:11.616  3977  4255 I Ad      : isPersonalizedAdEnabled getAdSettings: 3
05-30 18:18:11.628  1592  1661 V ActivityManager: Attempted to start a foreground service (ComponentInfo{com.miui.securitycenter/com.miui.securitycenter.service.RemoteService}) with a broken notification (no icon: Notification(channel=securitycenter_resident_notification pri=0 contentView=null vibrate=null sound=null defaults=0x0 flags=0x40 color=0x00000000 vis=PRIVATE))
05-30 18:18:11.733  3977  4389 W FileUtils: Slow Operation: fsync took 170ms
05-30 18:18:11.738  1592  1698 W FileUtils: Slow Operation: fsync took 186ms
05-30 18:18:11.753  1592  1980 W FileUtils: Slow Operation: fsync took 183ms
05-30 18:18:11.851  1592  1592 V SettingsProvider: Notifying for 0: content://settings/system/screen_game_mode
05-30 18:18:11.936  1592  1663 D Boost   : hostingType=service, hostingName=com.miui.micloudsync/.personalAssistant.AssistantSyncService, callerPackage=android, isSystem=true, isBoostNeeded=false.
05-30 18:18:11.939  1592  1663 I ActivityManager: Start proc 4458:com.miui.micloudsync:sync/u0a91 for service com.miui.micloudsync/.personalAssistant.AssistantSyncService caller=android
05-30 18:18:11.995  3977  4459 I Ad      : isPersonalizedAdEnabled getAdSettings: 3
05-30 18:18:12.269  3384  3833 W FileUtils: Slow Operation: fsync took 139ms
05-30 18:18:12.271  1592  2027 W FileUtils: Slow Operation: fsync took 141ms
05-30 18:18:12.273  1592  1698 W FileUtils: Slow Operation: fsync took 156ms
05-30 18:18:12.273  1592  2027 W ContextImpl: Calling a method in the system process without a qualified user: android.app.ContextImpl.sendBroadcast:1015 miui.security.SecurityManagerCompat.sendCancelBootAlarm:149 miui.security.SecurityManagerCompat.writeQcomBootTime:116 miui.security.SecurityManagerCompat.writeBootTime:75 com.miui.server.SecurityManagerService$SecurityWriteHandler.handleMessage:311 
05-30 18:18:12.274  1592  2027 W ContextImpl: Calling a method in the system process without a qualified user: android.app.ContextImpl.sendBroadcast:1015 miui.security.SecurityManagerCompat.sendSetBootAlarm:158 miui.security.SecurityManagerCompat.writeQcomBootTime:117 miui.security.SecurityManagerCompat.writeBootTime:75 com.miui.server.SecurityManagerService$SecurityWriteHandler.handleMessage:311 
05-30 18:18:12.283  1592  1592 I TransportClient: LocalTransportService#0: Notifying [TransportManager.registerTransport()] transport = IBackupTransport
05-30 18:18:12.284  1592  3266 D BackupTransportManager: Transport android/com.android.internal.backup.LocalTransportService registered
05-30 18:18:12.284  1592  3266 D BackupManagerService: Transport android/com.android.internal.backup.LocalTransport registered 3091ms after first request (delay = 3000ms)
05-30 18:18:12.316  1592  3266 I BackupManagerService: Found stale backup journal, scheduling
05-30 18:18:12.317  1592  3266 I chatty  : uid=1000(system) backup identical 28 lines
05-30 18:18:12.317  1592  3266 I BackupManagerService: Found stale backup journal, scheduling
05-30 18:18:13.013  3977  4187 W FileUtils: Slow Operation: fsync took 607ms
05-30 18:18:13.032  3977  4389 W FileUtils: Slow Operation: fsync took 607ms
05-30 18:18:13.038  2962  3004 W FileUtils: Slow Operation: fsync took 712ms
05-30 18:18:13.039  1592  3297 W FileUtils: Slow Operation: fsync took 617ms
05-30 18:18:13.039  1592  1698 W FileUtils: Slow Operation: fsync took 632ms
05-30 18:18:13.051  1592  1996 W FileUtils: Slow Operation: fsync took 645ms
05-30 18:18:13.082  2346  2346 W InputEventReceiver: App Input: Dispatching InputEvent took 675ms in main thread! (MotionEvent: event_seq=33, seq=149, action=ACTION_DOWN)
05-30 18:18:13.086  1592  1662 W InputEventReceiver: App Input: Dispatching InputEvent took 411ms in main thread! (MotionEvent: event_seq=70, seq=184, action=ACTION_MOVE)
05-30 18:18:13.091  1592  1592 W Looper  : Slow dispatch took 676ms main h=android.os.Handler c=null m=1
05-30 18:18:13.091  1592  1592 W Looper  : Slow delivery took 676ms main h=android.os.Handler c=null m=1
05-30 18:18:13.145  1592  1592 W Looper  : Drained
05-30 18:18:13.161  2132  2132 W Looper  : Slow Looper main: Long Msg: seq=2069 plan=18:18:11.848  late=6ms wall=1306ms running=0ms h=android.app.ActivityThread$H c=android.app.-$$Lambda$LoadedApk$ReceiverDispatcher$Args$_BumDX2UKsnxLVrE6UJsJZkotuA
05-30 18:18:13.162  2132  2132 W InputEventReceiver: App Input: 754ms before dispatchInputEvent (MotionEvent: event_seq=125, seq=147, action=ACTION_OUTSIDE)
05-30 18:18:13.162  2132  2132 W InputEventReceiver: App Input: 754ms before dispatchInputEvent (MotionEvent: event_seq=126, seq=148, action=ACTION_OUTSIDE)
05-30 18:18:13.163  2132  2132 W Looper  : Slow Looper main: MotionEvent is 755ms late (event_seq=127, action=ACTION_DOWN) because of 1 msg, msg 1 took 1306ms (seq=2069 late=6ms h=android.app.ActivityThread$H c=android.app.-$$Lambda$LoadedApk$ReceiverDispatcher$Args$_BumDX2UKsnxLVrE6UJsJZkotuA)
05-30 18:18:13.163  2132  2132 W InputEventReceiver: App Input: 755ms before dispatchInputEvent (MotionEvent: event_seq=127, seq=150, action=ACTION_DOWN)
05-30 18:18:13.164  2132  2132 W Looper  : Slow Looper main: MotionEvent is 756ms late (event_seq=131, action=ACTION_DOWN) because of 1 msg, msg 1 took 1306ms (seq=2069 late=6ms h=android.app.ActivityThread$H c=android.app.-$$Lambda$LoadedApk$ReceiverDispatcher$Args$_BumDX2UKsnxLVrE6UJsJZkotuA)
05-30 18:18:13.164  2132  2132 W InputEventReceiver: App Input: 756ms before dispatchInputEvent (MotionEvent: event_seq=131, seq=151, action=ACTION_DOWN)
05-30 18:18:13.166  2132  2132 W Looper  : Slow Looper main: doFrame is 1295ms late because of 2 msg, msg 1 took 1306ms (seq=2069 late=6ms h=android.app.ActivityThread$H c=android.app.-$$Lambda$LoadedApk$ReceiverDispatcher$Args$_BumDX2UKsnxLVrE6UJsJZkotuA)
05-30 18:18:15.007  3977  4389 W FileUtils: Slow Operation: fsync took 1824ms
05-30 18:18:15.041  1592  1652 W FileUtils: Slow Operation: fsync took 1429ms
05-30 18:18:15.042  1592  4278 W FileUtils: Slow Operation: fsync took 1894ms
05-30 18:18:15.044  1592  1592 W Looper  : Slow Looper main: Long Msg: seq=992 plan=18:18:13.105  late=40ms wall=1898ms running=0ms h=android.os.Handler w=1
05-30 18:18:15.044  1592  1592 W Looper  : Slow dispatch took 1898ms main h=android.os.Handler c=null m=1
05-30 18:18:15.046  1592  3948 D PerfShielderService: com.android.systemui|StatusBar|1299|67546764242|1299|0|1
05-30 18:18:15.051  3313  3313 W Looper  : Slow Looper main: Long Msg: seq=2 plan=18:18:09.214  late=8ms wall=5829ms running=0ms h=android.app.ActivityThread$H w=110
05-30 18:18:15.053  1592  1592 W Looper  : Slow delivery took 1900ms main h=android.os.Handler c=null m=1
05-30 18:18:15.060  1592  1662 W InputEventReceiver: App Input: Dispatching InputEvent took 1598ms in main thread! (MotionEvent: event_seq=86, seq=368, action=ACTION_UP)
05-30 18:18:15.061  1592  1662 W Looper  : Slow Looper android.ui: MotionEvent is 1041ms late (event_seq=88, action=ACTION_DOWN)
05-30 18:18:15.061  1592  1662 W InputEventReceiver: App Input: 1041ms before dispatchInputEvent (MotionEvent: event_seq=88, seq=374, action=ACTION_DOWN)
05-30 18:18:15.073  1592  1592 W Looper  : Drained
05-30 18:18:15.075  2346  2346 W Looper  : Slow Looper main: doFrame is 741ms late because of 1 msg, msg 1 took 743ms (seq=586 late=1ms h=android.view.ViewRootImpl$ViewRootHandler c=com.miui.home.launcher.OnLongClickAgent$CheckForLongPress)
05-30 18:18:15.082  4458  4458 W Looper  : Slow Looper main: Long Msg: seq=2 plan=18:18:12.023  late=1ms wall=3057ms running=0ms h=android.app.ActivityThread$H w=110
05-30 18:18:15.086  1592  1663 D Boost   : hostingType=broadcast, hostingName=com.android.calendar/.widget.AgendaWidgetProvider, callerPackage=null, isSystem=true, isBoostNeeded=false.
05-30 18:18:15.089  1592  1663 I ActivityManager: Start proc 4556:com.android.calendar/u0a20 for broadcast com.android.calendar/.widget.AgendaWidgetProvider caller=null
05-30 18:18:15.121  3587  3587 W Looper  : Slow Looper main: Long Msg: seq=74 plan=18:18:13.050  late=2ms wall=2068ms running=0ms h=com.miui.networkassistant.service.tm.TrafficManageService$2 w=80
05-30 18:18:15.123  1592  1663 D Boost   : hostingType=content provider, hostingName=com.miui.personalassistant/.provider.AssistantProvider, callerPackage=com.miui.micloudsync, isSystem=true, isBoostNeeded=false.
05-30 18:18:15.126  1592  1663 I ActivityManager: Start proc 4568:com.miui.personalassistant/u0a41 for content provider com.miui.personalassistant/.provider.AssistantProvider caller=com.miui.micloudsync
05-30 18:18:15.171  1592  1663 D Boost   : hostingType=content provider, hostingName=com.miui.cloudservice/.stat.StatProvider, callerPackage=com.miui.micloudsync, isSystem=true, isBoostNeeded=false.
05-30 18:18:15.172  1592  1663 I ActivityManager: Start proc 4599:com.miui.cloudservice/u0a91 for content provider com.miui.cloudservice/.stat.StatProvider caller=com.miui.micloudsync
05-30 18:18:15.186  3351  3351 W Looper  : Slow Looper main: Long Msg: seq=6 plan=18:18:11.017  late=0ms wall=4168ms running=0ms h=android.app.ActivityThread$H c=android.app.-$$Lambda$LoadedApk$ReceiverDispatcher$Args$_BumDX2UKsnxLVrE6UJsJZkotuA
05-30 18:18:15.281  1592  1698 W FileUtils: Slow Operation: fsync took 204ms
05-30 18:18:15.385  1592  4277 W FileUtils: Slow Operation: fsync took 118ms
05-30 18:18:15.389  1592  1698 W FileUtils: Slow Operation: fsync took 107ms
05-30 18:18:15.390  1592  2400 W FileUtils: Slow Operation: fsync took 108ms
05-30 18:18:15.393  1592  1592 W Looper  : Slow dispatch took 191ms main h=android.os.Handler c=null m=1
05-30 18:18:15.393  1592  1662 W InputEventReceiver: App Input: Dispatching InputEvent took 154ms in main thread! (MotionEvent: event_seq=98, seq=624, action=ACTION_MOVE)
05-30 18:18:15.465  1592  4552 I BootReceiver: Copying /proc/last_kmsg to DropBox (SYSTEM_LAST_KMSG)
05-30 18:18:15.471  1592  4552 I BootReceiver: Copying /cache/recovery/last_kmsg to DropBox (SYSTEM_RECOVERY_KMSG)
05-30 18:18:15.518  1592  4552 I BootReceiver: Copying audit failures to DropBox
05-30 18:18:15.519  1592  4552 I BootReceiver: Copied 0 worth of audits to DropBox
05-30 18:18:15.559  1592  4552 W BootReceiver: boot_fs_shutdown, string not found
05-30 18:18:15.562  1592  4552 I BootReceiver: Checking for fsck errors
05-30 18:18:15.563  1592  4552 I BootReceiver: fs_stat, partition:userdata stat:0x1
05-30 18:18:15.563  1592  4552 I BootReceiver: fs_stat, partition:dsp stat:0x3
05-30 18:18:15.563  1592  4552 I BootReceiver: fs_stat, partition:persist stat:0x41
05-30 18:18:15.563  1592  4552 I BootReceiver: fs_stat, partition:cust stat:0x41
05-30 18:18:15.563  1592  4552 I BootReceiver: fs_stat, partition:cache stat:0x3
05-30 18:18:15.626  1592  4552 I BootReceiver: Copying /data/tombstones/tombstone_00 to DropBox (SYSTEM_TOMBSTONE)
05-30 18:18:15.818  3531  4202 D PowerKeeper.Extreme: onChange, extreme enable false
05-30 18:18:15.829  3531  3961 I DeviceIdleController: DeviceIdleController enable
05-30 18:18:15.877  1592  1663 D Boost   : hostingType=content provider, hostingName=com.android.providers.calendar/.CalendarProvider2, callerPackage=com.android.calendar, isSystem=true, isBoostNeeded=false.
05-30 18:18:15.878  1592  1663 I ActivityManager: Start proc 4667:com.android.providers.calendar/u0a17 for content provider com.android.providers.calendar/.CalendarProvider2 caller=com.android.calendar
05-30 18:18:15.885  3531  3531 D PowerCheckerService: onStartCommand: Intent { act=android.intent.action.BOOT_COMPLETED cmp=com.miui.powerkeeper/.powerchecker.PowerCheckerService }
05-30 18:18:15.902  1592  1663 D Boost   : hostingType=broadcast, hostingName=com.miui.touchassistant/.receiver.BootReceiver, callerPackage=null, isSystem=true, isBoostNeeded=false.
05-30 18:18:15.904  1592  1663 I ActivityManager: Start proc 4678:com.miui.touchassistant/1000 for broadcast com.miui.touchassistant/.receiver.BootReceiver caller=null
05-30 18:18:15.923  3531  3961 I DeviceIdleController: DeviceIdleController enable end
05-30 18:18:15.924  3531  3961 V PowerKeeper.Location: enable 
05-30 18:18:15.989  3531  3961 D PowerKeeper.Location: setUidState, uid = 10085 allow = true
05-30 18:18:15.989  1592  3323 V LocationPolicy: writePolicyLocked()
05-30 18:18:16.020  3531  3961 D PowerKeeper.Location: setUidState, uid = 10136 allow = true
05-30 18:18:16.020  1592  4271 V LocationPolicy: writePolicyLocked()
05-30 18:18:16.033  3531  3961 D PowerKeeper.Location: setUidState, uid = 10139 allow = true
05-30 18:18:16.033  1592  4271 V LocationPolicy: writePolicyLocked()
05-30 18:18:16.040  3531  3961 D PowerKeeper.Location: setUidState, uid = 10140 allow = true
05-30 18:18:16.041  1592  4276 V LocationPolicy: writePolicyLocked()
05-30 18:18:16.044  3531  3961 D PowerKeeper.Location: setUidState, uid = 10141 allow = true
05-30 18:18:16.044  1592  3323 V LocationPolicy: writePolicyLocked()
05-30 18:18:16.046  1592  4283 W ActivityManager: Background start not allowed: service Intent { cmp=com.miui.personalassistant/com.xiaomi.mipush.sdk.PushMessageHandler } to com.miui.personalassistant/com.xiaomi.mipush.sdk.PushMessageHandler from pid=4568 uid=10041 pkg=com.miui.personalassistant startFg?=false
05-30 18:18:16.051  3531  3961 D PowerKeeper.Location: setUidState, uid = 10143 allow = true
05-30 18:18:16.052  1592  3323 V LocationPolicy: writePolicyLocked()
05-30 18:18:16.059  3531  3961 D PowerKeeper.Location: setUidState, uid = 10144 allow = true
05-30 18:18:16.059  1592  3323 V LocationPolicy: writePolicyLocked()
05-30 18:18:16.064  3531  3961 D PowerKeeper.Location: setUidState, uid = 10146 allow = true
05-30 18:18:16.065  1592  2400 V LocationPolicy: writePolicyLocked()
05-30 18:18:16.071  3531  3961 D PowerKeeper.Location: setUidState, uid = 10149 allow = true
05-30 18:18:16.071  1592  2400 V LocationPolicy: writePolicyLocked()
05-30 18:18:16.075  3531  3961 D PowerKeeper.Location: setUidState, uid = 10150 allow = true
05-30 18:18:16.075  1592  3323 V LocationPolicy: writePolicyLocked()
05-30 18:18:16.079  3531  3961 D PowerKeeper.Location: setUidState, uid = 10152 allow = true
05-30 18:18:16.080  1592  3323 V LocationPolicy: writePolicyLocked()
05-30 18:18:16.083  3531  3961 D PowerKeeper.Location: setUidState, uid = 10154 allow = true
05-30 18:18:16.084  1592  3985 V LocationPolicy: writePolicyLocked()
05-30 18:18:16.092  3531  3961 D PowerKeeper.Location: setUidState, uid = 10155 allow = true
05-30 18:18:16.092  1592  2400 V LocationPolicy: writePolicyLocked()
05-30 18:18:16.097  3531  3961 D PowerKeeper.Location: setUidState, uid = 10156 allow = true
05-30 18:18:16.097  1592  3323 V LocationPolicy: writePolicyLocked()
05-30 18:18:16.101  3531  3961 D PowerKeeper.Location: setUidState, uid = 10157 allow = true
05-30 18:18:16.101  1592  3323 V LocationPolicy: writePolicyLocked()
05-30 18:18:16.105  3531  3961 D PowerKeeper.Location: setUidState, uid = 10158 allow = true
05-30 18:18:16.105  1592  3323 V LocationPolicy: writePolicyLocked()
05-30 18:18:16.110  3531  3961 D PowerKeeper.Location: setUidState, uid = 10159 allow = true
05-30 18:18:16.111  1592  3323 V LocationPolicy: writePolicyLocked()
05-30 18:18:16.115  3531  3961 D PowerKeeper.Location: setUidState, uid = 10160 allow = true
05-30 18:18:16.115  1592  4285 V LocationPolicy: writePolicyLocked()
05-30 18:18:16.121  3531  3961 D PowerKeeper.Location: setUidState, uid = 10162 allow = true
05-30 18:18:16.121  1592  4285 V LocationPolicy: writePolicyLocked()
05-30 18:18:16.126  3531  3961 D PowerKeeper.Location: setUidState, uid = 10164 allow = true
05-30 18:18:16.126  1592  3985 V LocationPolicy: writePolicyLocked()
05-30 18:18:16.130  3531  3961 D PowerKeeper.Location: setUidState, uid = 10165 allow = true
05-30 18:18:16.131  1592  4283 V LocationPolicy: writePolicyLocked()
05-30 18:18:16.137  3531  3961 D PowerKeeper.Location: setUidState, uid = 10166 allow = true
05-30 18:18:16.137  1592  2400 V LocationPolicy: writePolicyLocked()
05-30 18:18:16.141  3531  3961 D PowerKeeper.Location: setUidState, uid = 10167 allow = true
05-30 18:18:16.141  1592  2400 V LocationPolicy: writePolicyLocked()
05-30 18:18:16.146  3531  3961 D PowerKeeper.Location: setUidState, uid = 10169 allow = true
05-30 18:18:16.146  1592  3985 V LocationPolicy: writePolicyLocked()
05-30 18:18:16.151  3531  3961 D PowerKeeper.Location: setUidState, uid = 10170 allow = true
05-30 18:18:16.152  1592  4283 V LocationPolicy: writePolicyLocked()
05-30 18:18:16.158  3531  3961 D PowerKeeper.Location: setUidState, uid = 10172 allow = true
05-30 18:18:16.163  1592  3985 V LocationPolicy: writePolicyLocked()
05-30 18:18:16.168  1592  1663 D Boost   : hostingType=content provider, hostingName=com.miui.cloudservice/.sync.SyncLogProvider, callerPackage=com.miui.micloudsync, isSystem=true, isBoostNeeded=false.
05-30 18:18:16.170  1592  1663 I ActivityManager: Start proc 4753:com.miui.cloudservice:synclog/u0a91 for content provider com.miui.cloudservice/.sync.SyncLogProvider caller=com.miui.micloudsync
05-30 18:18:16.175  1592  4276 W ActivityManager: Background start not allowed: service Intent { cmp=com.miui.personalassistant/com.xiaomi.mipush.sdk.PushMessageHandler } to com.miui.personalassistant/com.xiaomi.mipush.sdk.PushMessageHandler from pid=4568 uid=10041 pkg=com.miui.personalassistant startFg?=false
05-30 18:18:16.179  1592  3985 W ActivityManager: Background start not allowed: service Intent { cmp=com.miui.personalassistant/com.xiaomi.mipush.sdk.PushMessageHandler } to com.miui.personalassistant/com.xiaomi.mipush.sdk.PushMessageHandler from pid=4568 uid=10041 pkg=com.miui.personalassistant startFg?=false
05-30 18:18:16.184  1592  4271 W ActivityManager: Background start not allowed: service Intent { cmp=com.miui.personalassistant/com.xiaomi.mipush.sdk.PushMessageHandler } to com.miui.personalassistant/com.xiaomi.mipush.sdk.PushMessageHandler from pid=4568 uid=10041 pkg=com.miui.personalassistant startFg?=false
05-30 18:18:16.184  1592  4276 W ActivityManager: Background start not allowed: service Intent { cmp=com.miui.personalassistant/com.xiaomi.mipush.sdk.MessageHandleService } to com.miui.personalassistant/com.xiaomi.mipush.sdk.MessageHandleService from pid=4568 uid=10041 pkg=com.miui.personalassistant startFg?=false
05-30 18:18:16.192  1592  3323 W ActivityManager: Background start not allowed: service Intent { cmp=com.miui.personalassistant/com.xiaomi.mipush.sdk.PushMessageHandler } to com.miui.personalassistant/com.xiaomi.mipush.sdk.PushMessageHandler from pid=4568 uid=10041 pkg=com.miui.personalassistant startFg?=false
05-30 18:18:16.196  1592  4271 W ActivityManager: Background start not allowed: service Intent { cmp=com.miui.personalassistant/com.xiaomi.mipush.sdk.MessageHandleService } to com.miui.personalassistant/com.xiaomi.mipush.sdk.MessageHandleService from pid=4568 uid=10041 pkg=com.miui.personalassistant startFg?=false
05-30 18:18:16.197  1592  3985 W ActivityManager: Background start not allowed: service Intent { cmp=com.miui.personalassistant/com.xiaomi.mipush.sdk.MessageHandleService } to com.miui.personalassistant/com.xiaomi.mipush.sdk.MessageHandleService from pid=4568 uid=10041 pkg=com.miui.personalassistant startFg?=false
05-30 18:18:16.227  1592  4279 W ActivityManager: Background start not allowed: service Intent { cmp=com.miui.personalassistant/com.xiaomi.mipush.sdk.MessageHandleService } to com.miui.personalassistant/com.xiaomi.mipush.sdk.MessageHandleService from pid=4568 uid=10041 pkg=com.miui.personalassistant startFg?=false
05-30 18:18:16.231  1592  4279 W ActivityManager: Background start not allowed: service Intent { cmp=com.miui.personalassistant/com.xiaomi.mipush.sdk.MessageHandleService } to com.miui.personalassistant/com.xiaomi.mipush.sdk.MessageHandleService from pid=4568 uid=10041 pkg=com.miui.personalassistant startFg?=false
05-30 18:18:16.280  1592  1663 D Boost   : hostingType=service, hostingName=com.miui.touchassistant/.CoreService, callerPackage=com.miui.touchassistant, isSystem=true, isBoostNeeded=false.
05-30 18:18:16.284  1592  1663 I ActivityManager: Start proc 4780:com.miui.touchassistant:float/1000 for service com.miui.touchassistant/.CoreService caller=com.miui.touchassistant
05-30 18:18:16.362  1592  3985 W BroadcastQueueInjector: Unable to launch app com.miui.virtualsim/10163 for broadcast Intent { act=android.intent.action.BOOT_COMPLETED flg=0x9000010 (has extras) }: process is not permitted to  auto start
05-30 18:18:16.406  1592  4283 D PerfShielderService: com.miui.home|com.miui.home/com.miui.home.launcher.Launcher|786|69490446377|776|0|2
05-30 18:18:16.470  3531  3961 D PowerKeeper.KillControl: setUidState, uid = 1000 allow = true
05-30 18:18:16.470  3531  3961 D PowerKeeper.KillControl: setUidState, uid = 1001 allow = true
05-30 18:18:16.470  3531  3961 D PowerKeeper.KillControl: setUidState, uid = 1002 allow = true
05-30 18:18:16.470  3531  3961 D PowerKeeper.KillControl: setUidState, uid = 1027 allow = true
05-30 18:18:16.470  3531  3961 D PowerKeeper.KillControl: setUidState, uid = 1068 allow = true
05-30 18:18:16.470  3531  3961 D PowerKeeper.KillControl: setUidState, uid = 2000 allow = true
05-30 18:18:16.470  3531  3961 D PowerKeeper.KillControl: setUidState, uid = 9800 allow = true
05-30 18:18:16.470  3531  3961 D PowerKeeper.KillControl: setUidState, uid = 9801 allow = true
05-30 18:18:16.470  3531  3961 D PowerKeeper.KillControl: setUidState, uid = 9802 allow = true
05-30 18:18:16.470  3531  3961 D PowerKeeper.KillControl: setUidState, uid = 9810 allow = true
05-30 18:18:16.470  3531  3961 D PowerKeeper.KillControl: setUidState, uid = 10000 allow = true
05-30 18:18:16.470  3531  3961 D PowerKeeper.KillControl: setUidState, uid = 10001 allow = true
05-30 18:18:16.471  3531  3961 D PowerKeeper.KillControl: setUidState, uid = 10002 allow = true
05-30 18:18:16.471  3531  3961 D PowerKeeper.KillControl: setUidState, uid = 10003 allow = true
05-30 18:18:16.471  3531  3961 D PowerKeeper.KillControl: setUidState, uid = 10004 allow = true
05-30 18:18:16.471  3531  3961 D PowerKeeper.KillControl: setUidState, uid = 10005 allow = true
05-30 18:18:16.471  3531  3961 D PowerKeeper.KillControl: setUidState, uid = 10006 allow = true
05-30 18:18:16.471  3531  3961 D PowerKeeper.KillControl: setUidState, uid = 10007 allow = true
05-30 18:18:16.471  3531  3961 D PowerKeeper.KillControl: setUidState, uid = 10008 allow = true
05-30 18:18:16.471  3531  3961 D PowerKeeper.KillControl: setUidState, uid = 10009 allow = true
05-30 18:18:16.471  3531  3961 D PowerKeeper.KillControl: setUidState, uid = 10010 allow = true
05-30 18:18:16.472  3531  3961 D PowerKeeper.KillControl: setUidState, uid = 10011 allow = true
