05-30 18:17:18.160  1592  1592 I ActivityManager: Config changes=20005df8 {1.0 ?mcc?mnc [zh_CN] ldltr sw392dp w392dp h785dp 440dpi nrml long port ?uimode ?night -touch -keyb/v/h -nav/h winConfig={ mBounds=Rect(0, 0 - 0, 0) mAppBounds=Rect(0, 0 - 1080, 2160) mWindowingMode=fullscreen mActivityType=undefined} s.2 themeChanged=0 themeChangedFlags=0}
05-30 18:17:18.161  1592  1652 D PinnerService: pinRangeStream: null
05-30 18:17:18.162  1592  1592 I ActivityManager: Override config changes=60007dfc {1.0 ?mcc?mnc [zh_CN] ldltr sw392dp w392dp h785dp 440dpi nrml long port ?uimode ?night -touch -keyb/v/h -nav/h winConfig={ mBounds=Rect(0, 0 - 1080, 2160) mAppBounds=Rect(0, 0 - 1080, 2160) mWindowingMode=fullscreen mActivityType=undefined} s.2 themeChanged=0 themeChangedFlags=0} for displayId=0
05-30 18:17:18.168  1592  1984 I ActivityManager: Config changes=20000400 {1.0 ?mcc?mnc [zh_CN] ldltr sw392dp w392dp h710dp 440dpi nrml long port ?uimode ?night -touch -keyb/v/h -nav/h winConfig={ mBounds=Rect(0, 0 - 0, 0) mAppBounds=Rect(0, 0 - 1080, 2030) mWindowingMode=fullscreen mActivityType=undefined} s.3 themeChanged=0 themeChangedFlags=0}
05-30 18:17:18.169  1592  1984 I ActivityManager: Override config changes=20000400 {1.0 ?mcc?mnc [zh_CN] ldltr sw392dp w392dp h710dp 440dpi nrml long port ?uimode ?night -touch -keyb/v/h -nav/h winConfig={ mBounds=Rect(0, 0 - 1080, 2160) mAppBounds=Rect(0, 0 - 1080, 2030) mWindowingMode=fullscreen mActivityType=undefined} s.3 themeChanged=0 themeChangedFlags=0} for displayId=0
05-30 18:17:18.171  1592  1592 I ActivityManager: Config changes=8 {1.0 ?mcc?mnc [zh_CN] ldltr sw392dp w392dp h710dp 440dpi nrml long port ?uimode ?night finger -keyb/v/h -nav/h winConfig={ mBounds=Rect(0, 0 - 0, 0) mAppBounds=Rect(0, 0 - 1080, 2030) mWindowingMode=fullscreen mActivityType=undefined} s.4 themeChanged=0 themeChangedFlags=0}
05-30 18:17:18.172  1592  1592 I ActivityManager: Override config changes=8 {1.0 ?mcc?mnc [zh_CN] ldltr sw392dp w392dp h710dp 440dpi nrml long port ?uimode ?night finger -keyb/v/h -nav/h winConfig={ mBounds=Rect(0, 0 - 1080, 2160) mAppBounds=Rect(0, 0 - 1080, 2030) mWindowingMode=fullscreen mActivityType=undefined} s.4 themeChanged=0 themeChangedFlags=0} for displayId=0
05-30 18:17:18.173  1592  1592 I SystemServer: StartStorageManagerService
05-30 18:17:18.173  1592  1592 I SystemServiceManager: Starting com.android.server.StorageManagerService$Lifecycle
05-30 18:17:18.175  1592  1652 D PinnerService: pinRangeStream: null
05-30 18:17:18.177  1592  1652 E PinnerService: Could not pin file /system/framework/oat/arm/services.odex
05-30 18:17:18.177  1592  1652 E PinnerService: android.system.ErrnoException: open failed: ENOENT (No such file or directory)
05-30 18:17:18.177  1592  1652 E PinnerService: 	at libcore.io.Linux.open(Native Method)
05-30 18:17:18.177  1592  1652 E PinnerService: 	at libcore.io.BlockGuardOs.open(BlockGuardOs.java:210)
05-30 18:17:18.177  1592  1652 E PinnerService: 	at android.system.Os.open(Os.java:358)
05-30 18:17:18.177  1592  1652 E PinnerService: 	at com.android.server.PinnerService.pinFileRanges(PinnerService.java:790)
05-30 18:17:18.177  1592  1652 E PinnerService: 	at com.android.server.PinnerService.pinFile(PinnerService.java:670)
05-30 18:17:18.177  1592  1652 E PinnerService: 	at com.android.server.PinnerService.handlePinOnStart(PinnerService.java:255)
05-30 18:17:18.177  1592  1652 E PinnerService: 	at com.android.server.PinnerService.access$1400(PinnerService.java:85)
05-30 18:17:18.177  1592  1652 E PinnerService: 	at com.android.server.PinnerService$PinnerHandler.handleMessage(PinnerService.java:998)
05-30 18:17:18.177  1592  1652 E PinnerService: 	at android.os.Handler.dispatchMessage(Handler.java:106)
05-30 18:17:18.177  1592  1652 E PinnerService: 	at android.os.Looper.loop(Looper.java:207)
05-30 18:17:18.177  1592  1652 E PinnerService: 	at android.os.HandlerThread.run(HandlerThread.java:65)
05-30 18:17:18.177  1592  1652 E PinnerService: Failed to pin file = /system/framework/oat/arm/services.odex
05-30 18:17:18.177  1592  1652 D PinnerService: pinRangeStream: null
05-30 18:17:18.182  1592  1989 D StorageManagerService: Thinking about init, mSystemReady=false, mDaemonConnected=true
05-30 18:17:18.182  1592  1989 D StorageManagerService: Thinking about reset, mSystemReady=false, mDaemonConnected=true
05-30 18:17:18.182  1592  1592 I SystemServer: StartStorageStatsService
05-30 18:17:18.182  1592  1592 I SystemServiceManager: Starting com.android.server.usage.StorageStatsService$Lifecycle
05-30 18:17:18.184  1592  1592 I SystemServer: StartUiModeManager
05-30 18:17:18.185  1592  1592 I SystemServiceManager: Starting com.android.server.UiModeManagerService
05-30 18:17:18.185  1592  1972 D SystemServerInitThreadPool: Started executing UiModeManager.onStart
05-30 18:17:18.186  1592  1972 I ActivityManager: Config changes=200 {1.0 ?mcc?mnc [zh_CN] ldltr sw392dp w392dp h710dp 440dpi nrml long port finger -keyb/v/h -nav/h winConfig={ mBounds=Rect(0, 0 - 0, 0) mAppBounds=Rect(0, 0 - 1080, 2030) mWindowingMode=fullscreen mActivityType=undefined} s.5 themeChanged=0 themeChangedFlags=0}
05-30 18:17:18.187  1592  1972 I ActivityManager: Override config changes=200 {1.0 ?mcc?mnc [zh_CN] ldltr sw392dp w392dp h710dp 440dpi nrml long port finger -keyb/v/h -nav/h winConfig={ mBounds=Rect(0, 0 - 1080, 2160) mAppBounds=Rect(0, 0 - 1080, 2030) mWindowingMode=fullscreen mActivityType=undefined} s.5 themeChanged=0 themeChangedFlags=0} for displayId=0
05-30 18:17:18.188  1592  1972 D SystemServerInitThreadPool: Finished executing UiModeManager.onStart
05-30 18:17:18.193  1592  1592 I SystemServer: UpdatePackagesIfNeeded
05-30 18:17:18.194  1592  1592 I SystemServer: StartLockSettingsService
05-30 18:17:18.194  1592  1592 I SystemServiceManager: Starting com.android.server.locksettings.LockSettingsService$Lifecycle
05-30 18:17:18.199  1592  1652 D PinnerService: pinRangeStream: null
05-30 18:17:18.203  1592  1592 I SystemServer: StartPersistentDataBlock
05-30 18:17:18.203  1592  1592 I SystemServiceManager: Starting com.android.server.PersistentDataBlockService
05-30 18:17:18.204  1592  1592 I SystemServer: StartOemLockService
05-30 18:17:18.204  1592  1592 I SystemServiceManager: Starting com.android.server.oemlock.OemLockService
05-30 18:17:18.204  1592  1972 D SystemServerInitThreadPool: Started executing PersistentDataBlockService.onStart
05-30 18:17:18.204  1592  1972 E PersistentDataBlockService: not able to find package com.google.android.gms
05-30 18:17:18.204  1592  1972 E PersistentDataBlockService: android.content.pm.PackageManager$NameNotFoundException: com.google.android.gms
05-30 18:17:18.204  1592  1972 E PersistentDataBlockService: 	at android.app.ApplicationPackageManager.getPackageUidAsUser(ApplicationPackageManager.java:300)
05-30 18:17:18.204  1592  1972 E PersistentDataBlockService: 	at com.android.server.PersistentDataBlockService.getAllowedUid(PersistentDataBlockService.java:113)
05-30 18:17:18.204  1592  1972 E PersistentDataBlockService: 	at com.android.server.PersistentDataBlockService.lambda$onStart$0(PersistentDataBlockService.java:126)
05-30 18:17:18.204  1592  1972 E PersistentDataBlockService: 	at com.android.server.-$$Lambda$PersistentDataBlockService$EZl9OYaT2eNL7kfSr2nKUBjxidk.run(Unknown Source:2)
05-30 18:17:18.204  1592  1972 E PersistentDataBlockService: 	at com.android.server.SystemServerInitThreadPool.lambda$submit$0(SystemServerInitThreadPool.java:64)
05-30 18:17:18.204  1592  1972 E PersistentDataBlockService: 	at com.android.server.-$$Lambda$SystemServerInitThreadPool$7wfLGkZF7FvYZv7xj3ghvuiJJGk.run(Unknown Source:4)
05-30 18:17:18.204  1592  1972 E PersistentDataBlockService: 	at java.util.concurrent.Executors$RunnableAdapter.call(Executors.java:458)
05-30 18:17:18.204  1592  1972 E PersistentDataBlockService: 	at java.util.concurrent.FutureTask.run(FutureTask.java:266)
05-30 18:17:18.204  1592  1972 E PersistentDataBlockService: 	at java.util.concurrent.ThreadPoolExecutor.runWorker(ThreadPoolExecutor.java:1167)
05-30 18:17:18.204  1592  1972 E PersistentDataBlockService: 	at java.util.concurrent.ThreadPoolExecutor$Worker.run(ThreadPoolExecutor.java:641)
05-30 18:17:18.204  1592  1972 E PersistentDataBlockService: 	at com.android.internal.util.ConcurrentUtils$1$1.run(ConcurrentUtils.java:62)
05-30 18:17:18.206  1592  1592 I OemLock : OemLock HAL not present on device
05-30 18:17:18.206  1592  1592 I OemLock : Using persistent data block based lock
05-30 18:17:18.207  1592  1592 I SystemServer: StartDeviceIdleController
05-30 18:17:18.207  1592  1592 I SystemServiceManager: Starting com.android.server.DeviceIdleController
05-30 18:17:18.220  1592  1592 I SystemServer: StartDevicePolicyManager
05-30 18:17:18.221  1592  1592 I SystemServiceManager: Starting com.android.server.devicepolicy.DevicePolicyManagerService$Lifecycle
05-30 18:17:18.227  1592  1972 D SystemServerInitThreadPool: Finished executing PersistentDataBlockService.onStart
05-30 18:17:18.228  1592  1592 I SystemServer: StartStatusBarManagerService
05-30 18:17:18.230  1592  1592 I SystemServer: StartClipboardService
05-30 18:17:18.230  1592  1592 I SystemServiceManager: Starting com.android.server.clipboard.ClipboardService
05-30 18:17:18.232  1592  1592 I SystemServer: StartNetworkManagementService
05-30 18:17:18.233  1592  1994 I NetworkManagement: onDaemonConnected()
05-30 18:17:18.235  1592  1592 I SystemServer: StartIpSecService
05-30 18:17:18.236  1592  1592 I SystemServer: StartTextServicesManager
05-30 18:17:18.236  1592  1592 I SystemServiceManager: Starting com.android.server.TextServicesManagerService$Lifecycle
05-30 18:17:18.237  1592  1592 I SystemServer: StartTextClassificationManagerService
05-30 18:17:18.237  1592  1592 I SystemServiceManager: Starting com.android.server.textclassifier.TextClassificationManagerService$Lifecycle
05-30 18:17:18.238  1592  1592 I SystemServer: StartNetworkScoreService
05-30 18:17:18.238  1592  1592 I SystemServiceManager: Starting com.android.server.NetworkScoreService$Lifecycle
05-30 18:17:18.239  1592  1592 I SystemServer: StartNetworkStatsService
05-30 18:17:18.245  1592  1592 I SystemServer: StartNetworkPolicyManagerService
05-30 18:17:18.251  1592  1592 I SystemServer: StartWifi
05-30 18:17:18.252  1592  1652 D PinnerService: pinRangeStream: null
05-30 18:17:18.263  1592  1652 I chatty  : uid=1000(system) android.bg identical 2 lines
05-30 18:17:18.268  1592  1652 D PinnerService: pinRangeStream: null
05-30 18:17:18.271  1592  1592 I SystemServiceManager: Starting com.android.server.wifi.WifiService
05-30 18:17:18.277  1592  1652 D PinnerService: pinRangeStream: null
05-30 18:17:18.291  1592  1652 I chatty  : uid=1000(system) android.bg identical 3 lines
05-30 18:17:18.302  1592  1652 D PinnerService: pinRangeStream: null
05-30 18:17:18.389  1592  1592 I SystemServer: StartWifiScanning
05-30 18:17:18.390  1592  1592 I SystemServiceManager: Starting com.android.server.wifi.scanner.WifiScanningService
05-30 18:17:18.392  1592  1592 I SystemServer: StartWifiP2P
05-30 18:17:18.393  1592  1592 I SystemServiceManager: Starting com.android.server.wifi.p2p.WifiP2pService
05-30 18:17:18.398  1592  1592 I SystemServer: StartEthernet
05-30 18:17:18.402  1592  1592 I SystemServiceManager: Starting com.android.server.ethernet.EthernetService
05-30 18:17:18.403  1592  1592 I SystemServer: StartConnectivityService
05-30 18:17:18.406  1592  1592 D ConnectivityService: ConnectivityService starting up
05-30 18:17:18.438  1592  1592 D ConnectivityService: wifiOnly=false
05-30 18:17:18.438  1592  1592 E ConnectivityService: Ignoring protectedNetwork 14
05-30 18:17:18.438  1592  1592 E ConnectivityService: Ignoring protectedNetwork 15
05-30 18:17:18.449  1592  1592 I SystemServer: StartNsdService
05-30 18:17:18.450  1592  1592 D NsdService: Network service discovery is enabled
05-30 18:17:18.451  1592  1592 I SystemServer: StartSystemUpdateManagerService
05-30 18:17:18.451  1592  1592 I SystemUpdateManagerService: No existing info file /data/system/system-update-info.xml
05-30 18:17:18.452  1592  1592 I SystemServer: StartUpdateLockService
05-30 18:17:18.453  1592  1592 I SystemServer: StartNotificationManager
05-30 18:17:18.453  1592  1592 I SystemServiceManager: Starting com.android.server.notification.NotificationManagerService
05-30 18:17:18.462  1592  1592 D ConditionProviders.SCP: new ScheduleConditionProvider()
05-30 18:17:18.470  1592  1592 I NotificationListeners: Read notification listener permissions from xml
05-30 18:17:18.470  1592  1592 I NotificationAssistants: Read notification assistant permissions from xml
05-30 18:17:18.470  1592  1592 I ConditionProviders: Read condition provider permissions from xml
05-30 18:17:18.470  1592  1592 I ConditionProviders: Read condition provider permissions from xml
05-30 18:17:18.476  1592  1592 I SystemServer: StartDeviceMonitor
05-30 18:17:18.476  1592  1592 I SystemServiceManager: Starting com.android.server.storage.DeviceStorageMonitorService
05-30 18:17:18.478  1592  1592 I SystemServer: StartLocationManagerService
05-30 18:17:18.483  1592  1592 I SystemServer: StartCountryDetectorService
05-30 18:17:18.484  1592  1592 I SystemServer: StartSearchManagerService
05-30 18:17:18.484  1592  1592 I SystemServiceManager: Starting com.android.server.search.SearchManagerService$Lifecycle
05-30 18:17:18.485  1592  1592 I SystemServer: StartWallpaperManagerService
05-30 18:17:18.485  1592  1592 I SystemServiceManager: Starting com.android.server.wallpaper.WallpaperManagerService$Lifecycle
05-30 18:17:18.487  1592  1592 I SystemServer: StartAudioService
05-30 18:17:18.487  1592  1592 I SystemServiceManager: Starting com.android.server.audio.AudioService$Lifecycle
05-30 18:17:18.575  1592  1592 I SystemServer: StartDockObserver
05-30 18:17:18.575  1592  1592 I SystemServiceManager: Starting com.android.server.DockObserver
05-30 18:17:18.576  1592  1592 W DockObserver: This kernel does not have dock station support
05-30 18:17:18.576  1592  1592 I SystemServer: StartWiredAccessoryManager
05-30 18:17:18.577  1592  1592 W WiredAccessoryManager: This kernel does not have usb audio support
05-30 18:17:18.577  1592  1592 V WiredAccessoryManager: Monitor DP conn soc:qcom,msm-ext-disp/1/0
05-30 18:17:18.577  1592  1592 V WiredAccessoryManager: UEvent dev address controller=1;stream=0
05-30 18:17:18.577  1592  1592 V WiredAccessoryManager: checkDevIndex /sys/devices/platform/soc/soc:qcom,msm-ext-disp/extcon/extcon0/name
05-30 18:17:18.577  1592  1592 E WiredAccessoryManager: file /sys/devices/platform/soc/soc:qcom,msm-ext-disp/extcon/extcon0/name not found
05-30 18:17:18.577  1592  1592 W WiredAccessoryManager: Conn soc:qcom,msm-ext-disp/1/0 does not have DP audio support
05-30 18:17:18.577  1592  1592 V WiredAccessoryManager: Monitor DP conn soc:qcom,msm-ext-disp/0/0
05-30 18:17:18.577  1592  1592 V WiredAccessoryManager: UEvent dev address controller=0;stream=0
05-30 18:17:18.577  1592  1592 V WiredAccessoryManager: checkDevIndex /sys/devices/platform/soc/soc:qcom,msm-ext-disp/extcon/extcon0/name
05-30 18:17:18.577  1592  1592 E WiredAccessoryManager: file /sys/devices/platform/soc/soc:qcom,msm-ext-disp/extcon/extcon0/name not found
05-30 18:17:18.577  1592  1592 W WiredAccessoryManager: Conn soc:qcom,msm-ext-disp/0/0 does not have DP audio support
05-30 18:17:18.577  1592  1592 I SystemServer: StartMidiManager
05-30 18:17:18.577  1592  1592 I SystemServiceManager: Starting com.android.server.midi.MidiService$Lifecycle
05-30 18:17:18.578  1592  1592 I SystemServer: StartUsbService
05-30 18:17:18.579  1592  1592 I SystemServiceManager: Starting com.android.server.usb.UsbService$Lifecycle
05-30 18:17:18.580  1592  1592 E UsbDeviceManager: failed to write to /sys/class/android_usb/android0/f_rndis/ethaddr
05-30 18:17:18.581  1592  1592 I UsbDeviceManager: USB GADGET HAL not present in the device
05-30 18:17:18.581  1592  1592 I UsbDeviceManager: java.util.NoSuchElementException
05-30 18:17:18.581  1592  1592 I UsbDeviceManager: 	at android.os.HwBinder.getService(Native Method)
05-30 18:17:18.581  1592  1592 I UsbDeviceManager: 	at android.hardware.usb.gadget.V1_0.IUsbGadget.getService(IUsbGadget.java:40)
05-30 18:17:18.581  1592  1592 I UsbDeviceManager: 	at android.hardware.usb.gadget.V1_0.IUsbGadget.getService(IUsbGadget.java:44)
05-30 18:17:18.581  1592  1592 I UsbDeviceManager: 	at com.android.server.usb.UsbDeviceManager.<init>(UsbDeviceManager.java:269)
05-30 18:17:18.581  1592  1592 I UsbDeviceManager: 	at com.android.server.usb.UsbService.<init>(UsbService.java:139)
05-30 18:17:18.581  1592  1592 I UsbDeviceManager: 	at com.android.server.usb.UsbService$Lifecycle.onStart(UsbService.java:73)
05-30 18:17:18.581  1592  1592 I UsbDeviceManager: 	at com.android.server.SystemServiceManager.startService(SystemServiceManager.java:126)
05-30 18:17:18.581  1592  1592 I UsbDeviceManager: 	at com.android.server.SystemServiceManager.startService(SystemServiceManager.java:113)
05-30 18:17:18.581  1592  1592 I UsbDeviceManager: 	at com.android.server.SystemServiceManager.startService(SystemServiceManager.java:72)
05-30 18:17:18.581  1592  1592 I UsbDeviceManager: 	at com.android.server.SystemServer.startOtherServices(SystemServer.java:1381)
05-30 18:17:18.581  1592  1592 I UsbDeviceManager: 	at com.android.server.SystemServer.run(SystemServer.java:449)
05-30 18:17:18.581  1592  1592 I UsbDeviceManager: 	at com.android.server.SystemServer.main(SystemServer.java:308)
05-30 18:17:18.581  1592  1592 I UsbDeviceManager: 	at java.lang.reflect.Method.invoke(Native Method)
05-30 18:17:18.581  1592  1592 I UsbDeviceManager: 	at com.android.internal.os.RuntimeInit$MethodAndArgsCaller.run(RuntimeInit.java:547)
05-30 18:17:18.581  1592  1592 I UsbDeviceManager: 	at com.android.internal.os.ZygoteInit.main(ZygoteInit.java:856)
05-30 18:17:18.582  1592  1592 E UsbDeviceManager: Failed to open control for mtp
05-30 18:17:18.582  1592  1592 E UsbDeviceManager: Failed to open control for mtp
05-30 18:17:18.594  1592  1983 I UsbPortManager: Usb hal service started android.hardware.usb@1.0::IUsb default
05-30 18:17:18.600  1592  1592 I SystemServer: StartSerialService
05-30 18:17:18.601  1592  1592 I SystemServer: StartHardwarePropertiesManagerService
05-30 18:17:18.607  1592  1592 I SystemServer: StartTwilightService
05-30 18:17:18.607  1592  1592 I SystemServiceManager: Starting com.android.server.twilight.TwilightService
05-30 18:17:18.608  1592  1592 I SystemServer: StartNightDisplay
05-30 18:17:18.608  1592  1592 I SystemServiceManager: Starting com.android.server.display.ColorDisplayService
05-30 18:17:18.608  1592  1592 I SystemServer: StartJobScheduler
05-30 18:17:18.608  1592  1592 I SystemServiceManager: Starting com.android.server.job.JobSchedulerService
05-30 18:17:18.613  1592  1592 D JobStore: Start tag: job-info
05-30 18:17:18.617  1592  1592 I JobStore: Read 51 jobs
05-30 18:17:18.621  1592  1592 I SystemServer: StartSoundTrigger
05-30 18:17:18.621  1592  1592 I SystemServiceManager: Starting com.android.server.soundtrigger.SoundTriggerService
05-30 18:17:18.622  1592  1592 I SystemServer: StartTrustManager
05-30 18:17:18.622  1592  1592 I SystemServiceManager: Starting com.android.server.trust.TrustManagerService
05-30 18:17:18.643  1592  1592 I WakePathChecker: updateLauncherPackageNames =com.miui.home
05-30 18:17:18.643  1592  1592 I WakePathChecker: updateLauncherPackageNames =com.android.settings
05-30 18:17:18.648  1592  2026 W MiuiCompatModePackages: Error reading compat-packages
05-30 18:17:18.648  1592  2026 W MiuiCompatModePackages: java.io.FileNotFoundException: /data/system/cutout-mode.xml (No such file or directory)
05-30 18:17:18.648  1592  2026 W MiuiCompatModePackages: 	at java.io.FileInputStream.open0(Native Method)
05-30 18:17:18.648  1592  2026 W MiuiCompatModePackages: 	at java.io.FileInputStream.open(FileInputStream.java:231)
05-30 18:17:18.648  1592  2026 W MiuiCompatModePackages: 	at java.io.FileInputStream.<init>(FileInputStream.java:165)
05-30 18:17:18.648  1592  2026 W MiuiCompatModePackages: 	at android.util.AtomicFile.openRead(AtomicFile.java:229)
05-30 18:17:18.648  1592  2026 W MiuiCompatModePackages: 	at com.miui.server.MiuiCompatModePackages.readCutoutModeConfig(MiuiCompatModePackages.java:320)
05-30 18:17:18.648  1592  2026 W MiuiCompatModePackages: 	at com.miui.server.MiuiCompatModePackages.access$000(MiuiCompatModePackages.java:60)
05-30 18:17:18.648  1592  2026 W MiuiCompatModePackages: 	at com.miui.server.MiuiCompatModePackages$CompatHandler.handleMessage(MiuiCompatModePackages.java:125)
05-30 18:17:18.648  1592  2026 W MiuiCompatModePackages: 	at android.os.Handler.dispatchMessage(Handler.java:106)
05-30 18:17:18.648  1592  2026 W MiuiCompatModePackages: 	at android.os.Looper.loop(Looper.java:207)
05-30 18:17:18.648  1592  2026 W MiuiCompatModePackages: 	at android.os.HandlerThread.run(HandlerThread.java:65)
05-30 18:17:18.648  1592  2026 W MiuiCompatModePackages: 	at com.android.server.ServiceThread.run(ServiceThread.java:45)
05-30 18:17:18.648  1592  2026 W MiuiCompatModePackages: Error reading compat-packages
05-30 18:17:18.648  1592  2026 W MiuiCompatModePackages: java.io.FileNotFoundException: /data/system/miui-specail-mode-v2.xml (No such file or directory)
05-30 18:17:18.648  1592  2026 W MiuiCompatModePackages: 	at java.io.FileInputStream.open0(Native Method)
05-30 18:17:18.648  1592  2026 W MiuiCompatModePackages: 	at java.io.FileInputStream.open(FileInputStream.java:231)
05-30 18:17:18.648  1592  2026 W MiuiCompatModePackages: 	at java.io.FileInputStream.<init>(FileInputStream.java:165)
05-30 18:17:18.648  1592  2026 W MiuiCompatModePackages: 	at android.util.AtomicFile.openRead(AtomicFile.java:229)
05-30 18:17:18.648  1592  2026 W MiuiCompatModePackages: 	at com.miui.server.MiuiCompatModePackages.readSpecialModeConfig(MiuiCompatModePackages.java:263)
05-30 18:17:18.648  1592  2026 W MiuiCompatModePackages: 	at com.miui.server.MiuiCompatModePackages.access$100(MiuiCompatModePackages.java:60)
05-30 18:17:18.648  1592  2026 W MiuiCompatModePackages: 	at com.miui.server.MiuiCompatModePackages$CompatHandler.handleMessage(MiuiCompatModePackages.java:126)
05-30 18:17:18.648  1592  2026 W MiuiCompatModePackages: 	at android.os.Handler.dispatchMessage(Handler.java:106)
05-30 18:17:18.648  1592  2026 W MiuiCompatModePackages: 	at android.os.Looper.loop(Looper.java:207)
05-30 18:17:18.648  1592  2026 W MiuiCompatModePackages: 	at android.os.HandlerThread.run(HandlerThread.java:65)
05-30 18:17:18.648  1592  2026 W MiuiCompatModePackages: 	at com.android.server.ServiceThread.run(ServiceThread.java:45)
05-30 18:17:18.648  1592  2026 W MiuiCompatModePackages: Error reading compat-packages
05-30 18:17:18.648  1592  2026 W MiuiCompatModePackages: java.io.FileNotFoundException: /data/system/miui-packages-compat.xml (No such file or directory)
05-30 18:17:18.648  1592  2026 W MiuiCompatModePackages: 	at java.io.FileInputStream.open0(Native Method)
05-30 18:17:18.648  1592  2026 W MiuiCompatModePackages: 	at java.io.FileInputStream.open(FileInputStream.java:231)
05-30 18:17:18.648  1592  2026 W MiuiCompatModePackages: 	at java.io.FileInputStream.<init>(FileInputStream.java:165)
05-30 18:17:18.648  1592  2026 W MiuiCompatModePackages: 	at android.util.AtomicFile.openRead(AtomicFile.java:229)
05-30 18:17:18.648  1592  2026 W MiuiCompatModePackages: 	at com.miui.server.MiuiCompatModePackages.readPackagesConfig(MiuiCompatModePackages.java:377)
05-30 18:17:18.648  1592  2026 W MiuiCompatModePackages: 	at com.miui.server.MiuiCompatModePackages.access$200(MiuiCompatModePackages.java:60)
05-30 18:17:18.648  1592  2026 W MiuiCompatModePackages: 	at com.miui.server.MiuiCompatModePackages$CompatHandler.handleMessage(MiuiCompatModePackages.java:127)
05-30 18:17:18.648  1592  2026 W MiuiCompatModePackages: 	at android.os.Handler.dispatchMessage(Handler.java:106)
05-30 18:17:18.648  1592  2026 W MiuiCompatModePackages: 	at android.os.Looper.loop(Looper.java:207)
05-30 18:17:18.648  1592  2026 W MiuiCompatModePackages: 	at android.os.HandlerThread.run(HandlerThread.java:65)
05-30 18:17:18.648  1592  2026 W MiuiCompatModePackages: 	at com.android.server.ServiceThread.run(ServiceThread.java:45)
05-30 18:17:18.650  1592  2026 I MiuiCompatModePackages: registering process observer...
05-30 18:17:18.652  1592  1592 D WMServiceConnection: schedule bind in 60000ms
05-30 18:17:18.657  1592  1592 E whetstone.activity: could not find removeTask
05-30 18:17:18.657  1592  1592 E whetstone.activity: could not find removeTaskByIdLocked
05-30 18:17:18.659  1592  1592 I SystemServiceManager: Starting com.android.server.display.ScreenEffectService
05-30 18:17:18.661  1592  1592 D DisplayFeatureManager: initProxyLoced CONFIG_SERVICENAME_RESOURCEID = 0 hidlServiceName = vendor.xiaomi.hardware.displayfeature@1.0::IDisplayFeature
05-30 18:17:18.664  1592  1592 I SystemServer: StartBackupManager
05-30 18:17:18.664  1592  1592 I SystemServiceManager: Starting com.android.server.backup.BackupManagerService$Lifecycle
05-30 18:17:18.667  1592  1592 I SystemServer: StartAppWidgerService
05-30 18:17:18.668  1592  1592 I SystemServiceManager: Starting com.android.server.appwidget.AppWidgetService
05-30 18:17:18.670  1592  1592 I SystemServer: StartVoiceRecognitionManager
05-30 18:17:18.670  1592  1592 I SystemServiceManager: Starting com.android.server.voiceinteraction.VoiceInteractionManagerService
05-30 18:17:18.670  1592  1592 I SystemServer: StartSensorNotification
05-30 18:17:18.671  1592  1592 I SystemServiceManager: Starting com.android.server.SensorNotificationService
05-30 18:17:18.671  1592  1592 I SystemServer: StartContextHubSystemService
05-30 18:17:18.671  1592  1592 I SystemServiceManager: Starting com.android.server.ContextHubSystemService
05-30 18:17:18.671  1592  1592 I SystemServer: StartDiskStatsService
05-30 18:17:18.671  1592  1972 D SystemServerInitThreadPool: Started executing Init ContextHubSystemService
05-30 18:17:18.672  1592  1592 I SystemServer: StartNetworkTimeUpdateService
05-30 18:17:18.673  1592  1972 D SystemServerInitThreadPool: Finished executing Init ContextHubSystemService
05-30 18:17:18.673  1592  1592 I SystemServer: StartCommonTimeManagementService
05-30 18:17:18.674  1592  1592 I SystemServer: CertBlacklister
05-30 18:17:18.674  1592  1592 I SystemServer: StartEmergencyAffordanceService
05-30 18:17:18.674  1592  1592 I SystemServiceManager: Starting com.android.server.emergency.EmergencyAffordanceService
05-30 18:17:18.675  1592  1592 I SystemServer: StartDreamManager
05-30 18:17:18.675  1592  1592 I SystemServiceManager: Starting com.android.server.dreams.DreamManagerService
05-30 18:17:18.676  1592  1592 I SystemServer: AddGraphicsStatsService
05-30 18:17:18.680  1592  1592 I SystemServer: StartPrintManager
05-30 18:17:18.680  1592  1592 I SystemServiceManager: Starting com.android.server.print.PrintManagerService
05-30 18:17:18.682  1592  1592 I SystemServer: StartCompanionDeviceManager
05-30 18:17:18.683  1592  1592 I SystemServiceManager: Starting com.android.server.companion.CompanionDeviceManagerService
05-30 18:17:18.685  1592  1592 I SystemServer: StartRestrictionManager
05-30 18:17:18.685  1592  1592 I SystemServiceManager: Starting com.android.server.restrictions.RestrictionsManagerService
05-30 18:17:18.685  1592  1592 I SystemServer: StartMediaSessionService
05-30 18:17:18.686  1592  1592 I SystemServiceManager: Starting com.android.server.media.MediaSessionService
05-30 18:17:18.692  1592  1592 I SystemServer: StartMediaUpdateService
05-30 18:17:18.692  1592  1592 I SystemServiceManager: Starting com.android.server.media.MediaUpdateService
05-30 18:17:18.693  1592  1592 I SystemServer: StartMediaResourceMonitor
05-30 18:17:18.693  1592  1592 I SystemServiceManager: Starting com.android.server.media.MediaResourceMonitorService
05-30 18:17:18.693  1592  1592 I SystemServer: StartMediaRouterService
05-30 18:17:18.695  1592  1592 I SystemServer: StartFingerprintSensor
05-30 18:17:18.695  1592  1592 I SystemServiceManager: Starting com.android.server.fingerprint.FingerprintService
05-30 18:17:18.698  1592  1972 D SystemServerInitThreadPool: Started executing FingerprintService.onStart
05-30 18:17:18.698  1592  1972 V FingerprintService: mDaemon was null, reconnect to fingerprint
05-30 18:17:18.702  1592  1592 I SystemServer: StartBackgroundDexOptService
05-30 18:17:18.703  1592  1972 V FingerprintService: Fingerprint HAL id: 507638976512
05-30 18:17:18.703  1592  1592 I SystemServer: StartPruneInstantAppsJobService
05-30 18:17:18.703  1592  1592 I SystemServer: StartShortcutServiceLifecycle
05-30 18:17:18.704  1592  1592 I SystemServiceManager: Starting com.android.server.pm.ShortcutService$Lifecycle
05-30 18:17:18.706  1592  1592 I SystemServer: StartLauncherAppsService
05-30 18:17:18.706  1592  1592 I SystemServiceManager: Starting com.android.server.pm.LauncherAppsService
05-30 18:17:18.708  1592  1592 I SystemServer: StartCrossProfileAppsService
05-30 18:17:18.708  1592  1592 I SystemServiceManager: Starting com.android.server.pm.CrossProfileAppsService
05-30 18:17:18.709  1592  1592 I SystemServer: StartMediaProjectionManager
05-30 18:17:18.709  1592  1592 I SystemServiceManager: Starting com.android.server.media.projection.MediaProjectionManagerService
05-30 18:17:18.714  1592  1592 I SystemServer: StartSliceManagerService
05-30 18:17:18.714  1592  1592 I SystemServiceManager: Starting com.android.server.slice.SliceManagerService$Lifecycle
05-30 18:17:18.718  1592  1592 I SystemServer: StartCameraServiceProxy
05-30 18:17:18.718  1592  1592 I SystemServiceManager: Starting com.android.server.camera.CameraServiceProxy
05-30 18:17:18.721  1592  1592 I SystemServer: StartStatsCompanionService
05-30 18:17:18.721  1592  1592 I SystemServiceManager: Starting com.android.server.stats.StatsCompanionService$Lifecycle
05-30 18:17:18.722  1592  1592 I KernelUidCpuFreqTimeReader: mPerClusterTimesAvailable=false
05-30 18:17:18.723  1592  1592 I SystemServer: StartJitCompilation
05-30 18:17:18.723  1592  1592 I SystemServer: StartMmsService
05-30 18:17:18.724  1592  1592 I SystemServiceManager: Starting com.android.server.MmsServiceBroker
05-30 18:17:18.725  1592  1592 I SystemServer: StartAutoFillService
05-30 18:17:18.726  1592  1592 I SystemServiceManager: Starting com.android.server.autofill.AutofillManagerService
05-30 18:17:18.729  1592  1592 I AutofillManagerService: Setting debug to true
05-30 18:17:18.731  1592  1592 I SystemServer: MakeVibratorServiceReady
05-30 18:17:18.740  1592  1592 I SystemServer: MakeLockSettingsServiceReady
05-30 18:17:18.750  1592  1972 V FingerprintService: Enumerating user(0)
05-30 18:17:18.750  1592  1972 V FingerprintService: starting client InternalEnumerateClient(android), initiatedByClient = true
05-30 18:17:18.753  1592  1972 D SystemServerInitThreadPool: Finished executing FingerprintService.onStart
05-30 18:17:18.763  1592  1592 I SyntheticPasswordManager: Device does not support weaver
05-30 18:17:18.764  1592  1592 I LockSettingsService: Device doesn't implement AuthSecret HAL
05-30 18:17:18.766  1592  1592 E LockSettingsStorage: Cannot read file java.io.FileNotFoundException: /data/system/gatekeeper.password.key: open failed: ENOENT (No such file or directory)
05-30 18:17:18.766  1592  1592 E LockSettingsStorage: Cannot read file java.io.FileNotFoundException: /data/system/password.key: open failed: ENOENT (No such file or directory)
05-30 18:17:18.766  1592  1592 E LockSettingsStorage: Cannot read file java.io.FileNotFoundException: /data/system/gatekeeper.pattern.key: open failed: ENOENT (No such file or directory)
05-30 18:17:18.766  1592  1592 E LockSettingsStorage: Cannot read file java.io.FileNotFoundException: /data/system/gatekeeper.gesture.key: open failed: ENOENT (No such file or directory)
05-30 18:17:18.766  1592  1592 E LockSettingsStorage: Cannot read file java.io.FileNotFoundException: /data/system/gesture.key: open failed: ENOENT (No such file or directory)
05-30 18:17:18.767  1592  1592 I SystemServer: StartBootPhaseLockSettingsReady
05-30 18:17:18.767  1592  1592 I SystemServiceManager: Starting phase 480
05-30 18:17:18.773  1592  1592 I DevicePolicyManager: Set ro.device_owner property to false
05-30 18:17:18.774  1592  1972 D SystemServerInitThreadPool: Started executing DevicePolicyManager
05-30 18:17:18.774  1592  1972 D SystemServerInitThreadPool: Finished executing DevicePolicyManager
05-30 18:17:18.776  1592  1592 I SystemServiceManager: Starting phase 480 done
05-30 18:17:18.776  1592  1592 I SystemServer: StartBootPhaseSystemServicesReady
05-30 18:17:18.776  1592  1592 I SystemServiceManager: Starting phase 500
05-30 18:17:18.796  1592  1971 W OverlayManager: failed to generate idmap for /system/priv-app/Mms/Mms.apk and /vendor/overlay/CmccMmsRes.apk: android.os.ServiceSpecificException:  (code 2)
05-30 18:17:19.062  1592  1971 W OverlayManager: failed to generate idmap for /system/priv-app/MiuiSystemUI/MiuiSystemUI.apk and /vendor/overlay/CtSystemUITheme/CtSystemUIRes.apk: android.os.ServiceSpecificException:  (code 2)
05-30 18:17:19.192  1592  1971 D SystemServerInitThreadPool: Finished executing Init OverlayManagerService
05-30 18:17:19.192  1592  1592 W SystemServiceManager: Service com.android.server.om.OverlayManagerService took 415 ms in onBootPhase
05-30 18:17:19.193  1592  1592 D AppStandbyController: Setting app idle enabled state
05-30 18:17:19.196  1592  1592 I VrManagerService: No default vr listener service found.
05-30 18:17:19.203  1592  1592 I WifiService: WifiService starting up with Wi-Fi enabled
05-30 18:17:19.232  1592  1592 D WifiService: setWifiEnabled: true pid=1592, uid=1000, package=android
05-30 18:17:19.239  1592  2005 D ConnectivityService: Got NetworkFactory Messenger for Ethernet
05-30 18:17:19.264  1592  2035 D DisplayFeatureManager: setScreenEffect mode=0 value=2
05-30 18:17:19.266  1592  1592 I SystemServiceManager: Starting phase 500 done
05-30 18:17:19.266  1592  1592 I SystemServer: MakeWindowManagerServiceReady
05-30 18:17:19.288  1592  1592 D MiuiGestureController: hasNavigationBar: true
05-30 18:17:19.290  1592  1592 I SystemServer: MakePowerManagerServiceReady
05-30 18:17:19.294   735   735 I android.hardware.wifi@1.0-service: Wifi HAL started
05-30 18:17:19.298  1592  1592 I AutomaticBrightnessControllerInjector: AUTO_BRIGHTNESS_MIN_NIT_SPLINE: MonotoneCubicSpline{[(10.0, 1.0: 0.2), (15.0, 2.0: 0.2), (20.0, 3.0: 0.2), (25.0, 4.0: 0.2)]}
05-30 18:17:19.304  1592  1712 I WindowManager: Screen turning on...
05-30 18:17:19.304  1592  1712 W KeyguardServiceDelegate: onScreenTurningOn(): no keyguard service!
05-30 18:17:19.305  1592  1712 W BackLightController: brightness dynamic range not support.
05-30 18:17:19.305  1592  1712 D DisplayPowerController: Animating brightness: target=1072, rate=4932
05-30 18:17:19.307  1592  1592 I SystemServer: MakePackageManagerServiceReady
05-30 18:17:19.307  1592  1592 D SecSpaceManagerService: init SecSpaceManagerService
05-30 18:17:19.308  1592  1592 I GreenKidManagerService: Disable GreenGuard agent : [ com.miui.greenguard] .
05-30 18:17:19.317   627   627 D vold    : Remounting 10163 as mode none
05-30 18:17:19.324   627   627 D vold    : Remounting 10163 as mode none
05-30 18:17:19.333   627   627 D vold    : Remounting 10153 as mode none
05-30 18:17:19.338   627   627 D vold    : Remounting 10153 as mode none
05-30 18:17:19.381  1592  1592 V UserDataPreparer: Found /data/user_de/0 with serial number 0
05-30 18:17:19.382  1592  1592 V UserDataPreparer: Found /data/user/0 with serial number 0
05-30 18:17:19.382  1592  1592 V UserDataPreparer: Found /data/system_de/0 with serial number 0
05-30 18:17:19.382  1592  1592 V UserDataPreparer: Found /data/system_ce/0 with serial number 0
05-30 18:17:19.383  1592  1592 V UserDataPreparer: Found /data/misc_ce/0 with serial number -1
05-30 18:17:19.383  1592  1592 D UserDataPreparer: Serial number missing on /data/misc_ce/0; assuming current is valid
05-30 18:17:19.386  1592  1592 I SystemServer: MakeDisplayManagerServiceReady
05-30 18:17:19.386  1592  1592 I SystemServer: StartDeviceSpecificServices
05-30 18:17:19.386  1592  1592 I SystemServer: StartBootPhaseDeviceSpecificServicesReady
05-30 18:17:19.386  1592  1592 I SystemServiceManager: Starting phase 520
05-30 18:17:19.386  1592  1592 I SystemServiceManager: Starting phase 520 done
05-30 18:17:19.387  1592  1592 W UsageStatsService: Event reported without a package name
05-30 18:17:19.399  1592  1592 I AppOps  : Pruning old package system/com.android.server.AppOpsService$UidState@7b64ed7: new uid=-1
05-30 18:17:19.403  1592  1592 I ActivityManager: System now ready
05-30 18:17:19.408  1592  1592 I ActivityManager: Config changes=100 {1.0 ?mcc?mnc [zh_CN] ldltr sw392dp w392dp h710dp 440dpi nrml long port finger -keyb/v/h -nav/h winConfig={ mBounds=Rect(0, 0 - 0, 0) mAppBounds=Rect(0, 0 - 1080, 2030) mWindowingMode=fullscreen mActivityType=undefined} s.6 themeChanged=0 themeChangedFlags=0}
05-30 18:17:19.409  1592  1592 I ActivityManager: Override config changes=100 {1.0 ?mcc?mnc [zh_CN] ldltr sw392dp w392dp h710dp 440dpi nrml long port finger -keyb/v/h -nav/h winConfig={ mBounds=Rect(0, 0 - 1080, 2160) mAppBounds=Rect(0, 0 - 1080, 2030) mWindowingMode=fullscreen mActivityType=undefined} s.6 themeChanged=0 themeChangedFlags=0} for displayId=0
05-30 18:17:19.413  1592  1701 I ActivityManager: Config changes=100 {1.0 ?mcc?mnc [zh_CN] ldltr sw392dp w392dp h710dp 440dpi nrml long port finger -keyb/v/h -nav/h winConfig={ mBounds=Rect(0, 0 - 0, 0) mAppBounds=Rect(0, 0 - 1080, 2030) mWindowingMode=fullscreen mActivityType=undefined} s.7 themeChanged=0 themeChangedFlags=0}
05-30 18:17:19.414  1592  1701 I ActivityManager: Override config changes=100 {1.0 ?mcc?mnc [zh_CN] ldltr sw392dp w392dp h710dp 440dpi nrml long port finger -keyb/v/h -nav/h winConfig={ mBounds=Rect(0, 0 - 1080, 2160) mAppBounds=Rect(0, 0 - 1080, 2030) mWindowingMode=fullscreen mActivityType=undefined} s.7 themeChanged=0 themeChangedFlags=0} for displayId=0
05-30 18:17:19.416  1592  1592 I SystemServer: Making services ready
05-30 18:17:19.416  1592  1592 I SystemServer: StartActivityManagerReadyPhase
05-30 18:17:19.416  1592  1592 I SystemServiceManager: Starting phase 550
05-30 18:17:19.468   735   735 I android.hardware.wifi@1.0-service: Adding interface handle for wlan1
05-30 18:17:19.468   735   735 I android.hardware.wifi@1.0-service: Adding interface handle for wlan0
05-30 18:17:19.468   735   735 I android.hardware.wifi@1.0-service: Adding interface handle for p2p0
05-30 18:17:19.468   735   735 I android.hardware.wifi@1.0-service: Configured chip in mode 2
05-30 18:17:19.480   972   972 I wificond: create scanner for interface with index: 26
05-30 18:17:19.480   972   972 I wificond: subscribe scan result for interface with index: 26
05-30 18:17:19.483   972   972 E wificond: No Offload Service available
05-30 18:17:19.483   972   972 I wificond: Offload HAL not supported 
05-30 18:17:19.512  1592  1592 W SystemServiceManager: Service com.android.server.content.ContentService$Lifecycle took 95 ms in onBootPhase
05-30 18:17:19.512  1592  1592 D BluetoothManagerService: Bluetooth boot completed
05-30 18:17:19.513  1592  1592 D BluetoothManagerService: Auto-enabling Bluetooth.
05-30 18:17:19.513  1592  1698 D BluetoothManagerService: MESSAGE_ENABLE(0): mBluetooth = null
05-30 18:17:19.528  1592  1666 E BatteryExternalStatsWorker: no controller energy info supplied for wifi
05-30 18:17:19.573  1592  1592 W SystemServiceManager: Service com.android.server.InputMethodManagerService$Lifecycle took 59 ms in onBootPhase
05-30 18:17:19.576  1592  1989 D StorageManagerService: Thinking about init, mSystemReady=true, mDaemonConnected=true
05-30 18:17:19.576  1592  1989 D StorageManagerService: Thinking about reset, mSystemReady=true, mDaemonConnected=true
05-30 18:17:19.576  1592  1661 I ActivityManager: Force stopping com.android.providers.media appid=10032 user=-1: vold reset
05-30 18:17:19.577  1592  1611 V StorageManagerService: Found primary storage at VolumeInfo{emulated}:
05-30 18:17:19.577  1592  1611 V StorageManagerService:     type=EMULATED diskId=null partGuid= mountFlags=0 mountUserId=-1 
05-30 18:17:19.577  1592  1611 V StorageManagerService:     state=UNMOUNTED 
05-30 18:17:19.577  1592  1611 V StorageManagerService:     fsType=null fsUuid=null fsLabel=null 
05-30 18:17:19.577  1592  1611 V StorageManagerService:     path=null internalPath=null 
05-30 18:17:19.580  1592  1989 I MountServiceIdlerInjector: sNextTrimDuration :  7200000
05-30 18:17:19.582   627   627 V vold    : Waiting for FUSE to spin up...
05-30 18:17:19.584  1592  1592 I SystemServiceManager: Starting phase 550 done
05-30 18:17:19.584  1592  1592 I SystemServer: StartObservingNativeCrashes
05-30 18:17:19.584  1592  1592 I SystemServer: StartSystemUI
05-30 18:17:19.585  1592  1972 D SystemServerInitThreadPool: Started executing WebViewFactoryPreparation
05-30 18:17:19.585  1592  1972 I SystemServer: WebViewFactoryPreparation
05-30 18:17:19.585  1592  1592 I SystemServer: MakeNetworkManagementServiceReady
05-30 18:17:19.585  1592  1983 I UsbPortManager: ClientCallback: otg_default
05-30 18:17:19.586  1592  1592 D NetworkManagement: enabling bandwidth control
05-30 18:17:19.586  1592  1697 I UsbPortManager: USB port added: port=UsbPort{id=otg_default, supportedModes=dual}, status=UsbPortStatus{connected=true, currentMode=ufp, currentPowerRole=sink, currentDataRole=device, supportedRoleCombinations=[source:host, sink:device]}, canChangeMode=true, canChangePowerRole=false, canChangeDataRole=false
05-30 18:17:19.588  1592  2017 D BluetoothManagerService: Creating new ProfileServiceConnections object for profile: 1
05-30 18:17:19.588  1592  2017 D BluetoothManagerService: Unable to bindService while Bluetooth is disabled
05-30 18:17:19.598  1592  1592 I SystemServer: MakeIpSecServiceReady
05-30 18:17:19.600  2082  2082 W sdcard  : Device explicitly enabled sdcardfs
05-30 18:17:19.601  1592  1592 D IpSecService: IpSecService is ready
05-30 18:17:19.601  1592  1592 I SystemServer: MakeNetworkStatsServiceReady
05-30 18:17:19.602  1592  1666 E BatteryExternalStatsWorker: no controller energy info supplied for wifi
05-30 18:17:19.602  1592  1666 E BatteryExternalStatsWorker: no controller energy info supplied for telephony
05-30 18:17:19.611  1592  1592 I SystemServer: MakeConnectivityServiceReady
05-30 18:17:19.611  1592  1997 W NetworkPolicy: setRestrictBackgroundUL: already false
05-30 18:17:19.616  1592  2005 V NetPluginDelegate: registerHandler
05-30 18:17:19.617  1592  2005 V NetPluginDelegate: loading ConnectivityExt jar
05-30 18:17:19.625  1592  2005 V NetPluginDelegate: ConnectivityExt jar loaded
05-30 18:17:19.648  1592  1592 I SystemServer: MakeNetworkPolicyServiceReady
05-30 18:17:19.648  1592  1592 I SystemServer: StartWatchdog
05-30 18:17:19.797   972   972 W wificond: No pno scan started
05-30 18:17:19.797   972   972 W wificond: Scheduled scan is not running!
05-30 18:17:19.803   972   972 I wificond: Unsubscribe scan result for interface with index: 26
05-30 18:17:19.849  1592  1635 D SystemServerInitThreadPool: Finished executing SecondaryZygotePreload
05-30 18:17:19.860  1592  1663 D Boost   : hostingType=service, hostingName=com.android.bluetooth/.btservice.AdapterService, callerPackage=android, isSystem=true, isBoostNeeded=false.
05-30 18:17:19.867  1592  1663 I ActivityManager: Start proc 2107:com.android.bluetooth/1002 for service com.android.bluetooth/.btservice.AdapterService caller=android
05-30 18:17:19.878  1592  1663 D Boost   : hostingType=service, hostingName=com.sohu.inputmethod.sogou.xiaomi/.SogouIME, callerPackage=android, isSystem=true, isBoostNeeded=false.
05-30 18:17:19.879  1592  1663 I ActivityManager: Start proc 2113:com.sohu.inputmethod.sogou.xiaomi/u0a89 for service com.sohu.inputmethod.sogou.xiaomi/.SogouIME caller=android
05-30 18:17:19.881  1592  1972 D SystemServerInitThreadPool: Finished executing WebViewFactoryPreparation
05-30 18:17:19.890  1592  1663 D Boost   : hostingType=service, hostingName=com.android.systemui/.SystemUIService, callerPackage=android, isSystem=true, isBoostNeeded=false.
05-30 18:17:19.892  1592  1663 I ActivityManager: Start proc 2132:com.android.systemui/1000 for service com.android.systemui/.SystemUIService caller=android
05-30 18:17:19.894  1683  1683 I imsrcsd : getAndroidPropValue : vendor.ims.modem.multisub.cap[1]
05-30 18:17:19.894  1683  1683 I imsrcsd : Uce Service HAL  detected modemVersion[1]
05-30 18:17:19.894  1683  1683 I imsrcsd : getAndroidPropValue : vendor.ims.rcs_version[1]
05-30 18:17:19.894  1683  1683 I imsrcsd : getAndroidPropValue : vendor.ims.rcs_version[1]
05-30 18:17:19.894  1683  1683 I imsrcsd : Uce Service HAL  loading lib-uceservice
05-30 18:17:19.933   735  2073 I android.hardware.wifi@1.0-service: Legacy HAL stop complete callback received
05-30 18:17:19.960  1592  1960 I PackageManager: Deferred reconcileAppsData finished 238 packages
05-30 18:17:19.960  1592  1960 D SystemServerInitThreadPool: Finished executing prepareAppData
05-30 18:17:19.963  1592  1592 I SystemServer: PhaseThirdPartyAppsCanStart
05-30 18:17:19.963  1592  1592 I SystemServiceManager: Starting phase 600
05-30 18:17:19.968  1592  1592 V WallpaperManagerService: bindWallpaperComponentLocked: componentName=ComponentInfo{com.android.systemui/com.android.systemui.ImageWallpaper}
05-30 18:17:19.978  1592  1712 D DisplayPowerController: Animating brightness: target=729, rate=4932
05-30 18:17:19.990  1592  1592 W DreamManagerService: Dream ComponentInfo{com.miui.aod/com.miui.aod.doze.DozeService} does not exist
05-30 18:17:20.016  1592  1592 I StatsCompanionService: Told statsd that StatsCompanionService is alive.
05-30 18:17:20.017  1592  1592 I SystemServiceManager: Starting phase 600 done
05-30 18:17:20.017  1592  1592 I SystemServer: MakeLocationServiceReady
05-30 18:17:20.025  1592  1663 D Boost   : hostingType=, hostingName=null, callerPackage=Webview, isSystem=true, isBoostNeeded=false.
05-30 18:17:20.026  1592  1663 I ActivityManager: Start proc 2190:WebViewLoader-armeabi-v7a/1037 [android.webkit.WebViewLibraryLoader$RelroFileCreator] for  caller=Webview
05-30 18:17:20.036  1592  1592 W LocationProviderProxy-network: Odd, no component found for service com.android.location.service.v3.NetworkLocationProvider
05-30 18:17:20.036  1592  1592 W LocationProviderProxy-fused: Odd, no component found for service com.android.location.service.FusedLocationProvider
05-30 18:17:20.037  1592  1663 D Boost   : hostingType=, hostingName=null, callerPackage=Webview, isSystem=true, isBoostNeeded=false.
05-30 18:17:20.038  1592  1592 W GeocoderProxy: Odd, no component found for service com.android.location.service.GeocodeProvider
05-30 18:17:20.039  1592  1663 I ActivityManager: Start proc 2200:WebViewLoader-arm64-v8a/1037 [android.webkit.WebViewLibraryLoader$RelroFileCreator] for  caller=Webview
05-30 18:17:20.041  1592  1592 D LocationManagerService: Unable to bind FLP Geofence proxy.
05-30 18:17:20.041  1592  1592 D LocationManagerService: Hardware Activity-Recognition not supported.
05-30 18:17:20.042  1592  1592 D LocationManagerService: Unable to bind ActivityRecognitionProxy.
05-30 18:17:20.045  1592  1592 D LocationPolicy: systemRunning()
05-30 18:17:20.046  1592  1592 V LocationPolicy: readPolicyLocked()
05-30 18:17:20.058  1592  1592 I MiuiGpsProvider: register provider status
05-30 18:17:20.059  1592  1592 D LocationPolicy: register Status in strategy
05-30 18:17:20.059  1592  1592 I MiuiGpsProvider: create miui gps provider
05-30 18:17:20.059  1592  1592 I SystemServer: MakeCountryDetectionServiceReady
05-30 18:17:20.059  1592  1592 I SystemServer: MakeNetworkTimeUpdateReady
05-30 18:17:20.065  1592  1592 D ConnectivityService: requestNetwork for uid/pid:1000/1592 NetworkRequest [ TRACK_DEFAULT id=6, [ Capabilities: INTERNET&NOT_RESTRICTED&TRUSTED Unwanted:  Uid: 1000] ]
05-30 18:17:20.066  1592  1592 I SystemServer: MakeCommonTimeManagementServiceReady
05-30 18:17:20.066  1592  1592 I SystemServer: MakeInputManagerServiceReady
05-30 18:17:20.067  1592  1592 D InputManager: wakeup modeOn = true
05-30 18:17:20.067  1592  1592 I SystemServer: MakeTelephonyRegistryReady
05-30 18:17:20.067  1592  1592 I SystemServer: MakeMediaRouterServiceReady
05-30 18:17:20.067  1592  1592 I SystemServer: MakeMmsServiceReady
05-30 18:17:20.068  1592  1592 I MmsServiceBroker: Delay connecting to MmsService until an API is called
05-30 18:17:20.068  1592  1592 I SystemServer: IncidentDaemonReady
05-30 18:17:20.069  1592  1592 I SystemServiceManager: Calling onStartUser u0
05-30 18:17:20.074  1592  1592 D ActivityManagerServiceInjector: Remove:com.android.phone in mProtectedProcessList
05-30 18:17:20.076  1683  2166 I com.qualcomm.qti.uceservice@1.0-service: Successful Initialization
05-30 18:17:20.076  1683  2166 I com.qualcomm.qti.uceservice@1.0-service: Starting Service for First Time
05-30 18:17:20.076  1592  1592 I ActivityManager: START u0 {act=android.intent.action.MAIN cat=[android.intent.category.HOME] flg=0x10000100 cmp=com.miui.home/.launcher.Launcher} from uid 0
05-30 18:17:20.115  1592  1592 I ActivityManager: Loaded persisted task ids for user 0
05-30 18:17:20.132  1592  1592 I SplashScreenServiceDelegate: Debug true
05-30 18:17:20.132  1592  1592 I SplashScreenServiceDelegate: Register BOOT_COMPLETED receiver
05-30 18:17:20.135  1592  1697 W DreamManagerService: Dream ComponentInfo{com.miui.aod/com.miui.aod.doze.DozeService} does not exist
05-30 18:17:20.135  1592  1592 I SplashScreenServiceDelegate: Register debugger receiver
05-30 18:17:20.135   735   735 I android.hardware.wifi@1.0-service: Wifi HAL stopped
05-30 18:17:20.135  1592  1592 I SplashScreenServiceDelegate: SplashScreenService rebind count: 0
