05-30 18:24:28.380  1592  2026 I MiuiCompatModePackages: package com.miui.systemAdSolution updated, removing config
05-30 18:24:28.399  1592  1663 D Boost   : hostingType=service, hostingName=com.android.keychain/.KeyChainService, callerPackage=android, isSystem=true, isBoostNeeded=false.
05-30 18:24:28.399  1592  2008 D NsdService: New client listening to asynchronous messages
05-30 18:24:28.399  1592  2008 D NsdService: New client, channel: com.android.internal.util.AsyncChannel@82f0fcd messenger: android.os.Messenger@8686082
05-30 18:24:28.412  1592  1661 W BroadcastQueue: Background execution not allowed: receiving Intent { act=android.intent.action.PACKAGE_ADDED dat=package:com.miui.systemAdSolution flg=0x4000010 (has extras) } to com.lbe.security.miui/com.lbe.security.service.BootReceiver
05-30 18:24:28.412  1592  1661 W BroadcastQueue: Background execution not allowed: receiving Intent { act=android.intent.action.PACKAGE_ADDED dat=package:com.miui.systemAdSolution flg=0x4000010 (has extras) } to com.android.providers.downloads/.receiver.ApplicationInstallReceiver
05-30 18:24:28.412  1592  1661 W BroadcastQueue: Background execution not allowed: receiving Intent { act=android.intent.action.PACKAGE_ADDED dat=package:com.miui.systemAdSolution flg=0x4000010 (has extras) } to com.android.settings/.search.provider.UpdateReceiver
05-30 18:24:28.413  1592  1661 W BroadcastQueue: Background execution not allowed: receiving Intent { act=android.intent.action.PACKAGE_ADDED dat=package:com.miui.systemAdSolution flg=0x4000010 (has extras) } to com.miui.audioeffect/com.android.musicfx.Compatibility$Receiver
05-30 18:24:28.413  1592  1661 W BroadcastQueue: Background execution not allowed: receiving Intent { act=android.intent.action.PACKAGE_ADDED dat=package:com.miui.systemAdSolution flg=0x4000010 (has extras) } to com.xiaomi.market/.data.MyPackageMonitor
05-30 18:24:28.413  1592  1661 W BroadcastQueue: Background execution not allowed: receiving Intent { act=android.intent.action.PACKAGE_ADDED dat=package:com.miui.systemAdSolution flg=0x4000010 (has extras) } to com.xiaomi.misettings/.usagestats.AppTimerReceiver
05-30 18:24:28.413  1592  1661 W BroadcastQueue: Background execution not allowed: receiving Intent { act=android.intent.action.PACKAGE_ADDED dat=package:com.miui.systemAdSolution flg=0x4000010 (has extras) } to com.xiaomi.providers.appindex/.PackageChangeReceiver
05-30 18:24:28.449  1592  1663 I ActivityManager: Start proc 8837:com.android.keychain/1000 for service com.android.keychain/.KeyChainService caller=android
05-30 18:24:28.478  1592  1663 D Boost   : hostingType=broadcast, hostingName=com.miui.cloudservice/.finddevice.FindDeviceGuideNotificationReceiver, callerPackage=com.xiaomi.finddevice, isSystem=true, isBoostNeeded=false.
05-30 18:24:28.482  1592  1663 I ActivityManager: Start proc 8869:com.miui.cloudservice/u0a91 for broadcast com.miui.cloudservice/.finddevice.FindDeviceGuideNotificationReceiver caller=com.xiaomi.finddevice
05-30 18:24:28.536  1592  1592 I Telecom : DefaultDialerCache: Refreshing default dialer for user 0: now com.android.contacts: DDC.oR@AGU
05-30 18:24:28.549  1592  1652 W TextServicesManagerService: no available spell checker services found
05-30 18:24:28.610  1592  1662 D AutofillUI: destroySaveUiUiThread(): already destroyed
05-30 18:24:28.612  1592  1652 D AutofillManagerServiceImpl: Set component for user 0 as AutofillServiceInfo[ServiceInfo{4b0fc54 com.miui.contentcatcher.autofill.services.MiuiAutofillService}, settings:com.miui.contentcatcher.autofill.activitys.AutofillSettingActivity, hasCompatPckgs:false]
05-30 18:24:28.740  1592  1663 D Boost   : hostingType=service, hostingName=com.xiaomi.simactivate.service/com.xiaomi.activate.ActivateService, callerPackage=com.miui.cloudservice, isSystem=true, isBoostNeeded=false.
05-30 18:24:28.741  1592  1663 I ActivityManager: Start proc 8900:com.xiaomi.simactivate.service/u0a61 for service com.xiaomi.simactivate.service/com.xiaomi.activate.ActivateService caller=com.miui.cloudservice
05-30 18:24:28.772  1592  4273 W ActivityManager: Background start not allowed: service Intent { cmp=com.miui.cloudservice/com.xiaomi.mipush.sdk.PushMessageHandler } to com.miui.cloudservice/com.xiaomi.mipush.sdk.PushMessageHandler from pid=8869 uid=10091 pkg=com.miui.cloudservice startFg?=false
05-30 18:24:28.781  1592  1965 W BroadcastQueue: Background execution not allowed: receiving Intent { act=android.intent.action.PACKAGE_REPLACED dat=package:com.miui.systemAdSolution flg=0x4000010 (has extras) } to com.miui.audioeffect/com.android.musicfx.Compatibility$Receiver
05-30 18:24:28.782  1592  1661 W BroadcastQueue: Background execution not allowed: receiving Intent { act=android.search.action.SEARCHABLES_CHANGED flg=0x24000010 } to com.android.quicksearchbox/.CorporaUpdateReceiver
05-30 18:24:28.819  1592  4273 W ActivityManager: Background start not allowed: service Intent { cmp=com.miui.cloudservice/com.xiaomi.mipush.sdk.PushMessageHandler } to com.miui.cloudservice/com.xiaomi.mipush.sdk.PushMessageHandler from pid=8869 uid=10091 pkg=com.miui.cloudservice startFg?=false
05-30 18:24:28.825  1592  1965 W ActivityManager: Background start not allowed: service Intent { cmp=com.miui.cloudservice/com.xiaomi.mipush.sdk.PushMessageHandler } to com.miui.cloudservice/com.xiaomi.mipush.sdk.PushMessageHandler from pid=8869 uid=10091 pkg=com.miui.cloudservice startFg?=false
05-30 18:24:28.829  1592  1965 W ActivityManager: Background start not allowed: service Intent { cmp=com.miui.cloudservice/com.xiaomi.mipush.sdk.PushMessageHandler } to com.miui.cloudservice/com.xiaomi.mipush.sdk.PushMessageHandler from pid=8869 uid=10091 pkg=com.miui.cloudservice startFg?=false
05-30 18:24:28.834  1592  3985 W ActivityManager: Background start not allowed: service Intent { cmp=com.miui.cloudservice/com.xiaomi.mipush.sdk.PushMessageHandler } to com.miui.cloudservice/com.xiaomi.mipush.sdk.PushMessageHandler from pid=8869 uid=10091 pkg=com.miui.cloudservice startFg?=false
05-30 18:24:28.838  1592  1965 W ActivityManager: Background start not allowed: service Intent { cmp=com.miui.cloudservice/com.xiaomi.mipush.sdk.PushMessageHandler } to com.miui.cloudservice/com.xiaomi.mipush.sdk.PushMessageHandler from pid=8869 uid=10091 pkg=com.miui.cloudservice startFg?=false
05-30 18:24:28.839  1592  1964 W ActivityManager: Background start not allowed: service Intent { cmp=com.miui.cloudservice/com.xiaomi.mipush.sdk.PushMessageHandler } to com.miui.cloudservice/com.xiaomi.mipush.sdk.PushMessageHandler from pid=8869 uid=10091 pkg=com.miui.cloudservice startFg?=false
05-30 18:24:28.853  1592  4273 W ActivityManager: Background start not allowed: service Intent { cmp=com.miui.cloudservice/com.xiaomi.mipush.sdk.MessageHandleService } to com.miui.cloudservice/com.xiaomi.mipush.sdk.MessageHandleService from pid=8869 uid=10091 pkg=com.miui.cloudservice startFg?=false
05-30 18:24:28.855  1592  4273 I chatty  : uid=1000(system) Binder:1592_15 identical 2 lines
05-30 18:24:28.856  1592  4273 W ActivityManager: Background start not allowed: service Intent { cmp=com.miui.cloudservice/com.xiaomi.mipush.sdk.MessageHandleService } to com.miui.cloudservice/com.xiaomi.mipush.sdk.MessageHandleService from pid=8869 uid=10091 pkg=com.miui.cloudservice startFg?=false
05-30 18:24:28.856  1592  1964 W ActivityManager: Background start not allowed: service Intent { cmp=com.miui.cloudservice/com.xiaomi.mipush.sdk.MessageHandleService } to com.miui.cloudservice/com.xiaomi.mipush.sdk.MessageHandleService from pid=8869 uid=10091 pkg=com.miui.cloudservice startFg?=false
05-30 18:24:28.857  1592  1964 W ActivityManager: Background start not allowed: service Intent { cmp=com.miui.cloudservice/com.xiaomi.mipush.sdk.MessageHandleService } to com.miui.cloudservice/com.xiaomi.mipush.sdk.MessageHandleService from pid=8869 uid=10091 pkg=com.miui.cloudservice startFg?=false
05-30 18:24:28.857  1592  4273 W ActivityManager: Background start not allowed: service Intent { cmp=com.miui.cloudservice/com.xiaomi.mipush.sdk.MessageHandleService } to com.miui.cloudservice/com.xiaomi.mipush.sdk.MessageHandleService from pid=8869 uid=10091 pkg=com.miui.cloudservice startFg?=false
05-30 18:24:29.041  1592  1663 D Boost   : hostingType=FastRestart, hostingName=null, callerPackage=system, isSystem=true, isBoostNeeded=false.
05-30 18:24:29.043  1592  1663 I ActivityManager: Start proc 8941:com.android.camera/u0a52 for FastRestart caller=system
05-30 18:24:29.384  1592  8802 I ActivityManager: Low on memory:
05-30 18:24:29.384  1592  8802 I ActivityManager:   ntv   ??   67005: surfaceflinger (   48,676K memtrack) (pid 779) native
05-30 18:24:29.384  1592  8802 I ActivityManager:   ntv   ??   43122: zygote (pid 648) native
05-30 18:24:29.384  1592  8802 I ActivityManager:   ntv   ??   31028: android.hardware.camera.provider@2.4-service (pid 716) native
05-30 18:24:29.384  1592  8802 I ActivityManager:   ntv   ??   24026: webview_zygote (pid 2183) native
05-30 18:24:29.384  1592  8802 I ActivityManager:   ntv   ??   23842: media.codec (    6,444K memtrack) (pid 973) native
05-30 18:24:29.384  1592  8802 I ActivityManager:   ntv   ??   17391: zygote64 (pid 647) native
05-30 18:24:29.384  1592  8802 I ActivityManager:   ntv   ??   16411: android.hardware.graphics.composer@2.1-service (pid 724) native
05-30 18:24:29.384  1592  8802 I ActivityManager:   ntv   ??   13209: rild (pid 1186) native
05-30 18:24:29.384  1592  8802 I ActivityManager:   ntv   ??   11520: android.hardware.audio@2.0-service (pid 712) native
05-30 18:24:29.384  1592  8802 I ActivityManager:   ntv   ??   10913: rild (pid 1232) native
05-30 18:24:29.384  1592  8802 I ActivityManager:   ntv   ??   10225: logd (pid 582) native
05-30 18:24:29.384  1592  8802 I ActivityManager:   ntv   ??    9275: netmgrd (pid 1256) native
05-30 18:24:29.384  1592  8802 I ActivityManager:   ntv   ??    8375: media.extractor (pid 958) native
05-30 18:24:29.384  1592  8802 I ActivityManager:   ntv   ??    8111: android.hardware.sensors@1.0-service (pid 730) native
05-30 18:24:29.384  1592  8802 I ActivityManager:   ntv   ??    7982: audioserver (pid 777) native
05-30 18:24:29.384  1592  8802 I ActivityManager:   ntv   ??    6185: vendor.xiaomi.hardware.citsensorservice@1.1-service (pid 748) native
05-30 18:24:29.384  1592  8802 I ActivityManager:   ntv   ??    5882: shelld (pid 918) native
05-30 18:24:29.384  1592  8802 I ActivityManager:   ntv   ??    5700: android.hardware.wifi@1.0-service (pid 735) native
05-30 18:24:29.384  1592  8802 I ActivityManager:   ntv   ??    4910: mediaserver (pid 960) native
05-30 18:24:29.384  1592  8802 I ActivityManager:   ntv   ??    4712: vendor.qti.gnss@1.0-service (pid 739) native
05-30 18:24:29.384  1592  8802 I ActivityManager:   ntv   ??    4692: cnd (pid 907) native
05-30 18:24:29.384  1592  8802 I ActivityManager:   ntv   ??    4675: wpa_supplicant (pid 2267) native
05-30 18:24:29.384  1592  8802 I ActivityManager:   ntv   ??    4574: cameraserver (pid 925) native
05-30 18:24:29.384  1592  8802 I ActivityManager:   ntv   ??    4030: media.metrics (pid 959) native
05-30 18:24:29.384  1592  8802 I ActivityManager:   ntv   ??    4026: /init (pid 1) native
05-30 18:24:29.384  1592  8802 I ActivityManager:   ntv   ??    3643: tcpdump (pid 3259) native
05-30 18:24:29.384  1592  8802 I ActivityManager:   ntv   ??    3629: imsdatadaemon (pid 1123) native
05-30 18:24:29.384  1592  8802 I ActivityManager:   ntv   ??    3379: thermal-engine (pid 910) native
05-30 18:24:29.384  1592  8802 I ActivityManager:   ntv   ??    3121: ims_rtp_daemon (pid 1932) native
05-30 18:24:29.384  1592  8802 I ActivityManager:   ntv   ??    2848: drmserver (pid 926) native
05-30 18:24:29.384  1592  8802 I ActivityManager:   ntv   ??    2592: imsrcsd (pid 1683) native
05-30 18:24:29.384  1592  8802 I ActivityManager:   ntv   ??    2519: netd (pid 646) native
05-30 18:24:29.384  1592  8802 I ActivityManager:   ntv   ??    2289: keystore (pid 955) native
05-30 18:24:29.384  1592  8802 I ActivityManager:   ntv   ??    2235: installd (pid 944) native
05-30 18:24:29.384  1592  8802 I ActivityManager:   ntv   ??    2152: xtra-daemon (pid 1023) native
05-30 18:24:29.384  1592  8802 I ActivityManager:   ntv   ??    2142: vold (pid 627) native
05-30 18:24:29.384  1592  8802 I ActivityManager:   ntv   ??    2084: android.hardware.drm@1.0-service (pid 719) native
05-30 18:24:29.384  1592  8802 I ActivityManager:   ntv   ??    1994: vendor.xiaomi.hardware.displayfeature@1.0-service (pid 749) native
05-30 18:24:29.384  1592  8802 I ActivityManager:   ntv   ??    1850: hwservicemanager (pid 584) native
05-30 18:24:29.384  1592  8802 I ActivityManager:   ntv   ??    1845: android.hardware.drm@1.1-service.widevine (pid 721) native
05-30 18:24:29.384  1592  8802 I ActivityManager:   ntv   ??    1841: lowi-server (pid 1022) native
05-30 18:24:29.384  1592  8802 I ActivityManager:   ntv   ??    1819: cnss_diag (pid 3258) native
05-30 18:24:29.384  1592  8802 I ActivityManager:   ntv   ??    1770: mtd@1.2 (pid 757) native
05-30 18:24:29.384  1592  8802 I ActivityManager:   ntv   ??    1728: ipacm (pid 1221) native
05-30 18:24:29.384  1592  8802 I ActivityManager:   ntv   ??    1673: statsd (pid 965) native
05-30 18:24:29.384  1592  8802 I ActivityManager:   ntv   ??    1563: android.hardware.keymaster@3.0-service (pid 626) native
05-30 18:24:29.384  1592  8802 I ActivityManager:   ntv   ??    1560: android.hardware.biometrics.fingerprint@2.1-service (pid 1004) native
05-30 18:24:29.384  1592  8802 I ActivityManager:   ntv   ??    1542: cnss-daemon (pid 986) native
05-30 18:24:29.384  1592  8802 I ActivityManager:   ntv   ??    1530: mcd (pid 3036) native
05-30 18:24:29.384  1592  8802 I ActivityManager:   ntv   ??    1516: imsqmidaemon (pid 912) native
05-30 18:24:29.384  1592  8802 I ActivityManager:   ntv   ??    1471: vendor.qti.hardware.perf@1.0-service (pid 741) native
05-30 18:24:29.384  1592  8802 I ActivityManager:   ntv   ??    1463: vendor.qti.hardware.qteeconnector@1.0-service (pid 744) native
05-30 18:24:29.384  1592  8802 I ActivityManager:   ntv   ??    1453: wificond (pid 972) native
05-30 18:24:29.384  1592  8802 I ActivityManager:   ntv   ??    1452: qseecomd (pid 598) native
05-30 18:24:29.384  1592  8802 I ActivityManager:   ntv   ??    1433: mqsasd (pid 580) native
05-30 18:24:29.384  1592  8802 I ActivityManager:   ntv   ??    1383: ueventd (pid 545) native
05-30 18:24:29.384  1592  8802 I ActivityManager:   ntv   ??    1378: /init (pid 543) native
05-30 18:24:29.384  1592  8802 I ActivityManager:   ntv   ??    1359: android.hardware.bluetooth@1.0-service-qti (pid 715) native
05-30 18:24:29.384  1592  8802 I ActivityManager:   ntv   ??    1352: qti (pid 1250) native
05-30 18:24:29.384  1592  8802 I ActivityManager:   ntv   ??    1343: dpmQmiMgr (pid 908) native
05-30 18:24:29.384  1592  8802 I ActivityManager:   ntv   ??    1325: miuibooster (pid 961) native
05-30 18:24:29.384  1592  8802 I ActivityManager:   ntv   ??    1293: vendor.nxp.hardware.nfc@1.0-service (pid 737) native
05-30 18:24:29.384  1592  8802 I ActivityManager:   ntv   ??    1279: mm-pp-dpps (pid 885) native
05-30 18:24:29.384  1592  8802 I ActivityManager:   ntv   ??    1206: mediadrmserver (pid 957) native
05-30 18:24:29.384  1592  8802 I ActivityManager:   ntv   ??    1195: storaged (pid 966) native
05-30 18:24:29.384  1592  8802 I ActivityManager:   ntv   ??    1184: sensors.qti (pid 823) native
05-30 18:24:29.384  1592  8802 I ActivityManager:   ntv   ??    1170: gatekeeperd (pid 1001) native
05-30 18:24:29.384  1592  8802 I ActivityManager:   ntv   ??    1169: adbd (pid 8139) native
05-30 18:24:29.384  1592  8802 I ActivityManager:   ntv   ??    1150: vendor.qti.secure_element@1.0-service (pid 747) native
05-30 18:24:29.384  1592  8802 I ActivityManager:   ntv   ??    1137: android.hardware.nfc@1.1-service (pid 728) native
05-30 18:24:29.384  1592  8802 I ActivityManager:   ntv   ??    1101: tidad@1.1 (pid 758) native
05-30 18:24:29.384  1592  8802 I ActivityManager:   ntv   ??    1059: incidentd (pid 929) native
05-30 18:24:29.384  1592  8802 I ActivityManager:   ntv   ??    1058: perfservice (pid 962) native
05-30 18:24:29.384  1592  8802 I ActivityManager:   ntv   ??    1028: ti
05-30 18:24:29.384  1592  8802 I ActivityManager:   pers  PER   257348: system (    2,368K memtrack) (pid 1592) fixed
05-30 18:24:29.384  1592  8802 I ActivityManager:   pers  BFGS  182569: com.android.systemui (   33,108K memtrack) (pid 2132) pers-top-ui
05-30 18:24:29.384  1592  8802 I ActivityManager:   pers  PER    40480: com.android.phone (pid 2335) fixed
05-30 18:24:29.384  1592  8802 I ActivityManager:   pers  PER    19953: com.android.nfc (pid 3336) fixed
05-30 18:24:29.384  1592  8802 I ActivityManager:   pers  PER    15703: com.xiaomi.xmsf (pid 3384) fixed
05-30 18:24:29.384  1592  8802 I ActivityManager:   pers  PER    15374: com.miui.daemon (pid 3313) fixed
05-30 18:24:29.384  1592  8802 I ActivityManager:   pers  PER    14010: com.xiaomi.finddevice (pid 3405) fixed
05-30 18:24:29.384  1592  8802 I ActivityManager:   pers  PER    11834: com.xiaomi.mircs (pid 3372) fixed
05-30 18:24:29.384  1592  8802 I ActivityManager:   pers  PER    10745: com.miui.contentcatcher (pid 3290) fixed
05-30 18:24:29.384  1592  8802 I ActivityManager:   pers  PER     9210: .dataservices (pid 2259) fixed
05-30 18:24:29.384  1592  8802 I ActivityManager:   pers  PER     6951: com.android.se (pid 3351) fixed
05-30 18:24:29.384  1592  8802 I ActivityManager:   pers  PER     6756: com.qualcomm.qcrilmsgtunnel (pid 2309) fixed
05-30 18:24:29.384  1592  8802 I ActivityManager:   pers  PER     6719: com.miui.face (pid 3428) fixed
05-30 18:24:29.384  1592  8802 I ActivityManager:   pers  PER     5966: com.qualcomm.qti.telephonyservice (pid 2270) fixed
05-30 18:24:29.384  1592  8802 I ActivityManager:   pers  PER     5651: com.goodix.fingerprint (pid 3270) fixed
05-30 18:24:29.384  1592  8802 I ActivityManager:   pers  PER     5569: com.qualcomm.qti.services.secureui:sui_service (pid 3423) fixed
05-30 18:24:29.384  1592  8802 I ActivityManager:   psvc  PER    20799: com.android.bluetooth (pid 2107) service
05-30 18:24:29.384  1592  8802 I ActivityManager:                        com.android.bluetooth/.gatt.GattService<=Proc{1592:system/1000}
05-30 18:24:29.384  1592  8802 I ActivityManager:   fore  TPSL   60759: com.android.settings (    2,564K memtrack) (pid 6178) top-sleeping
05-30 18:24:29.384  1592  8802 I ActivityManager:   fore  FGS    32514: com.miui.securitycenter.remote (pid 3587) provider
05-30 18:24:29.384  1592  8802 I ActivityManager:                        com.miui.securitycenter/com.miui.powercenter.provider.PowerCenterProvider<=Proc{2132:com.android.systemui/1000}
05-30 18:24:29.384  1592  8802 I ActivityManager:   fore  BFGS   16646: com.xiaomi.aiasst.service (pid 3690) provider
05-30 18:24:29.384  1592  8802 I ActivityManager:                        com.xiaomi.aiasst.service/com.xiaomi.aiasst.contentcatcher.catcher.ContentCatcherProvider<=Proc{3290:com.miui.contentcatcher/1000}
05-30 18:24:29.384  1592  8802 I ActivityManager:   vis   BFGS   28352: com.sohu.inputmethod.sogou.xiaomi (pid 6241) service
05-30 18:24:29.384  1592  8802 I ActivityManager:                        com.sohu.inputmethod.sogou.xiaomi/.SogouIME<=Proc{1592:system/1000}
05-30 18:24:29.384  1592  8802 I ActivityManager:   vis   TOP    16660: com.miui.touchassistant:float (    2,196K memtrack) (pid 4780) started-services
05-30 18:24:29.384  1592  8802 I ActivityManager:   vis   FGS    15905: com.miui.analytics (pid 3624) service
05-30 18:24:29.384  1592  8802 I ActivityManager:                        com.miui.analytics/.AnalyticsService<=Proc{8344:com.miui.systemAdSolution/u0a116}
05-30 18:24:29.384  1592  8802 I ActivityManager:   vis   TRNB   15422: com.xiaomi.metoknlp (pid 4006) service
05-30 18:24:29.384  1592  8802 I ActivityManager:                        com.xiaomi.metoknlp/com.xiaomi.location.metoknlp.MetokGeocodeService<=Proc{1592:system/1000}
05-30 18:24:29.384  1592  8802 I ActivityManager:   vis   TPSL   14549: com.xiaomi.account:accountservice (pid 3925) service
05-30 18:24:29.384  1592  8802 I ActivityManager:                        com.xiaomi.account/.XiaomiAccountService<=Proc{6178:com.android.settings/1000}
05-30 18:24:29.384  1592  8802 I ActivityManager:   vis   TOP    11388: com.xiaomi.joyose (pid 5082) started-services
05-30 18:24:29.384  1592  8802 I ActivityManager:   vis   BFGS    8498: android.ext.services (pid 2470) service
05-30 18:24:29.384  1592  8802 I ActivityManager:                        android.ext.services/.notification.Assistant<=Proc{1592:system/1000}
05-30 18:24:29.384  1592  8802 I ActivityManager:   vis   IMPF    5784: com.miui.wmsvc (pid 5116) service
05-30 18:24:29.384  1592  8802 I ActivityManager:                        com.miui.wmsvc/.WMService<=Proc{1592:system/1000}
05-30 18:24:29.384  1592  8802 I ActivityManager:   vis   IMPF    5316: com.android.smspush (pid 3571) service
05-30 18:24:29.384  1592  8802 I ActivityManager:                        com.android.smspush/.WapPushManager<=Proc{2335:com.android.phone/1001}
05-30 18:24:29.384  1592  8802 I ActivityManager:   vis   IMPF    5181: com.android.defcontainer (pid 8780) service
05-30 18:24:29.384  1592  8802 I ActivityManager:                        com.android.defcontainer/.DefaultContainerService<=Proc{1592:system/1000}
05-30 18:24:29.384  1592  8802 I ActivityManager:   vis   FGS        0: com.miui.systemAdSolution (pid 8344) service
05-30 18:24:29.384  1592  8802 I ActivityManager:                        com.miui.systemAdSolution/.changeSkin.ChangeSkinService<=Proc{3587:com.miui.securitycenter.remote/1000}
05-30 18:24:29.384  1592  8802 I ActivityManager:   prcp  FGS    18216: com.miui.cloudbackup (pid 5337) fg-service
05-30 18:24:29.384  1592  8802 I ActivityManager:   prcp  TRNB   11605: com.lbe.security.miui (pid 4044) force-imp
05-30 18:24:29.384  1592  8802 I ActivityManager:                        {null}<=ImportanceToken { 3de8aca permission 4044 android.os.BinderProxy@646d43b }
05-30 18:24:29.384  1592  8802 I ActivityManager:   prcp  FGS    10468: com.miui.notification:remote (pid 5659) fg-service
05-30 18:24:29.384  1592  8802 I ActivityManager:   prcp  TRNB    8693: com.xiaomi.location.fused (pid 4022) service
05-30 18:24:29.384  1592  8802 I ActivityManager:                        com.xiaomi.location.fused/.FusedLocationService<=Proc{1592:system/1000}
05-30 18:24:29.384  1592  8802 I ActivityManager:   prcp +1 BFGS   19266: com.miui.powerkeeper (pid 3531) provider-top
05-30 18:24:29.384  1592  8802 I ActivityManager:                        com.miui.powerkeeper/.provider.PowerKeeperConfigureProvider<=Proc{5082:com.xiaomi.joyose/1000}
05-30 18:24:29.384  1592  8802 I ActivityManager:   svc   SVC    11249: com.android.settings:remote (pid 7283) starte
05-30 18:24:29.384  1592  8802 I ActivityManager:   MemInfo:   243,132K slab,     2,572K shmem,   260,416K vm alloc,    57,728K page tables    44,784K kernel stack
05-30 18:24:29.384  1592  8802 I ActivityManager:              220,100K buffers, 3,861,232K cached,   574,136K mapped,   143,628K free
05-30 18:24:29.384  1592  8802 I ActivityManager:   ZRAM:    59,552K RAM, 2,621,436K swap total, 2,309,892K swap free
05-30 18:24:29.384  1592  8802 I ActivityManager:   Free RAM: 3,733,412K
05-30 18:24:29.384  1592  8802 I ActivityManager:   Used RAM: 2,142,822K
05-30 18:24:29.384  1592  8802 I ActivityManager:   Lost RAM:   -73,970K
05-30 18:24:32.748  1592  1663 D Boost   : hostingType=content provider, hostingName=com.android.providers.downloads/.provider.DownloadProvider, callerPackage=com.miui.cloudbackup, isSystem=true, isBoostNeeded=false.
05-30 18:24:32.754  1592  1663 I ActivityManager: Start proc 8962:android.process.media/u0a32 for content provider com.android.providers.downloads/.provider.DownloadProvider caller=com.miui.cloudbackup
05-30 18:24:32.868  1592  3985 I InstallationStatistic: beginInstallSession: 1021205135
05-30 18:24:33.070  8962  8962 E ActivityThread: Failed to find provider info for com.miui.whetstone
05-30 18:24:33.217  1592  1965 I ActivityManager: Process com.qualcomm.telephony (pid 8263) has died: svcb SVC 
05-30 18:24:33.217  1592  1965 W ActivityManager: Scheduling restart of crashed service com.qualcomm.atfwd/.AtFwdService in 1000ms
05-30 18:24:33.217  1592  1662 V UidProcStateHelper: process died:[8263,10079]
05-30 18:24:33.223  1592  3297 I ActivityManager: Process com.android.keychain (pid 8837) has died: cch+6CEM 
05-30 18:24:33.229  1592  1662 V UidProcStateHelper: process died:[8837,1000]
05-30 18:24:33.236  1592  4273 I ActivityManager: Process com.xiaomi.simactivate.service (pid 8900) has died: cch+4CEM 
05-30 18:24:33.237  1592  1662 V UidProcStateHelper: process died:[8900,10061]
05-30 18:24:33.240  1592  1965 I ActivityManager: Process com.qualcomm.qti.autoregistration (pid 7625) has died: svcb SVC 
05-30 18:24:33.240  1592  1965 W ActivityManager: Scheduling restart of crashed service com.qualcomm.qti.autoregistration/.RegistrationService in 10977ms
05-30 18:24:33.240  1592  1965 W ActivityManager: Scheduling restart of crashed service com.qualcomm.qti.autoregistration/.ModemDebugService in 20977ms
05-30 18:24:33.244  1592  1662 V UidProcStateHelper: process died:[7625,1001]
05-30 18:24:33.244  1592  4279 I ActivityManager: Process com.android.camera (pid 8941) has died: cch+2CEM 
05-30 18:24:33.244  1592  1662 V UidProcStateHelper: process died:[8941,10052]
05-30 18:24:33.247  1592  4283 I ActivityManager: Process com.miui.cloudservice (pid 8869) has died: cch  CEM 
05-30 18:24:33.247  1592  4283 D ProcessRecordInjector: Begin to report kill process events...
05-30 18:24:33.252  1592  1662 V UidProcStateHelper: process died:[8869,10091]
05-30 18:24:33.254  1592  4283 I ActivityManager: Process com.miui.player (pid 7578) has died: svcb SVC 
05-30 18:24:33.255  1592  4283 I AutoStartManagerService: MIUILOG- Reject RestartService packageName :com.miui.player uid : 10042
05-30 18:24:33.255  1592  4283 I AutoStartManagerService: MIUILOG- Reject RestartService packageName :com.miui.player uid : 10042
05-30 18:24:33.255  1592  1662 V UidProcStateHelper: process died:[7578,10042]
05-30 18:24:33.258  1592  2401 I ActivityManager: Process com.xiaomi.misettings (pid 6355) has died: svcb SVC 
05-30 18:24:33.258  1592  2401 W ActivityManager: Scheduling restart of crashed service com.xiaomi.misettings/.usagestats.UsageCacheService in 30959ms
05-30 18:24:33.262  1592  4273 I ActivityManager: Process com.miui.guardprovider (pid 8757) has died: prev LAST
05-30 18:24:33.265  1592  1662 V UidProcStateHelper: process died:[6355,1000]
05-30 18:24:33.265  1592  1662 V UidProcStateHelper: process died:[8757,10082]
05-30 18:24:33.266  1592  1965 I ActivityManager: Process com.qualcomm.qti.smcinvokepkgmgr (pid 7976) has died: svcb SVC 
05-30 18:24:33.266  1592  1965 W ActivityManager: Scheduling restart of crashed service com.qualcomm.qti.smcinvokepkgmgr/.SmcInvokeService in 40951ms
05-30 18:24:33.270  1592  1662 V UidProcStateHelper: process died:[7976,1000]
05-30 18:24:33.519  1592  1996 W FileUtils: Slow Operation: fsync took 257ms
05-30 18:24:33.558  1592  4276 E NotificationService: Package enqueue rate is 4.318865. Shedding 0|com.miui.cloudbackup|200|null|10039. package=com.miui.cloudbackup
05-30 18:24:33.643  1592  1962 D com.android.server.pm.PackageManagerServiceInjector: Package verify start
05-30 18:24:33.658  1592  1663 D Boost   : hostingType=content provider, hostingName=com.miui.guardprovider/.GuardProvider, callerPackage=com.miui.securitycenter, isSystem=true, isBoostNeeded=false.
05-30 18:24:33.659  1592  1663 I ActivityManager: Start proc 9037:com.miui.guardprovider/u0a82 for content provider com.miui.guardprovider/.GuardProvider caller=com.miui.securitycenter
05-30 18:24:33.781  9037  9054 W PackageParser: No actions in intent filter at /data/app/vmdl1021205135.tmp/base.apk Binary XML file line #787
05-30 18:24:34.191  1592  1726 W PackageParser: No actions in intent filter at /data/app/vmdl1021205135.tmp/base.apk Binary XML file line #787
05-30 18:24:34.359  1592  8801 I ActivityManager: Start proc 9066:com.qualcomm.telephony/u0a79 for service com.qualcomm.atfwd/.AtFwdService caller=com.qualcomm.atfwd
05-30 18:24:34.362  1592  1663 D Boost   : hostingType=service, hostingName=com.qualcomm.atfwd/.AtFwdService, callerPackage=com.qualcomm.atfwd, isSystem=true, isBoostNeeded=false.
05-30 18:24:34.365  1592  1726 D com.android.server.pm.PackageManagerServiceInjector: Compiler-filter replaced to quicken
05-30 18:24:34.613  1592  4273 I ActivityManager: Process com.miui.guardprovider (pid 9037) has died: prev LAST
05-30 18:24:34.613  1592  1662 V UidProcStateHelper: process died:[9037,10082]
05-30 18:24:34.616  1592  4276 I ActivityManager: Process com.android.settings:remote (pid 7283) has died: svcb SVC 
05-30 18:24:34.616  1592  4276 W ActivityManager: Scheduling restart of crashed service com.android.settings/.dangerousoptions.DangerousOptionsWarningService in 49601ms
05-30 18:24:34.619  1592  1662 V UidProcStateHelper: process died:[7283,1000]
05-30 18:24:34.620  1592  2008 D NsdService: Client disconnected
05-30 18:24:34.621  1592  1965 I ActivityManager: Process com.xiaomi.mi_connect_service (pid 8814) has died: svcb SVC 
05-30 18:24:34.621  1592  2008 D NsdService: mdnssd [stop-service]
05-30 18:24:34.621  1592  1965 W ActivityManager: Scheduling restart of crashed service com.xiaomi.mi_connect_service/.MiConnectService in 59596ms
05-30 18:24:34.624  1592  1662 V UidProcStateHelper: process died:[8814,1000]
05-30 18:24:34.883  1592  2391 I ActivityManager: Process android.process.media (pid 8962) has died: svcb SVC 
05-30 18:24:34.883  1592  2391 W ActivityManager: Scheduling restart of crashed service com.android.providers.downloads/.service.DownloadService in 69334ms
05-30 18:24:34.884  1592  1662 V UidProcStateHelper: process died:[8962,10032]
05-30 18:24:34.989   646  9094 W SocketClient: write error (Broken pipe)
05-30 18:24:35.018  1592  1663 D Boost   : hostingType=content provider, hostingName=com.android.providers.downloads/.provider.DownloadProvider, callerPackage=com.miui.cloudbackup, isSystem=true, isBoostNeeded=false.
05-30 18:24:35.019  1592  1663 I ActivityManager: Start proc 9097:android.process.media/u0a32 for content provider com.android.providers.downloads/.provider.DownloadProvider caller=com.miui.cloudbackup
05-30 18:24:35.256  1592  1663 D Boost   : hostingType=FastRestart, hostingName=null, callerPackage=system, isSystem=true, isBoostNeeded=false.
05-30 18:24:35.257  1592  1663 I ActivityManager: Start proc 9119:com.android.camera/u0a52 for FastRestart caller=system
05-30 18:24:35.320  9097  9097 E ActivityThread: Failed to find provider info for com.miui.whetstone
05-30 18:24:35.366  1592  2391 I ActivityManager: Process com.android.camera (pid 9119) has died: cch  CEM 
05-30 18:24:35.367  1592  1662 V UidProcStateHelper: process died:[9119,10052]
05-30 18:24:36.302  1592  2391 I ActivityManager: Process com.qualcomm.telephony (pid 9066) has died: svcb SVC 
05-30 18:24:36.303  1592  2391 W ActivityManager: Scheduling restart of crashed service com.qualcomm.atfwd/.AtFwdService in 67915ms
05-30 18:24:36.303  1592  1662 V UidProcStateHelper: process died:[9066,10079]
05-30 18:24:36.537  1592  1996 W FileUtils: Slow Operation: fsync took 140ms
05-30 18:24:37.070  1592  1592 I SplashScreenServiceDelegate: SplashScreenService started
05-30 18:24:37.083  1592  1663 D Boost   : hostingType=service, hostingName=com.miui.systemAdSolution/.splashscreen.SplashScreenService, callerPackage=android, isSystem=true, isBoostNeeded=false.
05-30 18:24:37.084  1592  1663 I ActivityManager: Start proc 9195:com.miui.systemAdSolution/u0a116 for service com.miui.systemAdSolution/.splashscreen.SplashScreenService caller=android
05-30 18:24:37.379  1592  1592 I SplashScreenServiceDelegate: SplashScreenService connected!
05-30 18:24:37.380  1592  1663 D Boost   : hostingType=FastRestart, hostingName=null, callerPackage=system, isSystem=true, isBoostNeeded=false.
05-30 18:24:37.380  1592  1652 I SplashScreenServiceDelegate: Set splash package check listener
05-30 18:24:37.381  1592  1663 I ActivityManager: Start proc 9241:com.android.camera/u0a52 for FastRestart caller=system
05-30 18:24:37.509  1592  2391 I SplashScreenServiceDelegate: updateSplashPackageCheckInfoList
05-30 18:24:37.641  1592  4273 I SplashScreenServiceDelegate: updateSplashPackageCheckInfoList
05-30 18:24:37.642  1592  4273 I SplashScreenServiceDelegate: Valid SplashPackageCheckInfo[com.android.thememanager, 1970-01-01 08:00:15, IGNORE]
05-30 18:24:37.642  1592  4273 I SplashScreenServiceDelegate: Valid SplashPackageCheckInfo[com.wuba, 1970-01-01 08:03:00, IGNORE]
05-30 18:24:37.642  1592  4273 I SplashScreenServiceDelegate: Valid SplashPackageCheckInfo[com.miui.video, 1970-01-01 08:00:20, IGNORE]
05-30 18:24:37.642  1592  4273 I SplashScreenServiceDelegate: Valid SplashPackageCheckInfo[com.duokan.phone.remotecontroller, 1970-01-01 08:03:00, IGNORE]
05-30 18:24:37.642  1592  4273 I SplashScreenServiceDelegate: Valid SplashPackageCheckInfo[com.miui.player, 1970-01-01 08:00:01, IGNORE]
05-30 18:24:37.642  1592  4273 I SplashScreenServiceDelegate: Valid SplashPackageCheckInfo[com.xiaomi.market, 1970-01-01 08:10:00, IGNORE]
05-30 18:24:37.642  1592  4273 I SplashScreenServiceDelegate: Valid SplashPackageCheckInfo[com.android.calendar, 1970-01-01 20:00:00, IGNORE]
05-30 18:24:37.642  1592  4273 I SplashScreenServiceDelegate: Valid SplashPackageCheckInfo[com.android.browser, 1970-01-01 08:03:00, IGNORE]
05-30 18:24:37.643  1592  4273 I SplashScreenServiceDelegate: Valid SplashPackageCheckInfo[com.duokan.reader, 1970-01-01 08:03:00, IGNORE]
05-30 18:24:37.643  1592  4273 I SplashScreenServiceDelegate: Valid SplashPackageCheckInfo[com.xiaomi.vipaccount, 1970-01-01 08:00:01, IGNORE]
05-30 18:24:40.636  1592  1726 D PackageManager: Instant App installer not found with android.intent.action.INSTALL_INSTANT_APP_PACKAGE
05-30 18:24:40.636  1592  1726 D PackageManager: Clear ephemeral installer activity
05-30 18:24:40.637  1592  1726 W Looper  : Slow Looper PackageManager: Long Msg: seq=32 plan=18:24:34.118  late=1ms wall=6517ms running=0ms h=com.android.server.pm.PackageManagerService$PackageHandler c=com.android.server.pm.PackageManagerService$10
05-30 18:24:40.637  1592  1726 I InstallationStatistic: com.hpbr.bosszhipin|com.miui.cloudbackup|7769|653|112|151|0|6272
05-30 18:24:40.645  1592  2026 I MiuiCompatModePackages: package com.hpbr.bosszhipin updated, removing config
05-30 18:24:40.650  1592  2015 V LocationPolicy: ACTION_PACKAGE_ADDED for uid=10174
05-30 18:24:40.663  1592  4283 W BroadcastQueue: Background execution not allowed: receiving Intent { act=android.intent.action.PACKAGE_ADDED dat=package:com.hpbr.bosszhipin flg=0x4000010 (has extras) } to com.lbe.security.miui/com.lbe.security.service.BootReceiver
05-30 18:24:40.664  1592  1661 W BroadcastQueue: Background execution not allowed: receiving Intent { act=android.intent.action.PACKAGE_ADDED dat=package:com.hpbr.bosszhipin flg=0x4000010 (has extras) } to com.android.providers.downloads/.receiver.ApplicationInstallReceiver
05-30 18:24:40.664  1592  1661 W BroadcastQueue: Background execution not allowed: receiving Intent { act=android.intent.action.PACKAGE_ADDED dat=package:com.hpbr.bosszhipin flg=0x4000010 (has extras) } to com.android.settings/.search.provider.UpdateReceiver
05-30 18:24:40.664  1592  1661 W BroadcastQueue: Background execution not allowed: receiving Intent { act=android.intent.action.PACKAGE_ADDED dat=package:com.hpbr.bosszhipin flg=0x4000010 (has extras) } to com.miui.audioeffect/com.android.musicfx.Compatibility$Receiver
05-30 18:24:40.664  1592  1661 W BroadcastQueue: Background execution not allowed: receiving Intent { act=android.intent.action.PACKAGE_ADDED dat=package:com.hpbr.bosszhipin flg=0x4000010 (has extras) } to com.xiaomi.market/.data.MyPackageMonitor
05-30 18:24:40.664  1592  1661 W BroadcastQueue: Background execution not allowed: receiving Intent { act=android.intent.action.PACKAGE_ADDED dat=package:com.hpbr.bosszhipin flg=0x4000010 (has extras) } to com.xiaomi.misettings/.usagestats.AppTimerReceiver
05-30 18:24:40.664  1592  1661 W BroadcastQueue: Background execution not allowed: receiving Intent { act=android.intent.action.PACKAGE_ADDED dat=package:com.hpbr.bosszhipin flg=0x4000010 (has extras) } to com.xiaomi.providers.appindex/.PackageChangeReceiver
05-30 18:24:40.729  1592  9329 I WakePathChecker: updateLauncherPackageNames =com.miui.home
05-30 18:24:40.730  1592  9329 I WakePathChecker: updateLauncherPackageNames =com.android.settings
05-30 18:24:40.730  1592  4283 I ActivityManager: Start proc 9330:com.miui.cloudservice/u0a91 for broadcast com.miui.cloudservice/.finddevice.FindDeviceGuideNotificationReceiver caller=com.xiaomi.finddevice
05-30 18:24:40.730  1592  1663 D Boost   : hostingType=broadcast, hostingName=com.miui.cloudservice/.finddevice.FindDeviceGuideNotificationReceiver, callerPackage=com.xiaomi.finddevice, isSystem=true, isBoostNeeded=false.
05-30 18:24:40.746  1592  1592 I Telecom : DefaultDialerCache: Refreshing default dialer for user 0: now com.android.contacts: DDC.oR@AGY
05-30 18:24:40.779  1592  1652 W TextServicesManagerService: no available spell checker services found
05-30 18:24:40.815  3531  3830 D PowerKeeper.Sensor: setUidState, uid = 10174 allow = false
05-30 18:24:40.868  1592  1662 D AutofillUI: destroySaveUiUiThread(): already destroyed
05-30 18:24:40.870  1592  1652 D AutofillManagerServiceImpl: Set component for user 0 as AutofillServiceInfo[ServiceInfo{f8cb27b com.miui.contentcatcher.autofill.services.MiuiAutofillService}, settings:com.miui.contentcatcher.autofill.activitys.AutofillSettingActivity, hasCompatPckgs:false]
05-30 18:24:40.870  1592  1661 W XSpaceManagerService: update XSpace App: packageName:com.hpbr.bosszhipin, user:UserHandle{0}, action:android.intent.action.PACKAGE_ADDED
05-30 18:24:40.936  1592  1663 D Boost   : hostingType=service, hostingName=com.xiaomi.simactivate.service/com.xiaomi.activate.ActivateService, callerPackage=com.miui.cloudservice, isSystem=true, isBoostNeeded=false.
05-30 18:24:40.938  1592  1663 I ActivityManager: Start proc 9359:com.xiaomi.simactivate.service/u0a61 for service com.xiaomi.simactivate.service/com.xiaomi.activate.ActivateService caller=com.miui.cloudservice
05-30 18:24:40.961  1592  3948 W ActivityManager: Background start not allowed: service Intent { cmp=com.miui.cloudservice/com.xiaomi.mipush.sdk.PushMessageHandler } to com.miui.cloudservice/com.xiaomi.mipush.sdk.PushMessageHandler from pid=9330 uid=10091 pkg=com.miui.cloudservice startFg?=false
05-30 18:24:40.984  1592  1698 W FileUtils: Slow Operation: fsync took 144ms
05-30 18:24:41.015  1592  3948 W ActivityManager: Background start not allowed: service Intent { cmp=com.miui.cloudservice/com.xiaomi.mipush.sdk.MessageHandleService } to com.miui.cloudservice/com.xiaomi.mipush.sdk.MessageHandleService from pid=9330 uid=10091 pkg=com.miui.cloudservice startFg?=false
05-30 18:24:41.037  1592  4267 W BroadcastQueue: Background execution not allowed: receiving Intent { act=android.search.action.SEARCHABLES_CHANGED flg=0x24000010 } to com.android.quicksearchbox/.CorporaUpdateReceiver
05-30 18:24:41.050  1592  4278 W ActivityManager: Background start not allowed: service Intent { cmp=com.miui.cloudservice/com.xiaomi.mipush.sdk.PushMessageHandler } to com.miui.cloudservice/com.xiaomi.mipush.sdk.PushMessageHandler from pid=9330 uid=10091 pkg=com.miui.cloudservice startFg?=false
05-30 18:24:41.053  1592  3948 W ActivityManager: Background start not allowed: service Intent { cmp=com.miui.cloudservice/com.xiaomi.mipush.sdk.MessageHandleService } to com.miui.cloudservice/com.xiaomi.mipush.sdk.MessageHandleService from pid=9330 uid=10091 pkg=com.miui.cloudservice startFg?=false
05-30 18:24:41.054  1592  4278 W ActivityManager: Background start not allowed: service Intent { cmp=com.miui.cloudservice/com.xiaomi.mipush.sdk.PushMessageHandler } to com.miui.cloudservice/com.xiaomi.mipush.sdk.PushMessageHandler from pid=9330 uid=10091 pkg=com.miui.cloudservice startFg?=false
05-30 18:24:41.059  1592  4278 W ActivityManager: Background start not allowed: service Intent { cmp=com.miui.cloudservice/com.xiaomi.mipush.sdk.MessageHandleService } to com.miui.cloudservice/com.xiaomi.mipush.sdk.MessageHandleService from pid=9330 uid=10091 pkg=com.miui.cloudservice startFg?=false
05-30 18:24:41.060  1592  1964 W ActivityManager: Background start not allowed: service Intent { cmp=com.miui.cloudservice/com.xiaomi.mipush.sdk.MessageHandleService } to com.miui.cloudservice/com.xiaomi.mipush.sdk.MessageHandleService from pid=9330 uid=10091 pkg=com.miui.cloudservice startFg?=false
05-30 18:24:41.061  1592  3948 W ActivityManager: Background start not allowed: service Intent { cmp=com.miui.cloudservice/com.xiaomi.mipush.sdk.PushMessageHandler } to com.miui.cloudservice/com.xiaomi.mipush.sdk.PushMessageHandler from pid=9330 uid=10091 pkg=com.miui.cloudservice startFg?=false
05-30 18:24:41.067  1592  1964 W ActivityManager: Background start not allowed: service Intent { cmp=com.miui.cloudservice/com.xiaomi.mipush.sdk.PushMessageHandler } to com.miui.cloudservice/com.xiaomi.mipush.sdk.PushMessageHandler from pid=9330 uid=10091 pkg=com.miui.cloudservice startFg?=false
05-30 18:24:41.068  1592  1964 W ActivityManager: Background start not allowed: service Intent { cmp=com.miui.cloudservice/com.xiaomi.mipush.sdk.MessageHandleService } to com.miui.cloudservice/com.xiaomi.mipush.sdk.MessageHandleService from pid=9330 uid=10091 pkg=com.miui.cloudservice startFg?=false
05-30 18:24:41.073  1592  3948 W ActivityManager: Background start not allowed: service Intent { cmp=com.miui.cloudservice/com.xiaomi.mipush.sdk.PushMessageHandler } to com.miui.cloudservice/com.xiaomi.mipush.sdk.PushMessageHandler from pid=9330 uid=10091 pkg=com.miui.cloudservice startFg?=false
05-30 18:24:41.074  1592  4278 W ActivityManager: Background start not allowed: service Intent { cmp=com.miui.cloudservice/com.xiaomi.mipush.sdk.MessageHandleService } to com.miui.cloudservice/com.xiaomi.mipush.sdk.MessageHandleService from pid=9330 uid=10091 pkg=com.miui.cloudservice startFg?=false
05-30 18:24:41.077  1592  4278 W ActivityManager: Background start not allowed: service Intent { cmp=com.miui.cloudservice/com.xiaomi.mipush.sdk.PushMessageHandler } to com.miui.cloudservice/com.xiaomi.mipush.sdk.PushMessageHandler from pid=9330 uid=10091 pkg=com.miui.cloudservice startFg?=false
05-30 18:24:41.078  1592  4278 W ActivityManager: Background start not allowed: service Intent { cmp=com.miui.cloudservice/com.xiaomi.mipush.sdk.MessageHandleService } to com.miui.cloudservice/com.xiaomi.mipush.sdk.MessageHandleService from pid=9330 uid=10091 pkg=com.miui.cloudservice startFg?=false
05-30 18:24:44.234  1592  1663 D Boost   : hostingType=service, hostingName=com.qualcomm.qti.autoregistration/.RegistrationService, callerPackage=com.qualcomm.qti.autoregistration, isSystem=true, isBoostNeeded=false.
05-30 18:24:44.235  1592  1663 I ActivityManager: Start proc 9415:com.qualcomm.qti.autoregistration/1001 for service com.qualcomm.qti.autoregistration/.RegistrationService caller=com.qualcomm.qti.autoregistration
05-30 18:24:56.042  1592  8801 I WakePathChecker: MIUILOG-WAKEPATH pushWakePathWhiteList: userId=0 size=5
05-30 18:25:04.251  1592  1663 D Boost   : hostingType=service, hostingName=com.xiaomi.misettings/.usagestats.UsageCacheService, callerPackage=com.android.settings, isSystem=true, isBoostNeeded=false.
05-30 18:25:04.253  1592  1663 I ActivityManager: Start proc 9498:com.xiaomi.misettings/1000 for service com.xiaomi.misettings/.usagestats.UsageCacheService caller=com.android.settings
05-30 18:25:04.506  1592  1592 V SettingsProvider: Notifying for 0: content://settings/system/apptimer_load_data_time
05-30 18:25:12.171  1592  1698 W FileUtils: Slow Operation: fsync took 2583ms
05-30 18:25:12.181  1592  1698 W Looper  : Slow Looper android.io: Long Msg: seq=3920 plan=18:25:09.585  late=0ms wall=2595ms running=0ms h=android.os.Handler c=com.android.server.notification.NotificationManagerService$SavePolicyFileRunnable
05-30 18:25:14.248  1592  1663 D Boost   : hostingType=service, hostingName=com.qualcomm.qti.smcinvokepkgmgr/.SmcInvokeService, callerPackage=com.qualcomm.qti.smcinvokepkgmgr, isSystem=true, isBoostNeeded=false.
05-30 18:25:14.253  1592  1663 I ActivityManager: Start proc 9531:com.qualcomm.qti.smcinvokepkgmgr/1000 for service com.qualcomm.qti.smcinvokepkgmgr/.SmcInvokeService caller=com.qualcomm.qti.smcinvokepkgmgr
05-30 18:25:17.351   966  1132 E storaged: getDiskStats failed with result NOT_SUPPORTED and size 0
05-30 18:25:24.251  1592  1663 D Boost   : hostingType=service, hostingName=com.android.settings/.dangerousoptions.DangerousOptionsWarningService, callerPackage=com.android.settings, isSystem=true, isBoostNeeded=false.
05-30 18:25:24.257  1592  1663 I ActivityManager: Start proc 9557:com.android.settings:remote/1000 for service com.android.settings/.dangerousoptions.DangerousOptionsWarningService caller=com.android.settings
05-30 18:25:34.256  1592  1663 D Boost   : hostingType=service, hostingName=com.xiaomi.mi_connect_service/.MiConnectService, callerPackage=com.xiaomi.mi_connect_service, isSystem=true, isBoostNeeded=false.
05-30 18:25:34.259  1592  1663 I ActivityManager: Start proc 9585:com.xiaomi.mi_connect_service/1000 for service com.xiaomi.mi_connect_service/.MiConnectService caller=com.xiaomi.mi_connect_service
05-30 18:25:34.391  1592  2008 D NsdService: mdnssd [start-service]
05-30 18:25:34.596  1592  2008 D NsdService: New client listening to asynchronous messages
05-30 18:25:34.596  1592  2008 D NsdService: New client, channel: com.android.internal.util.AsyncChannel@385b00b messenger: android.os.Messenger@f117ee8
05-30 18:25:40.879  3531  3830 D PowerKeeper.Location: setUidState, uid = 10174 allow = false
05-30 18:25:40.880  1592  4277 V LocationPolicy: writePolicyLocked()
05-30 18:25:44.238  1592  1663 D Boost   : hostingType=service, hostingName=com.qualcomm.atfwd/.AtFwdService, callerPackage=com.qualcomm.atfwd, isSystem=true, isBoostNeeded=false.
05-30 18:25:44.241  1592  1663 I ActivityManager: Start proc 9628:com.qualcomm.telephony/u0a79 for service com.qualcomm.atfwd/.AtFwdService caller=com.qualcomm.atfwd
05-30 18:25:47.045  1592  1610 D ActivityManager: report kill process: killerPid is:9195, killedPid is:9195
05-30 18:25:47.073  1592  3194 I SplashScreenServiceDelegate: SplashScreenService binderDied!
05-30 18:25:47.074  1592  3194 I SplashScreenServiceDelegate: Restart SplashScreenService delay time 20000
05-30 18:25:47.074  1592  4284 I ActivityManager: Process com.miui.systemAdSolution (pid 9195) has died: vis  TRNB
05-30 18:25:47.074  1592  3194 I SplashScreenServiceDelegate: SplashScreenService rebind count: 1
05-30 18:25:47.074  1592  1592 I SplashScreenServiceDelegate: SplashScreenService disconnected!
05-30 18:25:47.075  1592  4284 W ActivityManager: Scheduling restart of crashed service com.miui.systemAdSolution/.splashscreen.SplashScreenService in 1000ms
05-30 18:25:47.077  1592  1662 V UidProcStateHelper: process died:[9195,10116]
05-30 18:25:52.092  1592  4277 I InstallationStatistic: beginInstallSession: 172973764
05-30 18:25:52.712  1592  3948 E NotificationService: Package enqueue rate is 4.3361683. Shedding 0|com.miui.cloudbackup|200|null|10039. package=com.miui.cloudbackup
05-30 18:25:53.764  1592  3948 D ApkSignatureVerifier:  Perflock acquired for PackageInstall 
05-30 18:25:55.506  1592  3948 D ApkSignatureVerifier:  Perflock released for PackageInstall 
05-30 18:25:55.516  1592  1962 D com.android.server.pm.PackageManagerServiceInjector: Package verify start
05-30 18:25:55.539  1592  1663 D Boost   : hostingType=content provider, hostingName=com.miui.guardprovider/.GuardProvider, callerPackage=com.miui.securitycenter, isSystem=true, isBoostNeeded=false.
05-30 18:25:55.547  1592  1663 I ActivityManager: Start proc 9665:com.miui.guardprovider/u0a82 for content provider com.miui.guardprovider/.GuardProvider caller=com.miui.securitycenter
05-30 18:25:55.690  9665  9682 W PackageParser: Ignoring duplicate uses-permissions/uses-permissions-sdk-m: android.permission.WRITE_SETTINGS in package: com.tencent.mm at: Binary XML file line #39
05-30 18:25:57.406  1592  1726 W PackageParser: Ignoring duplicate uses-permissions/uses-permissions-sdk-m: android.permission.WRITE_SETTINGS in package: com.tencent.mm at: Binary XML file line #39
05-30 18:25:57.731  1592  1726 D com.android.server.pm.PackageManagerServiceInjector: Compiler-filter replaced to quicken
05-30 18:25:58.910  1592  1652 W FileUtils: Slow Operation: fsync took 954ms
05-30 18:25:58.910  1592  1698 W FileUtils: Slow Operation: fsync took 131ms
05-30 18:26:07.075  1592  1592 I SplashScreenServiceDelegate: SplashScreenService started
05-30 18:26:07.085  1592  1663 D Boost   : hostingType=service, hostingName=com.miui.systemAdSolution/.splashscreen.SplashScreenService, callerPackage=android, isSystem=true, isBoostNeeded=false.
05-30 18:26:07.087  1592  1663 I ActivityManager: Start proc 9720:com.miui.systemAdSolution/u0a116 for service com.miui.systemAdSolution/.splashscreen.SplashScreenService caller=android
05-30 18:26:07.324  1592  1592 I SplashScreenServiceDelegate: SplashScreenService connected!
05-30 18:26:07.324  1592  1652 I SplashScreenServiceDelegate: Set splash package check listener
05-30 18:26:07.374  1592  3194 I SplashScreenServiceDelegate: updateSplashPackageCheckInfoList
05-30 18:26:07.464  1592  3194 I SplashScreenServiceDelegate: updateSplashPackageCheckInfoList
