05-30 18:19:10.288  6178  6178 E IOtgSwitch: transact failed. java.util.NoSuchElementException
05-30 18:19:10.724  1592  1701 I Timeline: Timeline: Activity_windows_visible id: ActivityRecord{274d8d7 u0 com.android.settings/.SubSettings t12} time:125102
05-30 18:19:10.726  1592  1968 I Timeline: Timeline: App_transition_stopped time:125103
05-30 18:19:12.585  1592  1592 W WindowManager: removeWindowToken: Attempted to remove non-existing token: android.os.Binder@b0d2a3a
05-30 18:19:12.782  1592  1592 W WindowManager: removeWindowToken: Attempted to remove non-existing token: android.os.Binder@506f7bf
05-30 18:19:12.994  1592  1592 W WindowManager: removeWindowToken: Attempted to remove non-existing token: android.os.Binder@2129d90
05-30 18:19:13.086  1592  1663 D Boost   : hostingType=service, hostingName=com.qualcomm.qti.smcinvokepkgmgr/.SmcInvokeService, callerPackage=com.qualcomm.qti.smcinvokepkgmgr, isSystem=true, isBoostNeeded=false.
05-30 18:19:13.088  1592  1663 I ActivityManager: Start proc 7976:com.qualcomm.qti.smcinvokepkgmgr/1000 for service com.qualcomm.qti.smcinvokepkgmgr/.SmcInvokeService caller=com.qualcomm.qti.smcinvokepkgmgr
05-30 18:19:13.197  1592  1592 W WindowManager: removeWindowToken: Attempted to remove non-existing token: android.os.Binder@57d4fd
05-30 18:19:13.467  6178  6178 I Timeline: Timeline: Activity_launch_request time:127845
05-30 18:19:13.468  1592  4271 I ActivityManager: START u0 {act=android.intent.action.MAIN cmp=com.android.settings/.SubSettings (has extras)} from uid 1000
05-30 18:19:13.503  1592  2400 I ActivityManager: Killing 6920:com.android.deskclock/u0a83 (adj 906): empty #17
05-30 18:19:13.509  1592  2400 I Timeline: Timeline: App_transition_ready time:127886
05-30 18:19:13.525  1592  1968 I Timeline: Timeline: App_transition_ready time:127903
05-30 18:19:13.533  1592  1662 V UidProcStateHelper: process died:[6920,10083]
05-30 18:19:13.587  6178  6246 E ActivityThread: Failed to find provider info for com.qti.smq.Feedback.provider
05-30 18:19:13.606  1592  3297 E UserRestrictionsUtils: Unknown restriction: null
05-30 18:19:13.608  1592  2402 E UserRestrictionsUtils: Unknown restriction: null
05-30 18:19:13.610  1592  3297 E UserRestrictionsUtils: Unknown restriction: null
05-30 18:19:13.704  1592  1592 V SettingsProvider: Notifying for 0: content://settings/global/debug_app
05-30 18:19:13.704  1592  1592 V SettingsProvider: Notifying for 0: content://settings/global/wait_for_debugger
05-30 18:19:13.755  1592  1992 V UiModeManager: switch night mode to 1
05-30 18:19:14.016  1592  1701 I Timeline: Timeline: Activity_windows_visible id: ActivityRecord{f096a3e u0 com.android.settings/.SubSettings t12} time:128394
05-30 18:19:14.018  1592  1968 I Timeline: Timeline: App_transition_stopped time:128396
05-30 18:19:14.023  1592  1661 I ActivityManager: Killing 4568:com.miui.personalassistant/u0a41 (adj 906): empty #17
05-30 18:19:14.038  1592  1662 V UidProcStateHelper: process died:[4568,10041]
05-30 18:19:15.557  1592  1726 D PackageManager: Instant App installer not found with android.intent.action.INSTALL_INSTANT_APP_PACKAGE
05-30 18:19:15.557  1592  1726 D PackageManager: Clear ephemeral installer activity
05-30 18:19:15.559  1592  1726 W Looper  : Slow Looper PackageManager: Long Msg: seq=6 plan=18:18:42.336  late=0ms wall=33223ms running=0ms h=com.android.server.pm.PackageManagerService$PackageHandler c=com.android.server.pm.PackageManagerService$10
05-30 18:19:15.575  1592  2402 I ActivityManager: Killing 2979:android.process.acore/u0a25 (adj 906): empty #17
05-30 18:19:15.610  1592  1726 I InstallationStatistic: com.tencent.mobileqq|com.miui.cloudbackup|35665|1180|196|272|0|27187
05-30 18:19:15.634  1592  1662 V UidProcStateHelper: process died:[2979,10025]
05-30 18:19:15.685  1592  1592 I Telecom : DefaultDialerCache: Refreshing default dialer for user 0: now com.android.contacts: DDC.oR@AFk
05-30 18:19:15.698  1592  1661 W BroadcastQueue: Background execution not allowed: receiving Intent { act=android.intent.action.PACKAGE_ADDED dat=package:com.tencent.mobileqq flg=0x4000010 (has extras) } to com.lbe.security.miui/com.lbe.security.service.BootReceiver
05-30 18:19:15.698  1592  1661 W BroadcastQueue: Background execution not allowed: receiving Intent { act=android.intent.action.PACKAGE_ADDED dat=package:com.tencent.mobileqq flg=0x4000010 (has extras) } to com.android.providers.downloads/.receiver.ApplicationInstallReceiver
05-30 18:19:15.699  1592  1661 W BroadcastQueue: Background execution not allowed: receiving Intent { act=android.intent.action.PACKAGE_ADDED dat=package:com.tencent.mobileqq flg=0x4000010 (has extras) } to com.android.settings/.search.provider.UpdateReceiver
05-30 18:19:15.699  1592  1661 W BroadcastQueue: Background execution not allowed: receiving Intent { act=android.intent.action.PACKAGE_ADDED dat=package:com.tencent.mobileqq flg=0x4000010 (has extras) } to com.miui.audioeffect/com.android.musicfx.Compatibility$Receiver
05-30 18:19:15.703  1592  1661 W BroadcastQueue: Background execution not allowed: receiving Intent { act=android.intent.action.PACKAGE_ADDED dat=package:com.tencent.mobileqq flg=0x4000010 (has extras) } to com.xiaomi.market/.data.MyPackageMonitor
05-30 18:19:15.703  1592  1661 W BroadcastQueue: Background execution not allowed: receiving Intent { act=android.intent.action.PACKAGE_ADDED dat=package:com.tencent.mobileqq flg=0x4000010 (has extras) } to com.xiaomi.misettings/.usagestats.AppTimerReceiver
05-30 18:19:15.704  1592  1661 W BroadcastQueue: Background execution not allowed: receiving Intent { act=android.intent.action.PACKAGE_ADDED dat=package:com.tencent.mobileqq flg=0x4000010 (has extras) } to com.xiaomi.providers.appindex/.PackageChangeReceiver
05-30 18:19:15.712  1592  2015 V LocationPolicy: ACTION_PACKAGE_ADDED for uid=10173
05-30 18:19:15.719  1592  2026 I MiuiCompatModePackages: package com.tencent.mobileqq updated, removing config
05-30 18:19:15.783  1592  8035 I WakePathChecker: updateLauncherPackageNames =com.miui.home
05-30 18:19:15.783  1592  8035 I WakePathChecker: updateLauncherPackageNames =com.android.settings
05-30 18:19:15.875  1592  1592 I Telecom : DefaultDialerCache: Refreshing default dialer for user 0: now com.android.contacts: DDC.oR@AF4
05-30 18:19:15.876  1592  1592 W Looper  : Slow delivery took 222ms main h=android.app.ActivityThread$H c=android.app.-$$Lambda$LoadedApk$ReceiverDispatcher$Args$_BumDX2UKsnxLVrE6UJsJZkotuA@6914b28 m=0
05-30 18:19:15.890  1592  1592 V SettingsProvider: Notifying for 0: content://settings/secure/nfc_payment_default_component
05-30 18:19:15.891  1592  1592 I Telecom : DefaultDialerCache: Refreshing default dialer for user 0: now com.android.contacts: DDC.oR@AF8
05-30 18:19:15.969  1592  1592 W Looper  : Drained
05-30 18:19:16.033  1592  1661 W BroadcastQueue: Background execution not allowed: receiving Intent { act=android.search.action.SEARCHABLES_CHANGED flg=0x24000010 } to com.android.quicksearchbox/.CorporaUpdateReceiver
05-30 18:19:16.033  1592  1652 W VoiceInteractionManagerService: no available voice interaction services found for user 0
05-30 18:19:16.060  1592  1663 D Boost   : hostingType=content provider, hostingName=com.android.providers.contacts/.ContactsProvider2, callerPackage=com.miui.micloudsync, isSystem=true, isBoostNeeded=false.
05-30 18:19:16.062  1592  1661 W BroadcastQueue: Background execution not allowed: receiving Intent { act=android.search.action.SEARCHABLES_CHANGED flg=0x24000010 } to com.android.quicksearchbox/.CorporaUpdateReceiver
05-30 18:19:16.063  1592  1652 W VoiceInteractionManagerService: no available voice interaction services found for user 0
05-30 18:19:16.067  1592  1663 I ActivityManager: Start proc 8054:android.process.acore/u0a25 for content provider com.android.providers.contacts/.ContactsProvider2 caller=com.miui.micloudsync
05-30 18:19:16.195  1592  1652 W TextServicesManagerService: no available spell checker services found
05-30 18:19:16.205  1592  3985 D SystemSettings: Want to modify SystemSettings? See MiuiSettings.System.PUBLIC_SETTINGS
05-30 18:19:16.226  1592  1661 W BroadcastQueue: Background execution not allowed: receiving Intent { act=android.search.action.SEARCHABLES_CHANGED flg=0x24000010 } to com.android.quicksearchbox/.CorporaUpdateReceiver
05-30 18:19:16.244  1592  1662 D AutofillUI: destroySaveUiUiThread(): already destroyed
05-30 18:19:16.263  1592  1652 D AutofillManagerServiceImpl: Set component for user 0 as AutofillServiceInfo[ServiceInfo{ca101f7 com.miui.contentcatcher.autofill.services.MiuiAutofillService}, settings:com.miui.contentcatcher.autofill.activitys.AutofillSettingActivity, hasCompatPckgs:false]
05-30 18:19:16.264  1592  1661 W XSpaceManagerService: update XSpace App: packageName:com.tencent.mobileqq, user:UserHandle{0}, action:android.intent.action.PACKAGE_ADDED
05-30 18:19:16.269  1592  4277 E NotificationService: Error creating vibration waveform with pattern: [0]
05-30 18:19:16.594  1592  4279 D SystemSettings: Want to modify SystemSettings? See MiuiSettings.System.PUBLIC_SETTINGS
05-30 18:19:16.702  1592  1592 W WindowManager: removeWindowToken: Attempted to remove non-existing token: android.os.Binder@1b5384
05-30 18:19:16.792  3531  3830 D DeviceIdleController: set apps count: mTempWhitelistAppIds: 1, mTempNonWhitelistAppIds: 0
05-30 18:19:17.022  1592  4279 I WakePathChecker: MIUILOG-WAKEPATH pushWakePathWhiteList: userId=0 size=5
05-30 18:19:17.305  1592  1592 I NotificationService: Cannot find enqueued record for key: 0|com.android.providers.contacts|100|null|10025
05-30 18:19:17.345   966  1132 E storaged: getDiskStats failed with result NOT_SUPPORTED and size 0
05-30 18:19:17.588  3531  3830 D PowerKeeper.Location: setUidState, uid = 10152 allow = false
05-30 18:19:17.589  1592  3985 V LocationPolicy: writePolicyLocked()
05-30 18:19:17.627  3531  3830 D PowerKeeper.Location: setUidState, uid = 10156 allow = false
05-30 18:19:17.627  1592  4271 V LocationPolicy: writePolicyLocked()
05-30 18:19:17.635  3531  3830 D PowerKeeper.Location: setUidState, uid = 10144 allow = false
05-30 18:19:17.636  1592  2880 V LocationPolicy: writePolicyLocked()
05-30 18:19:17.660  3531  3830 D PowerKeeper.Location: setUidState, uid = 10155 allow = false
05-30 18:19:17.661  1592  4279 V LocationPolicy: writePolicyLocked()
05-30 18:19:17.670  3531  3830 D PowerKeeper.Location: setUidState, uid = 10157 allow = false
05-30 18:19:17.670  1592  4271 V LocationPolicy: writePolicyLocked()
05-30 18:19:17.681  3531  3830 D PowerKeeper.Location: setUidState, uid = 10149 allow = false
05-30 18:19:17.682  1592  4271 V LocationPolicy: writePolicyLocked()
05-30 18:19:17.689  3531  3830 D PowerKeeper.Location: setUidState, uid = 10166 allow = false
05-30 18:19:17.690  1592  4277 V LocationPolicy: writePolicyLocked()
05-30 18:19:17.701  3531  3830 D PowerKeeper.Location: setUidState, uid = 10165 allow = false
05-30 18:19:17.701  1592  2880 V LocationPolicy: writePolicyLocked()
05-30 18:19:17.777  3531  3830 D PowerKeeper.Location: setUidState, uid = 10164 allow = false
05-30 18:19:17.778  1592  3985 V LocationPolicy: writePolicyLocked()
05-30 18:19:17.807  3531  3830 D PowerKeeper.Location: setUidState, uid = 10150 allow = false
05-30 18:19:17.807  1592  3985 V LocationPolicy: writePolicyLocked()
05-30 18:19:17.821  3531  3830 D PowerKeeper.Location: setUidState, uid = 10160 allow = false
05-30 18:19:17.821  1592  4279 V LocationPolicy: writePolicyLocked()
05-30 18:19:17.827  3531  3830 D PowerKeeper.Location: setUidState, uid = 10170 allow = false
05-30 18:19:17.827  1592  2880 V LocationPolicy: writePolicyLocked()
05-30 18:19:17.850  3531  3830 D PowerKeeper.Location: setUidState, uid = 10085 allow = false
05-30 18:19:17.851  1592  2880 V LocationPolicy: writePolicyLocked()
05-30 18:19:17.856  3531  3830 D PowerKeeper.Location: setUidState, uid = 10154 allow = false
05-30 18:19:17.856  1592  2880 V LocationPolicy: writePolicyLocked()
05-30 18:19:17.866  3531  3830 D PowerKeeper.Location: setUidState, uid = 10140 allow = false
05-30 18:19:17.866  1592  4277 V LocationPolicy: writePolicyLocked()
05-30 18:19:17.878  3531  3830 D PowerKeeper.Location: setUidState, uid = 10162 allow = false
05-30 18:19:17.878  1592  4277 V LocationPolicy: writePolicyLocked()
05-30 18:19:17.890  3531  3830 D PowerKeeper.Location: setUidState, uid = 10167 allow = false
05-30 18:19:17.892  1592  2402 V LocationPolicy: writePolicyLocked()
05-30 18:19:17.905  3531  3830 D PowerKeeper.Location: setUidState, uid = 10159 allow = false
05-30 18:19:17.905  1592  2880 V LocationPolicy: writePolicyLocked()
05-30 18:19:17.914  3531  3830 D PowerKeeper.Location: setUidState, uid = 10141 allow = false
05-30 18:19:17.914  1592  2402 V LocationPolicy: writePolicyLocked()
05-30 18:19:17.922  3531  3830 D PowerKeeper.Location: setUidState, uid = 10143 allow = false
05-30 18:19:17.922  1592  2880 V LocationPolicy: writePolicyLocked()
05-30 18:19:17.931  3531  3830 D PowerKeeper.Location: setUidState, uid = 10146 allow = false
05-30 18:19:17.932  1592  2402 V LocationPolicy: writePolicyLocked()
05-30 18:19:17.937  3531  3830 D PowerKeeper.Location: setUidState, uid = 10139 allow = false
05-30 18:19:17.937  1592  3303 V LocationPolicy: writePolicyLocked()
05-30 18:19:17.946  3531  3830 D PowerKeeper.Location: setUidState, uid = 10169 allow = false
05-30 18:19:17.947  1592  2880 V LocationPolicy: writePolicyLocked()
05-30 18:19:17.951  3531  3830 D PowerKeeper.Location: setUidState, uid = 10158 allow = false
05-30 18:19:17.951  1592  2402 V LocationPolicy: writePolicyLocked()
05-30 18:19:17.956  3531  3830 D PowerKeeper.Location: setUidState, uid = 10136 allow = false
05-30 18:19:17.957  1592  2880 V LocationPolicy: writePolicyLocked()
05-30 18:19:17.964  3531  3830 D PowerKeeper.Location: setUidState, uid = 10172 allow = false
05-30 18:19:17.964  1592  4277 V LocationPolicy: writePolicyLocked()
05-30 18:19:18.283  1592  8019 D com.android.server.pm.PackageManagerServiceInjector: FirstUseActivity packageName = com.miui.securitycore is compiled using filter = speed-profile, success = true
05-30 18:19:20.387  1592  1592 V SettingsProvider: Notifying for 0: content://settings/global/adb_enabled
05-30 18:19:20.948  6178  6178 I Timeline: Timeline: Activity_launch_request time:135325
05-30 18:19:20.953  1592  1964 I ActivityManager: START u0 {act=android.intent.action.MAIN cat=[android.intent.category.LAUNCHER] flg=0x10008000 cmp=com.android.settings/.Settings$UsbDetailsActivity} from uid 1000
05-30 18:19:21.043  1592  1992 V UiModeManager: switch night mode to 1
05-30 18:19:21.082  1592  4277 I Timeline: Timeline: App_transition_ready time:135460
05-30 18:19:21.084  1592  4277 I Timeline: Timeline: App_transition_ready time:135462
05-30 18:19:21.097  1592  4271 I Timeline: Timeline: App_transition_ready time:135475
05-30 18:19:21.112  1592  1968 I Timeline: Timeline: App_transition_ready time:135490
05-30 18:19:21.124  1592  1968 I Timeline: Timeline: App_transition_ready time:135501
05-30 18:19:21.958  2132  2611 D ChargingUtils: isQuickCharging() quickCharging=false
05-30 18:19:21.959  2132  2451 D ChargingUtils: isQuickCharging() quickCharging=false
05-30 18:19:21.992  2132  2586 D ChargingUtils: isQuickCharging() quickCharging=false
05-30 18:19:24.008  1592  1663 D Boost   : hostingType=service, hostingName=com.miui.notes/.cloudservice.NotesSyncService, callerPackage=android, isSystem=true, isBoostNeeded=false.
05-30 18:19:24.009  1592  1663 I ActivityManager: Start proc 8166:com.miui.notes:sync/u0a147 for service com.miui.notes/.cloudservice.NotesSyncService caller=android
05-30 18:19:25.075  1592  1661 W BroadcastQueue: Background execution not allowed: receiving Intent { act=android.net.wifi.STATE_CHANGE flg=0x4000010 (has extras) } to com.android.settings/.MiuiSettingsReceiver
05-30 18:19:31.561  1592  1611 W ActivityManager: Background start not allowed: service Intent { act=miui.action.CLOUD_RESTORE_SETTINGS pkg=com.android.camera (has extras) } to com.android.camera/.backup.CameraSettingsBackupService from pid=5337 uid=10039 pkg=com.miui.cloudbackup startFg?=false
05-30 18:19:31.583  1592  1611 D ProcessManager: protectCurrentProcess:true, set com.miui.touchassistant:float maxAdj to vis  , maxProcState to + TOP 
05-30 18:19:31.625  1592  1611 W ActivityManager: Background start not allowed: service Intent { act=miui.action.CLOUD_RESTORE_SETTINGS pkg=com.miui.gallery (has extras) } to com.miui.gallery/.settingsbackup.GallerySettingsBackupService from pid=5337 uid=10039 pkg=com.miui.cloudbackup startFg?=false
05-30 18:19:31.641  1592  1663 D Boost   : hostingType=service, hostingName=com.miui.gallery/.settingsbackup.GallerySettingsBackupService, callerPackage=com.miui.cloudbackup, isSystem=true, isBoostNeeded=false.
05-30 18:19:31.642  1592  1663 I ActivityManager: Start proc 8216:com.miui.gallery/u0a26 for service com.miui.gallery/.settingsbackup.GallerySettingsBackupService caller=com.miui.cloudbackup
05-30 18:19:37.419  1592  1964 D ActivityManager: Raise procstate to external provider: ProcessRecord{335e8a5 4044:com.lbe.security.miui/u0a58}
05-30 18:19:43.103  1592  1663 D Boost   : hostingType=service, hostingName=com.qualcomm.atfwd/.AtFwdService, callerPackage=com.qualcomm.atfwd, isSystem=true, isBoostNeeded=false.
05-30 18:19:43.107  1592  1663 I ActivityManager: Start proc 8263:com.qualcomm.telephony/u0a79 for service com.qualcomm.atfwd/.AtFwdService caller=com.qualcomm.atfwd
05-30 18:19:43.133  1592  2880 I ActivityManager: Killing 6499:com.xiaomi.simactivate.service/u0a61 (adj 906): empty #17
05-30 18:19:43.169  1592  1662 V UidProcStateHelper: process died:[6499,10061]
05-30 18:19:45.192  1592  1611 I ActivityManager: Killing 7513:com.miui.video/u0a48 (adj 906): empty #17
05-30 18:19:45.193  1592  1611 I ActivityManager: Killing 7483:com.miui.weather2/u0a151 (adj 906): empty #18
05-30 18:19:45.194  1592  1611 I ActivityManager: Killing 5780:com.android.quicksearchbox/u0a19 (adj 906): empty #19
05-30 18:19:45.210  1592  1662 V UidProcStateHelper: process died:[7513,10048]
05-30 18:19:45.246  1592  1662 V UidProcStateHelper: process died:[7483,10151]
05-30 18:19:45.252  1592  1662 V UidProcStateHelper: process died:[5780,10019]
05-30 18:19:56.832  1592  1592 V SettingsProvider: Notifying for 0: content://settings/secure/sysui_qs_tiles
05-30 18:19:56.837  1592  1592 V SettingsProvider: Notifying for 0: content://settings/system/status_bar_show_network_speed
05-30 18:19:56.844  1592  1661 W BroadcastQueue: Background execution not allowed: receiving Intent { act=android.intent.action.TIME_SET flg=0x10 } to com.android.calendar/.widget.AgendaWidgetProvider
05-30 18:19:56.844  1592  1592 D DevicePolicyManager: updateSystemUpdateFreezePeriodsRecord
05-30 18:19:56.844  1592  1661 W BroadcastQueue: Background execution not allowed: receiving Intent { act=android.intent.action.TIME_SET flg=0x10 } to com.android.calendar/.widget.MonthWidgetProvider
05-30 18:19:56.844  1592  1661 W BroadcastQueue: Background execution not allowed: receiving Intent { act=android.intent.action.TIME_SET flg=0x10 } to com.xiaomi.aiasst.service/com.xiaomi.aiassistant.common.util.receiver.SystemEventReceiver
05-30 18:19:56.845  1592  1661 W BroadcastQueue: Background execution not allowed: receiving Intent { act=android.intent.action.TIME_SET flg=0x10 } to com.android.deskclock/.receiver.AlarmInitReceiver
05-30 18:19:56.845  1592  1661 W BroadcastQueue: Background execution not allowed: receiving Intent { act=android.intent.action.TIME_SET flg=0x10 } to com.android.calendar/.alerts.AlertReceiver
05-30 18:19:56.845  1592  1661 W BroadcastQueue: Background execution not allowed: receiving Intent { act=android.intent.action.TIME_SET flg=0x10 } to com.android.calendar/.widget.AgendaWidgetService$CalendarFactory
05-30 18:19:56.845  1592  1661 W BroadcastQueue: Background execution not allowed: receiving Intent { act=android.intent.action.TIME_SET flg=0x10 } to com.android.calendar/.common.MidnightReceiver
05-30 18:19:56.845  1592  1661 W BroadcastQueue: Background execution not allowed: receiving Intent { act=android.intent.action.TIME_SET flg=0x10 } to com.android.settings/.MiuiSettingsReceiver
05-30 18:19:56.845  1592  1661 W BroadcastQueue: Background execution not allowed: receiving Intent { act=android.intent.action.TIME_SET flg=0x10 } to com.android.settings/.dndmode.DoNotDisturbModeReceiver
05-30 18:19:56.846  1592  1661 W BroadcastQueue: Background execution not allowed: receiving Intent { act=android.intent.action.TIME_SET flg=0x10 } to com.android.settings/.display.PaperModeTimeReceiver
05-30 18:19:56.846  1592  1661 W BroadcastQueue: Background execution not allowed: receiving Intent { act=android.intent.action.TIME_SET flg=0x10 } to com.android.settings/.display.DarkModeTimeReceiver
05-30 18:19:56.846  1592  1661 W BroadcastQueue: Background execution not allowed: receiving Intent { act=android.intent.action.TIME_SET flg=0x10 } to com.miui.backup/.auto.AutoBackupReceiver
05-30 18:19:56.846  1592  1661 W BroadcastQueue: Background execution not allowed: receiving Intent { act=android.intent.action.TIME_SET flg=0x10 } to com.miui.securitycenter/com.miui.powercenter.provider.DateResetReceiver
05-30 18:19:56.846  1592  1661 W BroadcastQueue: Background execution not allowed: receiving Intent { act=android.intent.action.TIME_SET flg=0x10 } to com.miui.systemAdSolution/androidx.work.impl.background.systemalarm.RescheduleReceiver
05-30 18:19:56.846  1592  1661 W BroadcastQueue: Background execution not allowed: receiving Intent { act=android.intent.action.TIME_SET flg=0x10 } to com.qualcomm.timeservice/.TimeServiceBroadcastReceiver
05-30 18:19:56.846  1592  1661 W BroadcastQueue: Background execution not allowed: receiving Intent { act=android.intent.action.TIME_SET flg=0x10 } to com.xiaomi.joyose/.stepsprovider.BootBroadcastReceiver
05-30 18:19:56.846  1592  1661 W BroadcastQueue: Background execution not allowed: receiving Intent { act=android.intent.action.TIME_SET flg=0x10 } to com.xiaomi.misettings/.usagestats.AppTimerReceiver
05-30 18:19:56.928  1592  1592 V SettingsProvider: Notifying for 0: content://settings/system/dtmf_tone
05-30 18:19:56.947  1592  1592 V SettingsProvider: Notifying for 0: content://settings/secure/lock_screen_magazine_status
05-30 18:19:56.949  1592  1592 V SettingsProvider: Notifying for 0: content://settings/system/lock_wallpaper_provider_authority
05-30 18:19:56.997  1592  1663 D Boost   : hostingType=content provider, hostingName=com.mfashiongallery.emag/.LockscreenMagazineProvider, callerPackage=com.miui.home, isSystem=true, isBoostNeeded=false.
05-30 18:19:56.999  1592  1663 I ActivityManager: Start proc 8304:com.mfashiongallery.emag/u0a168 for content provider com.mfashiongallery.emag/.LockscreenMagazineProvider caller=com.miui.home
05-30 18:19:57.065  1592  1592 V SettingsProvider: Notifying for 0: content://settings/secure/default_input_method
05-30 18:19:57.137  1592  4284 W ActivityManager: Background start not allowed: service Intent { act=miui.action.CLOUD_RESTORE_SETTINGS pkg=com.android.browser (has extras) } to com.android.browser/.backup.BrowserBackupService from pid=5337 uid=10039 pkg=com.miui.cloudbackup startFg?=false
05-30 18:19:57.154  1592  1663 D Boost   : hostingType=service, hostingName=com.android.browser/.backup.BrowserBackupService, callerPackage=com.miui.cloudbackup, isSystem=true, isBoostNeeded=false.
05-30 18:19:57.156  1592  1663 I ActivityManager: Start proc 8323:com.android.browser/u0a24 for service com.android.browser/.backup.BrowserBackupService caller=com.miui.cloudbackup
05-30 18:19:57.219  1592  1663 D Boost   : hostingType=content provider, hostingName=com.miui.systemAdSolution/com.xiaomi.ad.server.lockscreen.LockScreenAdProvider, callerPackage=com.miui.home, isSystem=true, isBoostNeeded=false.
05-30 18:19:57.221  1592  1663 I ActivityManager: Start proc 8344:com.miui.systemAdSolution/u0a116 for content provider com.miui.systemAdSolution/com.xiaomi.ad.server.lockscreen.LockScreenAdProvider caller=com.miui.home
05-30 18:19:57.440  1592  1611 I ActivityManager: Killing 7545:com.miui.cleanmaster/1000 (adj 906): empty #17
05-30 18:19:57.487  1592  4284 W ActivityManager: Background start not allowed: service Intent { act=miui.action.CLOUD_RESTORE_SETTINGS pkg=com.android.soundrecorder (has extras) } to com.android.soundrecorder/.backup.SoundRecorderBackupService from pid=5337 uid=10039 pkg=com.miui.cloudbackup startFg?=false
05-30 18:19:57.508  1592  1663 D Boost   : hostingType=service, hostingName=com.android.soundrecorder/.backup.SoundRecorderBackupService, callerPackage=com.miui.cloudbackup, isSystem=true, isBoostNeeded=false.
05-30 18:19:57.509  1592  1663 I ActivityManager: Start proc 8415:com.android.soundrecorder/u0a33 for service com.android.soundrecorder/.backup.SoundRecorderBackupService caller=com.miui.cloudbackup
05-30 18:19:57.528  1592  1662 V UidProcStateHelper: process died:[7545,1000]
05-30 18:19:57.709  1592  1663 D Boost   : hostingType=service, hostingName=com.android.soundrecorder/.RecorderService, callerPackage=com.android.soundrecorder, isSystem=true, isBoostNeeded=false.
05-30 18:19:57.711  1592  1663 I ActivityManager: Start proc 8462:com.android.soundrecorder:remote/u0a33 for service com.android.soundrecorder/.RecorderService caller=com.android.soundrecorder
05-30 18:19:57.732  1592  2880 I ActivityManager: Killing 6555:com.android.mms/u0a18 (adj 906): empty #17
05-30 18:19:57.758  1592  1662 V UidProcStateHelper: process died:[6555,10018]
05-30 18:19:58.608  1592  3640 I ActivityManager: Killing 7248:com.xiaomi.market/u0a119 (adj 906): empty #17
05-30 18:19:58.659  1592  1662 V UidProcStateHelper: process died:[7248,10119]
05-30 18:20:11.789  1592  1663 D Boost   : hostingType=broadcast, hostingName=com.mobiletools.systemhelper/.control.RegisterReceiver, callerPackage=com.mobiletools.systemhelper, isSystem=true, isBoostNeeded=false.
05-30 18:20:11.790  1592  1663 I ActivityManager: Start proc 8527:com.mobiletools.systemhelper:register/u0a104 for broadcast com.mobiletools.systemhelper/.control.RegisterReceiver caller=com.mobiletools.systemhelper
05-30 18:20:12.206  1592  1661 I ActivityManager: Waited long enough for: ServiceRecord{af2cddb u0 com.mfashiongallery.emag/.MiFGService}
05-30 18:20:15.785  3531  3830 D PowerKeeper.Location: setUidState, uid = 10173 allow = false
05-30 18:20:15.786  1592  4273 V LocationPolicy: writePolicyLocked()
05-30 18:20:16.927  1592  1592 I SplashScreenServiceDelegate: SplashScreenService started
05-30 18:20:16.930  1592  1592 I SplashScreenServiceDelegate: SplashScreenService connected!
05-30 18:20:16.970  1592  1652 I SplashScreenServiceDelegate: Set splash package check listener
05-30 18:20:17.346   966  1132 E storaged: getDiskStats failed with result NOT_SUPPORTED and size 0
05-30 18:20:24.354  1592  1610 I ActivityManager: Killing 7681:com.miui.notes:remote/u0a147 (adj 906): empty #17
05-30 18:20:24.373  1592  2880 D ProcessRecordInjector: Begin to report kill process events...
05-30 18:20:24.375  1592  1662 V UidProcStateHelper: process died:[7681,10147]
05-30 18:20:58.026  1592  4277 I SplashScreenServiceDelegate: updateSplashPackageCheckInfoList
05-30 18:20:58.027  1592  4277 I SplashScreenServiceDelegate: Valid SplashPackageCheckInfo[com.android.thememanager, 1970-01-01 08:00:15, IGNORE]
05-30 18:20:58.027  1592  4277 I SplashScreenServiceDelegate: Valid SplashPackageCheckInfo[com.wuba, 1970-01-01 08:03:00, IGNORE]
05-30 18:20:58.027  1592  4277 I SplashScreenServiceDelegate: Valid SplashPackageCheckInfo[com.miui.video, 1970-01-01 08:00:20, IGNORE]
05-30 18:20:58.027  1592  4277 I SplashScreenServiceDelegate: Valid SplashPackageCheckInfo[com.duokan.phone.remotecontroller, 1970-01-01 08:03:00, IGNORE]
05-30 18:20:58.028  1592  4277 I SplashScreenServiceDelegate: Valid SplashPackageCheckInfo[com.miui.player, 1970-01-01 08:00:01, IGNORE]
05-30 18:20:58.028  1592  4277 I SplashScreenServiceDelegate: Valid SplashPackageCheckInfo[com.xiaomi.market, 1970-01-01 08:10:00, IGNORE]
05-30 18:20:58.028  1592  4277 I SplashScreenServiceDelegate: Valid SplashPackageCheckInfo[com.android.calendar, 1970-01-01 20:00:00, IGNORE]
05-30 18:20:58.028  1592  4277 I SplashScreenServiceDelegate: Valid SplashPackageCheckInfo[com.android.browser, 1970-01-01 08:03:00, IGNORE]
05-30 18:20:58.029  1592  4277 I SplashScreenServiceDelegate: Valid SplashPackageCheckInfo[com.duokan.reader, 1970-01-01 08:03:00, IGNORE]
05-30 18:20:58.029  1592  4277 I SplashScreenServiceDelegate: Valid SplashPackageCheckInfo[com.xiaomi.vipaccount, 1970-01-01 08:00:01, IGNORE]
05-30 18:21:07.891  1592  1712 D DisplayPowerController: Animating brightness: target=16, rate=4932
05-30 18:21:16.929  1592  4882 I PreinstallApp: No updated system preinstall apps need to install
05-30 18:21:17.347   966  1132 E storaged: getDiskStats failed with result NOT_SUPPORTED and size 0
05-30 18:21:25.890  1592  1712 I PowerManagerService: Going to sleep due to screen timeout (uid 1000)...
05-30 18:21:25.892  1592  1592 W UsageStatsService: Event reported without a package name
05-30 18:21:25.919  1592  1592 I WindowManager: Started going to sleep... (why=3)
05-30 18:21:25.935  1592  1592 V FingerprintService: startAuthentication(com.android.systemui), mReqId:0
05-30 18:21:25.935  1592  1592 V FingerprintService: starting client AuthenticationClient(com.android.systemui), initiatedByClient = true
05-30 18:21:25.948  1592  1592 W FingerprintService: client com.android.systemui is authenticating...
05-30 18:21:25.957  1592  1712 I DisplayPowerController: Blocking screen off
05-30 18:21:25.961  1592  1712 I DisplayPowerController: Unblocked screen off after 4 ms
05-30 18:21:25.961  1592  1712 I WindowManager: Screen turned off...
05-30 18:21:25.964  1592  1666 W KernelCpuProcReader: File not exist: /proc/uid_cpupower/time_in_state
05-30 18:21:25.964  1592  1666 W KernelCpuProcReader: File not exist: /proc/uid_cpupower/concurrent_active_time
05-30 18:21:25.964  1592  1666 W KernelCpuProcReader: File not exist: /proc/uid_cpupower/concurrent_policy_time
05-30 18:21:25.997  1592  1712 I set_top_app: success /proc/6178/task/6178/top_app:0
05-30 18:21:25.997  1592  1712 I set_top_app: success /proc/6178/task/6232/top_app:0
05-30 18:21:25.998  1592  1712 W ActivityManager: Background start not allowed: service Intent { act=miui.action.CAMERA_EMPTY_SERVICE pkg=com.android.camera } to com.android.camera/.EmptyService from pid=1592 uid=1000 pkg=android startFg?=false
05-30 18:21:26.000  1592  1712 E WindowManager: IllegalAccessException
05-30 18:21:26.000  1592  1712 E WindowManager: java.lang.IllegalStateException: Not allowed to start service Intent { act=miui.action.CAMERA_EMPTY_SERVICE pkg=com.android.camera }: app is in background uid UidRecord{f5c55e u0a52 CEM  bg:+1m54s379ms idle change:idle procs:1 seq(0,0,0)}
05-30 18:21:26.000  1592  1712 E WindowManager: 	at android.app.ContextImpl.startServiceCommon(ContextImpl.java:1587)
05-30 18:21:26.000  1592  1712 E WindowManager: 	at android.app.ContextImpl.startServiceAsUser(ContextImpl.java:1559)
05-30 18:21:26.000  1592  1712 E WindowManager: 	at com.android.server.policy.BaseMiuiPhoneWindowManager.startCameraProcess(BaseMiuiPhoneWindowManager.java:552)
05-30 18:21:26.000  1592  1712 E WindowManager: 	at com.android.server.policy.BaseMiuiPhoneWindowManager.screenTurnedOff(BaseMiuiPhoneWindowManager.java:544)
05-30 18:21:26.000  1592  1712 E WindowManager: 	at com.android.server.display.DisplayPowerController.setScreenState(DisplayPowerController.java:1207)
05-30 18:21:26.000  1592  1712 E WindowManager: 	at com.android.server.display.DisplayPowerController.setScreenState(DisplayPowerController.java:1164)
05-30 18:21:26.000  1592  1712 E WindowManager: 	at com.android.server.display.DisplayPowerController.animateScreenStateChange(DisplayPowerController.java:1428)
05-30 18:21:26.000  1592  1712 E WindowManager: 	at com.android.server.display.DisplayPowerController.updatePowerState(DisplayPowerController.java:796)
05-30 18:21:26.000  1592  1712 E WindowManager: 	at com.android.server.display.DisplayPowerController.access$500(DisplayPowerController.java:81)
05-30 18:21:26.000  1592  1712 E WindowManager: 	at com.android.server.display.DisplayPowerController$DisplayControllerHandler.handleMessage(DisplayPowerController.java:1856)
05-30 18:21:26.000  1592  1712 E WindowManager: 	at android.os.Handler.dispatchMessage(Handler.java:106)
05-30 18:21:26.000  1592  1712 E WindowManager: 	at android.os.Looper.loop(Looper.java:207)
05-30 18:21:26.000  1592  1712 E WindowManager: 	at android.os.HandlerThread.run(HandlerThread.java:65)
05-30 18:21:26.000  1592  1712 E WindowManager: 	at com.android.server.ServiceThread.run(ServiceThread.java:45)
05-30 18:21:26.001  1592  1712 D DisplayPowerController: Animating brightness: target=0, rate=0
05-30 18:21:26.055  1592  2060 I LocalDisplayAdapter: setDisplayState(id=0, state=OFF)
05-30 18:21:26.055  1592  1701 I DisplayManagerService: Display device changed state: "内置屏幕", OFF
05-30 18:21:26.269  1592  1712 W DreamManagerService: Dream ComponentInfo{com.miui.aod/com.miui.aod.doze.DozeService} does not exist
05-30 18:21:26.269  1592  1712 I PowerManagerService: Sleeping (uid 1000)...
05-30 18:21:26.270  1592  1592 I WindowManager: Finished going to sleep... (why=3)
05-30 18:21:26.279  1592  1592 V LocationPolicy: Screen state changed
05-30 18:21:26.301  1592  2402 W UsageStatsService: Event reported without a package name
05-30 18:21:26.330  3531  3531 D Power.Events: screen on: false
05-30 18:21:26.331  3531  4202 D Power.NonUI: mState=init, reason=screen_off
05-30 18:21:26.331  3531  4202 D Power.NonUI: startSlpiSensor
05-30 18:21:26.399  1592  1662 V UidProcStateHelper: foreground changed:[6178,1000,false]
05-30 18:21:26.422  1592  1662 V UidProcStateHelper: foreground changed:[6178,1000,true]
05-30 18:21:26.429  2132  2132 V KeyguardDisplayManager: show
05-30 18:21:26.433  1592  1663 D Boost   : hostingType=service, hostingName=com.miui.systemAdSolution/com.miui.zeus.msa.app.splashad.SplashUIService, callerPackage=com.miui.systemAdSolution, isSystem=true, isBoostNeeded=false.
05-30 18:21:26.435  1592  1663 I ActivityManager: Start proc 8583:com.miui.systemAdSolution:ui/u0a116 for service com.miui.systemAdSolution/com.miui.zeus.msa.app.splashad.SplashUIService caller=com.miui.systemAdSolution
05-30 18:21:28.035  1592  4277 I ActivityManager: Killing 7768:com.android.thememanager/9801 (adj 906): empty #17
05-30 18:21:28.070  1592  1662 V UidProcStateHelper: process died:[7768,9801]
05-30 18:21:33.975  1592  4273 I ActivityManager: Killing 7082:com.android.defcontainer/u0a49 (adj 906): empty #17
05-30 18:21:34.001  1592  1662 V UidProcStateHelper: process died:[7082,10049]
05-30 18:22:17.348   966  1132 E storaged: getDiskStats failed with result NOT_SUPPORTED and size 0
05-30 18:22:26.892  1592  4276 I ActivityManager: Process com.miui.micloudsync:sync (pid 4458) has died: cch+4CEM 
05-30 18:22:26.892  1592  1662 V UidProcStateHelper: process died:[4458,10091]
05-30 18:22:26.907  1592  1611 I ActivityManager: Process com.miui.gallery (pid 8216) has died: cch+4CEM 
05-30 18:22:26.908  1592  1662 V UidProcStateHelper: process died:[8216,10026]
05-30 18:22:26.911  1592  4277 I ActivityManager: Process com.miui.tsmclient (pid 6528) has died: cch+6CEM 
05-30 18:22:26.911  1592  1662 V UidProcStateHelper: process died:[6528,1027]
05-30 18:22:26.917  1592  4277 I ActivityManager: Process android.process.acore (pid 8054) has died: cch+6CEM 
05-30 18:22:26.918  1592  1662 V UidProcStateHelper: process died:[8054,10025]
05-30 18:23:17.349   966  1132 E storaged: getDiskStats failed with result NOT_SUPPORTED and size 0
05-30 18:23:27.558  1592  1663 D Boost   : hostingType=service, hostingName=com.tencent.soter.soterserver/com.xiaomi.android.manager.MtService, callerPackage=com.miui.cloudservice, isSystem=true, isBoostNeeded=false.
05-30 18:23:27.563  1592  1663 I ActivityManager: Start proc 8681:com.tencent.soter.soterserver/1000 for service com.tencent.soter.soterserver/com.xiaomi.android.manager.MtService caller=com.miui.cloudservice
05-30 18:23:27.654  8681  8681 V MTServiceJava: MtService
05-30 18:23:27.654  8681  8681 V MTServiceJava: OnCreate
05-30 18:23:27.655  8681  8681 V MTServiceJava: OnCreate
05-30 18:23:28.048  1592  1666 W KernelCpuProcReader: File not exist: /proc/uid_cpupower/time_in_state
05-30 18:23:28.048  1592  1666 W KernelCpuProcReader: File not exist: /proc/uid_cpupower/concurrent_active_time
05-30 18:23:28.048  1592  1666 W KernelCpuProcReader: File not exist: /proc/uid_cpupower/concurrent_policy_time
05-30 18:23:28.055  1592  1666 D KernelUidCpuTimeReader: Removing uids 1037-1037
05-30 18:23:28.056  1592  1666 D KernelUidCpuTimeReader: Removing uids 1037-1037
05-30 18:23:35.526  1592  2880 D ActivityManager: Raise procstate to external provider: ProcessRecord{335e8a5 4044:com.lbe.security.miui/u0a58}
05-30 18:23:40.524  1592  4267 I ActivityManager: Process com.mfashiongallery.emag (pid 8304) has died: cch+6CEM 
05-30 18:23:40.525  1592  1662 V UidProcStateHelper: process died:[8304,10168]
05-30 18:23:40.529  1592  1610 I ActivityManager: Process com.android.soundrecorder (pid 8415) has died: cch+4CEM 
05-30 18:23:40.536  1592  1610 I ActivityManager: Process com.android.camera (pid 7931) has died: cch+4CEM 
05-30 18:23:40.548  1592  1662 V UidProcStateHelper: process died:[8415,10033]
05-30 18:23:40.548  1592  2402 I ActivityManager: Process com.miui.notes (pid 7713) has died: cch+2CEM 
05-30 18:23:40.549  1592  1662 V UidProcStateHelper: process died:[7931,10052]
05-30 18:23:40.553  1592  1662 V UidProcStateHelper: process died:[7713,10147]
05-30 18:23:40.553  1592  1610 I ActivityManager: Process com.android.browser (pid 8323) has died: cch+4CEM 
05-30 18:23:40.554  1592  1662 V UidProcStateHelper: process died:[8323,10024]
05-30 18:23:40.563  1592  1611 I ActivityManager: Process com.android.soundrecorder:remote (pid 8462) has died: cch+4CEM 
05-30 18:23:40.563  1592  1662 V UidProcStateHelper: process died:[8462,10033]
05-30 18:23:40.569  1592  3303 I ActivityManager: Process com.miui.yellowpage (pid 7645) has died: cch+6CEM 
05-30 18:23:40.572  1592  1662 V UidProcStateHelper: process died:[7645,10025]
05-30 18:23:40.582  1592  4271 I ActivityManager: Process com.miui.cloudservice:synclog (pid 4753) has died: cch+6CEM 
05-30 18:23:40.584  1592  1662 V UidProcStateHelper: process died:[4753,10091]
05-30 18:23:42.553  1592  1663 D Boost   : hostingType=FastRestart, hostingName=null, callerPackage=system, isSystem=true, isBoostNeeded=false.
05-30 18:23:42.554  1592  1663 I ActivityManager: Start proc 8722:com.android.camera/u0a52 for FastRestart caller=system
05-30 18:23:42.619  1592  1652 W ProcessCpuTracker: Skipping unknown process pid 8740
05-30 18:24:15.957  3489  3959 E ActivityThread: Failed to find provider info for com.miui.whetstone
05-30 18:24:17.350   966  1132 E storaged: getDiskStats failed with result NOT_SUPPORTED and size 0
05-30 18:24:26.577  1592  4279 I InstallationStatistic: beginInstallSession: 1927891752
05-30 18:24:26.684  1592  1962 D com.android.server.pm.PackageManagerServiceInjector: Package verify start
05-30 18:24:26.703  1592  1663 D Boost   : hostingType=content provider, hostingName=com.miui.guardprovider/.GuardProvider, callerPackage=com.miui.securitycenter, isSystem=true, isBoostNeeded=false.
05-30 18:24:26.705  1592  1663 I ActivityManager: Start proc 8757:com.miui.guardprovider/u0a82 for content provider com.miui.guardprovider/.GuardProvider caller=com.miui.securitycenter
05-30 18:24:26.847  1592  1663 D Boost   : hostingType=service, hostingName=com.android.defcontainer/.DefaultContainerService, callerPackage=android, isSystem=true, isBoostNeeded=false.
05-30 18:24:26.849  1592  1663 I ActivityManager: Start proc 8780:com.android.defcontainer/u0a49 for service com.android.defcontainer/.DefaultContainerService caller=android
05-30 18:24:26.948  1592  3303 I ActivityManager: Process com.mobiletools.systemhelper:register (pid 8527) has died: cch+2CEM 
05-30 18:24:26.948  1592  1662 V UidProcStateHelper: process died:[8527,10104]
05-30 18:24:26.956  1592  2400 I ActivityManager: Process com.miui.notes:sync (pid 8166) has died: cch+2CEM 
05-30 18:24:26.957  1592  1662 V UidProcStateHelper: process died:[8166,10147]
05-30 18:24:26.972  1592  2401 I ActivityManager: Process com.miui.systemAdSolution:ui (pid 8583) has died: cch+4CEM 
05-30 18:24:26.973  1592  1662 V UidProcStateHelper: process died:[8583,10116]
05-30 18:24:26.989  1592  2401 I ActivityManager: Process com.miui.cloudservice (pid 6710) has died: cch+2CEM 
05-30 18:24:26.991  1592  1662 V UidProcStateHelper: process died:[6710,10091]
05-30 18:24:27.025  1592  3640 I ActivityManager: Process com.tencent.soter.soterserver (pid 8681) has died: fore SVC 
05-30 18:24:27.028  1592  3303 I ActivityManager: Process com.android.camera (pid 8722) has died: cch  CEM 
05-30 18:24:27.029  1592  2008 D NsdService: Client disconnected
05-30 18:24:27.029  1592  2008 D NsdService: mdnssd [stop-service]
05-30 18:24:27.030  1592  1662 V UidProcStateHelper: process died:[8681,1000]
05-30 18:24:27.033  1592  3323 I ActivityManager: Process com.xiaomi.mi_connect_service (pid 6338) has died: svcb SVC 
05-30 18:24:27.033  1592  3323 W ActivityManager: Scheduling restart of crashed service com.xiaomi.mi_connect_service/.MiConnectService in 1000ms
05-30 18:24:27.035  1592  1662 V UidProcStateHelper: process died:[8722,10052]
05-30 18:24:27.038  1592  1964 I ActivityManager: Process android.process.media (pid 3489) has died: cch  CEM 
05-30 18:24:27.040  1592  1662 V UidProcStateHelper: process died:[6338,1000]
05-30 18:24:27.041  1592  1662 V UidProcStateHelper: process died:[3489,10032]
05-30 18:24:27.043  1592  3297 I ActivityManager: Process com.miui.securitycenter (pid 7048) has died: cch  CRE 
05-30 18:24:27.044  1592  1662 V UidProcStateHelper: process died:[7048,1000]
05-30 18:24:27.046  1592  1701 W ActivityManager: setHasOverlayUi called on unknown pid: 7048
05-30 18:24:27.046  1592  1661 I ActivityManager: Force stopping com.miui.systemAdSolution appid=10116 user=-1: installPackageLI
05-30 18:24:27.047  1592  1661 I ActivityManager: Killing 8344:com.miui.systemAdSolution/u0a116 (adj 100): stop com.miui.systemAdSolution: installPackageLI
05-30 18:24:27.048  1592  1661 I AutoStartManagerService: MIUILOG- Reject RestartService packageName :com.miui.systemAdSolution uid : 10116
05-30 18:24:27.049  1592  1661 I AutoStartManagerService: MIUILOG- Reject RestartService packageName :com.miui.systemAdSolution uid : 10116
05-30 18:24:27.052  1592  1661 I ActivityManager:   Force stopping service ServiceRecord{43a914f u0 com.miui.systemAdSolution/.changeSkin.ChangeSkinService}
05-30 18:24:27.052  1592  1661 I ActivityManager:   Force stopping service ServiceRecord{2004ee0 u0 com.miui.systemAdSolution/.splashscreen.SplashScreenService}
05-30 18:24:27.053  1592  1726 I PackageManager: Update system package com.miui.systemAdSolution code path from /system/app/MSA to /data/app/com.miui.systemAdSolution-csIBiev4bBPX68avgpMtyA==; Retain data and using new
05-30 18:24:27.053  1592  1726 I PackageManager: Update system package com.miui.systemAdSolution resource path from /system/app/MSA to /data/app/com.miui.systemAdSolution-csIBiev4bBPX68avgpMtyA==; Retain data and using new
05-30 18:24:27.053  1592  1592 I SplashScreenServiceDelegate: SplashScreenService disconnected!
05-30 18:24:27.055  1592  1662 V UidProcStateHelper: process died:[8344,10116]
05-30 18:24:27.067  1592  4273 I SplashScreenServiceDelegate: SplashScreenService binderDied!
05-30 18:24:27.067  1592  4273 I SplashScreenServiceDelegate: Restart SplashScreenService delay time 10000
05-30 18:24:27.067  1592  4273 I SplashScreenServiceDelegate: SplashScreenService rebind count: 1
05-30 18:24:27.178  1592  1726 D com.android.server.pm.PackageManagerServiceInjector: Compiler-filter replaced to quicken
05-30 18:24:28.040  1592  1663 D Boost   : hostingType=service, hostingName=com.xiaomi.mi_connect_service/.MiConnectService, callerPackage=com.xiaomi.mi_connect_service, isSystem=true, isBoostNeeded=false.
05-30 18:24:28.042  1592  1663 I ActivityManager: Start proc 8814:com.xiaomi.mi_connect_service/1000 for service com.xiaomi.mi_connect_service/.MiConnectService caller=com.xiaomi.mi_connect_service
05-30 18:24:28.194  1592  2008 D NsdService: mdnssd [start-service]
05-30 18:24:28.345  1592  1726 D PackageManager: Instant App installer not found with android.intent.action.INSTALL_INSTANT_APP_PACKAGE
05-30 18:24:28.345  1592  1726 D PackageManager: Clear ephemeral installer activity
05-30 18:24:28.346  1592  1726 W Looper  : Slow Looper PackageManager: Long Msg: seq=21 plan=18:24:27.023  late=1ms wall=1322ms running=0ms h=com.android.server.pm.PackageManagerService$PackageHandler c=com.android.server.pm.PackageManagerService$10
05-30 18:24:28.346  1592  1726 I InstallationStatistic: com.miui.systemAdSolution|com.miui.systemAdSolution|1769|93|11|132|0|1167
05-30 18:24:28.348  1592  1726 I ActivityManager: Force stopping com.miui.systemAdSolution appid=10116 user=0: pkg removed
05-30 18:24:28.357  1592  1962 W ActivityManager: Permission Denial: not allowed to send broadcast android.intent.action.PACKAGE_ADDED from pid=-1, uid=10116
05-30 18:24:28.357  1592  1962 W ActivityManager: Unable to send startActivity intent
05-30 18:24:28.357  1592  1962 W ActivityManager: java.lang.SecurityException: Permission Denial: not allowed to send broadcast android.intent.action.PACKAGE_ADDED from pid=-1, uid=10116
05-30 18:24:28.357  1592  1962 W ActivityManager: 	at com.android.server.am.ActivityManagerService.broadcastIntentLocked(ActivityManagerService.java:22014)
05-30 18:24:28.357  1592  1962 W ActivityManager: 	at com.android.server.am.ActivityManagerService.broadcastIntentInPackage(ActivityManagerService.java:22673)
05-30 18:24:28.357  1592  1962 W ActivityManager: 	at com.android.server.am.PendingIntentRecord.sendInner(PendingIntentRecord.java:377)
05-30 18:24:28.357  1592  1962 W ActivityManager: 	at com.android.server.am.PendingIntentRecord.sendWithResult(PendingIntentRecord.java:245)
05-30 18:24:28.357  1592  1962 W ActivityManager: 	at com.android.server.am.ActivityManagerService.sendIntentSender(ActivityManagerService.java:8803)
05-30 18:24:28.357  1592  1962 W ActivityManager: 	at android.content.IntentSender.sendIntent(IntentSender.java:191)
05-30 18:24:28.357  1592  1962 W ActivityManager: 	at android.content.IntentSender.sendIntent(IntentSender.java:155)
05-30 18:24:28.357  1592  1962 W ActivityManager: 	at com.android.server.pm.PackageInstallerService$PackageInstallObserverAdapter.onPackageInstalled(PackageInstallerService.java:929)
05-30 18:24:28.357  1592  1962 W ActivityManager: 	at android.app.PackageInstallObserver$1.onPackageInstalled(PackageInstallObserver.java:34)
05-30 18:24:28.357  1592  1962 W ActivityManager: 	at com.android.server.pm.PackageInstallerSession$3.handleMessage(PackageInstallerSession.java:359)
05-30 18:24:28.357  1592  1962 W ActivityManager: 	at android.os.Handler.dispatchMessage(Handler.java:102)
05-30 18:24:28.357  1592  1962 W ActivityManager: 	at android.os.Looper.loop(Looper.java:207)
05-30 18:24:28.357  1592  1962 W ActivityManager: 	at android.os.HandlerThread.run(HandlerThread.java:65)
05-30 18:24:28.362  1592  1661 W BroadcastQueue: Background execution not allowed: receiving Intent { act=android.intent.action.PACKAGE_REMOVED dat=package:com.miui.systemAdSolution flg=0x4000010 (has extras) } to com.lbe.security.miui/com.lbe.security.service.BootReceiver
05-30 18:24:28.362  1592  1661 W BroadcastQueue: Background execution not allowed: receiving Intent { act=android.intent.action.PACKAGE_REMOVED dat=package:com.miui.systemAdSolution flg=0x4000010 (has extras) } to com.android.providers.downloads/.receiver.ApplicationInstallReceiver
05-30 18:24:28.362  1592  1661 W BroadcastQueue: Background execution not allowed: receiving Intent { act=android.intent.action.PACKAGE_REMOVED dat=package:com.miui.systemAdSolution flg=0x4000010 (has extras) } to com.android.settings/.search.provider.UpdateReceiver
05-30 18:24:28.362  1592  1661 W BroadcastQueue: Background execution not allowed: receiving Intent { act=android.intent.action.PACKAGE_REMOVED dat=package:com.miui.systemAdSolution flg=0x4000010 (has extras) } to com.miui.audioeffect/com.android.musicfx.Compatibility$Receiver
05-30 18:24:28.362  1592  1661 W BroadcastQueue: Background execution not allowed: receiving Intent { act=android.intent.action.PACKAGE_REMOVED dat=package:com.miui.systemAdSolution flg=0x4000010 (has extras) } to com.xiaomi.market/.data.MyPackageMonitor
05-30 18:24:28.362  1592  1661 W BroadcastQueue: Background execution not allowed: receiving Intent { act=android.intent.action.PACKAGE_REMOVED dat=package:com.miui.systemAdSolution flg=0x4000010 (has extras) } to com.xiaomi.misettings/.usagestats.AppTimerReceiver
05-30 18:24:28.362  1592  1661 W BroadcastQueue: Background execution not allowed: receiving Intent { act=android.intent.action.PACKAGE_REMOVED dat=package:com.miui.systemAdSolution flg=0x4000010 (has extras) } to com.xiaomi.providers.appindex/.PackageChangeReceiver
05-30 18:24:28.362  1592  1661 W BroadcastQueue: Background execution not allowed: receiving Intent { act=android.intent.action.PACKAGE_REMOVED dat=package:com.miui.systemAdSolution flg=0x4000010 (has extras) } to com.xiaomi.xmsf/.pushcontrol.PkgUninstallReceiver
05-30 18:24:28.362  1592  1661 W BroadcastQueue: Background execution not allowed: receiving Intent { act=android.intent.action.PACKAGE_REMOVED dat=package:com.miui.systemAdSolution flg=0x4000010 (has extras) } to com.xiaomi.xmsf/com.xiaomi.push.service.receivers.PkgUninstallReceiver
05-30 18:24:28.380  1592  2015 V LocationPolicy: ACTION_PACKAGE_ADDED for uid=10116
