05-30 18:17:23.613  1592  1662 W WindowManager: Setting mKeyguardDrawComplete
05-30 18:17:23.613  1592  1662 I WindowManager: All windows ready for display!
05-30 18:17:23.613  1592  1662 W WindowManager: Setting mWindowManagerDrawComplete
05-30 18:17:23.613  1592  1662 I WindowManager: finishScreenTurningOn: mAwake=true, mScreenOnEarly=true, mScreenOnFully=false, mKeyguardDrawComplete=true, mWindowManagerDrawComplete=true
05-30 18:17:23.613  1592  1662 I WindowManager: Finished screen turning on...
05-30 18:17:23.614  1592  1701 I WindowManager: ******** booted=true msg=false haveBoot=false haveApp=false haveWall=true wallEnabled=true haveKeyguard=true
05-30 18:17:23.618  1592  1701 I WindowManager: ******** booted=true msg=false haveBoot=false haveApp=false haveWall=true wallEnabled=true haveKeyguard=true
05-30 18:17:23.622  1592  1592 V SettingsProvider: Notifying for 0: content://settings/system/next_alarm_formatted
05-30 18:17:23.623  1592  1592 V SettingsProvider: Notifying for 0: content://settings/system/next_alarm_formatted
05-30 18:17:23.623  1592  1592 V SettingsProvider: Notifying for 0: content://settings/system/next_alarm_clock_formatted
05-30 18:17:23.631  1592  1701 I WindowManager: ******** booted=true msg=false haveBoot=false haveApp=false haveWall=true wallEnabled=true haveKeyguard=true
05-30 18:17:23.638  1592  2027 W ContextImpl: Calling a method in the system process without a qualified user: android.app.ContextImpl.sendBroadcast:1015 miui.security.SecurityManagerCompat.sendCancelBootAlarm:149 miui.security.SecurityManagerCompat.writeQcomBootTime:116 miui.security.SecurityManagerCompat.writeBootTime:75 com.miui.server.SecurityManagerService$SecurityWriteHandler.handleMessage:311 
05-30 18:17:23.638  1592  2027 W ContextImpl: Calling a method in the system process without a qualified user: android.app.ContextImpl.sendBroadcast:1015 miui.security.SecurityManagerCompat.sendSetBootAlarm:158 miui.security.SecurityManagerCompat.writeQcomBootTime:117 miui.security.SecurityManagerCompat.writeBootTime:75 com.miui.server.SecurityManagerService$SecurityWriteHandler.handleMessage:311 
05-30 18:17:23.657  1592  1663 D Boost   : hostingType=broadcast, hostingName=com.qualcomm.qti.poweroffalarm/.PowerOffAlarmBroadcastReceiver, callerPackage=android, isSystem=true, isBoostNeeded=false.
05-30 18:17:23.659  1592  1592 I Telecom : PhoneAccountRegistrar: SimCallManager queried, returning: null: TSI.gSCMFU@AC0
05-30 18:17:23.659  1592  1663 I ActivityManager: Start proc 2962:com.qualcomm.qti.poweroffalarm/1000 for broadcast com.qualcomm.qti.poweroffalarm/.PowerOffAlarmBroadcastReceiver caller=android
05-30 18:17:23.676  1592  1663 D Boost   : hostingType=content provider, hostingName=com.android.providers.blockednumber/.BlockedNumberProvider, callerPackage=android, isSystem=true, isBoostNeeded=false.
05-30 18:17:23.680  1592  1663 I ActivityManager: Start proc 2979:android.process.acore/u0a25 for content provider com.android.providers.blockednumber/.BlockedNumberProvider caller=android
05-30 18:17:23.722  1592  1662 V UidProcStateHelper: foreground changed:[2346,10047,false]
05-30 18:17:23.738  2804  2873 E ActivityThread: Failed to find provider info for com.xiaomi.providers.appindex
05-30 18:17:23.781  2804  2873 I chatty  : uid=1000(system) com.android.settings identical 6 lines
05-30 18:17:23.782  2804  2873 E ActivityThread: Failed to find provider info for com.xiaomi.providers.appindex
05-30 18:17:23.831  1592  1701 I WindowManager: ******** booted=true msg=false haveBoot=false haveApp=false haveWall=true wallEnabled=true haveKeyguard=true
05-30 18:17:23.832  1592  1701 I WindowManager: ******* TELLING SURFACE FLINGER WE ARE BOOTED!
05-30 18:17:23.835  1592  1701 I WindowManager: ******************** ENABLING SCREEN!
05-30 18:17:23.838  1592  1701 I SystemServiceManager: Starting phase 1000
05-30 18:17:23.841  1592  1701 D ColorDisplayService: setUp: currentUser=0
05-30 18:17:23.846  1592  1697 I UsbDeviceManager: Setting USB config to mtp
05-30 18:17:23.852  1592  1592 W Looper  : Slow dispatch took 192ms main h=android.app.ActivityThread$H c=android.app.-$$Lambda$LoadedApk$ReceiverDispatcher$Args$_BumDX2UKsnxLVrE6UJsJZkotuA@9035af5 m=0
05-30 18:17:23.852  1592  1592 W Looper  : Slow delivery took 223ms main h=android.os.Handler c=com.android.server.statusbar.StatusBarManagerService$4@aa2908a m=0
05-30 18:17:23.852  1592  1701 D ColorDisplayService: onAutoModeChanged: autoMode=0
05-30 18:17:23.852  1592  1701 I ColorDisplayService: Turning off night display
05-30 18:17:23.855  1592  1701 I SystemServiceManager: Starting phase 1000 done
05-30 18:17:23.856  1592  1701 D ActivityManager: Finishing user boot 0
05-30 18:17:23.856  1592  1701 I ActivityManager: User 0 state changed from BOOTING to RUNNING_LOCKED
05-30 18:17:23.857  1592  1701 W ActivityManager: Failed to unlock: Secret required to unlock secure user 0
05-30 18:17:23.869  1592  1662 V UidProcStateHelper: foreground changed:[2346,10047,true]
05-30 18:17:23.876  1592  1592 I Telecom : PhoneAccountRegistrar: SimCallManager queried, returning: null: TSI.gSCMFU@AC4
05-30 18:17:23.881  1592  1592 W Looper  : Drained
05-30 18:17:23.899  2804  2873 E ActivityThread: Failed to find provider info for com.xiaomi.providers.appindex
05-30 18:17:23.906  2804  2873 E ActivityThread: Failed to find provider info for com.xiaomi.providers.appindex
05-30 18:17:23.908  1592  1662 V UidProcStateHelper: foreground changed:[2346,10047,false]
05-30 18:17:23.909  2804  2873 E ActivityThread: Failed to find provider info for com.xiaomi.providers.appindex
05-30 18:17:23.922  2804  2873 I chatty  : uid=1000(system) com.android.settings identical 3 lines
05-30 18:17:23.927  2804  2873 E ActivityThread: Failed to find provider info for com.xiaomi.providers.appindex
05-30 18:17:23.928  1592  1662 V UidProcStateHelper: foreground changed:[2346,10047,true]
05-30 18:17:23.932  2804  2873 E ActivityThread: Failed to find provider info for com.xiaomi.providers.appindex
05-30 18:17:23.989  1592  1592 V SettingsProvider: Notifying for 0: content://settings/system/next_alarm_formatted
05-30 18:17:24.042  1592  1592 I chatty  : uid=1000 system_server identical 4 lines
05-30 18:17:24.048  1592  1592 V SettingsProvider: Notifying for 0: content://settings/system/next_alarm_formatted
05-30 18:17:24.049  1592  2027 W ContextImpl: Calling a method in the system process without a qualified user: android.app.ContextImpl.sendBroadcast:1015 miui.security.SecurityManagerCompat.sendCancelBootAlarm:149 miui.security.SecurityManagerCompat.writeQcomBootTime:116 miui.security.SecurityManagerCompat.writeBootTime:75 com.miui.server.SecurityManagerService$SecurityWriteHandler.handleMessage:311 
05-30 18:17:24.052  1592  2027 W ContextImpl: Calling a method in the system process without a qualified user: android.app.ContextImpl.sendBroadcast:1015 miui.security.SecurityManagerCompat.sendSetBootAlarm:158 miui.security.SecurityManagerCompat.writeQcomBootTime:117 miui.security.SecurityManagerCompat.writeBootTime:75 com.miui.server.SecurityManagerService$SecurityWriteHandler.handleMessage:311 
05-30 18:17:24.070  1592  1592 V SettingsProvider: Notifying for 0: content://settings/system/next_alarm_formatted
05-30 18:17:24.076  1592  1697 D UsbDeviceManager: push notification:正在通过 USB 充电
05-30 18:17:24.084  1592  1592 V SettingsProvider: Notifying for 0: content://settings/system/next_alarm_formatted
05-30 18:17:24.092  1592  2027 W ContextImpl: Calling a method in the system process without a qualified user: android.app.ContextImpl.sendBroadcast:1015 miui.security.SecurityManagerCompat.sendCancelBootAlarm:149 miui.security.SecurityManagerCompat.writeQcomBootTime:116 miui.security.SecurityManagerCompat.writeBootTime:75 com.miui.server.SecurityManagerService$SecurityWriteHandler.handleMessage:311 
05-30 18:17:24.093  1592  2027 W ContextImpl: Calling a method in the system process without a qualified user: android.app.ContextImpl.sendBroadcast:1015 miui.security.SecurityManagerCompat.sendSetBootAlarm:158 miui.security.SecurityManagerCompat.writeQcomBootTime:117 miui.security.SecurityManagerCompat.writeBootTime:75 com.miui.server.SecurityManagerService$SecurityWriteHandler.handleMessage:311 
05-30 18:17:24.117  2132  2581 E ActivityThread: Failed to find provider info for com.miui.powercenter.provider
05-30 18:17:24.135  1592  2004 E WifiP2pService: Unhandled message { when=0 what=131203 target=com.android.internal.util.StateMachine$SmHandler }
05-30 18:17:24.136  1592  2005 D ConnectivityService: Got NetworkFactory Messenger for WIFI
05-30 18:17:24.136  1592  2005 D ConnectivityService: Got NetworkFactory Messenger for WIFI_UT
05-30 18:17:24.140  1592  1663 D Boost   : hostingType=broadcast, hostingName=com.google.android.marvin.talkback/com.google.android.accessibility.talkback.BootReceiver, callerPackage=null, isSystem=true, isBoostNeeded=false.
05-30 18:17:24.143  1592  1663 I ActivityManager: Start proc 3050:com.google.android.marvin.talkback/u0a110 for broadcast com.google.android.marvin.talkback/com.google.android.accessibility.talkback.BootReceiver caller=null
05-30 18:17:24.393  1592  2880 W BroadcastQueue: Background execution not allowed: receiving Intent { act=android.net.wifi.CONFIGURED_NETWORKS_CHANGE flg=0x4000010 (has extras) } to com.android.settings/.MiuiSettingsReceiver
05-30 18:17:24.426  1683  1683 I imsrcsd : UceServiceImpl linking to death listener[0x7900870000], cookie[34057674970628096]
05-30 18:17:24.426  1683  1683 I imsrcsd : UceServiceImpl linking 01
05-30 18:17:24.426  1683  1683 I imsrcsd : UceServiceImpl linking 02
05-30 18:17:24.426  1683  1683 I imsrcsd : UceServiceImpl linking 03
05-30 18:17:24.623  1592  1592 V SettingsProvider: Notifying for 0: content://settings/system/next_alarm_formatted
05-30 18:17:24.642  1592  1592 I chatty  : uid=1000 system_server identical 2 lines
05-30 18:17:24.647  1592  1592 V SettingsProvider: Notifying for 0: content://settings/system/next_alarm_formatted
05-30 18:17:24.667  1592  2027 W ContextImpl: Calling a method in the system process without a qualified user: android.app.ContextImpl.sendBroadcast:1015 miui.security.SecurityManagerCompat.sendCancelBootAlarm:149 miui.security.SecurityManagerCompat.writeQcomBootTime:116 miui.security.SecurityManagerCompat.writeBootTime:75 com.miui.server.SecurityManagerService$SecurityWriteHandler.handleMessage:311 
05-30 18:17:24.668  1592  2027 W ContextImpl: Calling a method in the system process without a qualified user: android.app.ContextImpl.sendBroadcast:1015 miui.security.SecurityManagerCompat.sendSetBootAlarm:158 miui.security.SecurityManagerCompat.writeQcomBootTime:117 miui.security.SecurityManagerCompat.writeBootTime:75 com.miui.server.SecurityManagerService$SecurityWriteHandler.handleMessage:311 
05-30 18:17:24.798   972   972 W wificond: Scan is not started. Ignore abort request
05-30 18:17:24.823  1592  1661 W BroadcastQueue: Background execution not allowed: receiving Intent { act=android.net.wifi.STATE_CHANGE flg=0x4000010 (has extras) } to com.android.settings/.MiuiSettingsReceiver
05-30 18:17:25.023  1592  1661 I chatty  : uid=1000(system) ActivityManager identical 2 lines
05-30 18:17:25.025  1592  1661 W BroadcastQueue: Background execution not allowed: receiving Intent { act=android.net.wifi.STATE_CHANGE flg=0x4000010 (has extras) } to com.android.settings/.MiuiSettingsReceiver
05-30 18:17:25.038  1592  2001 D ConnectivityService: registerNetworkAgent NetworkAgentInfo{ ni{[type: WIFI[], state: CONNECTING/CONNECTING, reason: (unspecified), extra: (none), failover: false, available: true, roaming: false]}  network{100}  nethandle{432902426637}  lp{{LinkAddresses: []  Routes: [] DnsAddresses: [] UsePrivateDns: false PrivateDnsServerName: null Domains: null MTU: 0}}  nc{[ Transports: WIFI Capabilities: NOT_METERED&INTERNET&NOT_RESTRICTED&TRUSTED&NOT_VPN&NOT_ROAMING&FOREGROUND&NOT_CONGESTED&NOT_SUSPENDED Unwanted:  LinkUpBandwidth>=1048576Kbps LinkDnBandwidth>=1048576Kbps SSID: "TP-LINK_68CE"]}  Score{60}  everValidated{false}  lastValidated{false}  created{false} lingering{false} explicitlySelected{false} acceptUnvalidated{false} everCaptivePortalDetected{false} lastCaptivePortalDetected{false} clat{null} }
05-30 18:17:25.038  1592  2005 D ConnectivityService: NetworkAgentInfo [WIFI () - 100] EVENT_NETWORK_INFO_CHANGED, going from null to CONNECTING
05-30 18:17:25.040  1592  1661 W BroadcastQueue: Background execution not allowed: receiving Intent { act=android.net.wifi.STATE_CHANGE flg=0x4000010 (has extras) } to com.android.settings/.MiuiSettingsReceiver
05-30 18:17:25.059  1592  2005 D ConnectivityService: NetworkAgentInfo [WIFI () - 100] EVENT_NETWORK_INFO_CHANGED, going from CONNECTING to CONNECTING
05-30 18:17:25.089  1592  2880 W ActivityManager: Receiver with filter android.content.IntentFilter@b28c67b already registered for pid 2107, callerPackage is com.android.bluetooth
05-30 18:17:25.255  1592  2880 W ActivityManager: Receiver with filter android.content.IntentFilter@dd1cddc already registered for pid 2132, callerPackage is com.android.systemui
05-30 18:17:25.283  1592  1661 W BroadcastQueue: Background execution not allowed: receiving Intent { act=android.net.wifi.STATE_CHANGE flg=0x4000010 (has extras) } to com.android.settings/.MiuiSettingsReceiver
05-30 18:17:25.292  1592  2005 D ConnectivityService: NetworkAgentInfo [WIFI () - 100] EVENT_NETWORK_INFO_CHANGED, going from CONNECTING to CONNECTED
05-30 18:17:25.293  1592  2005 W DnsManager: updatePrivateDns(100, PrivateDnsConfig{false:/[]})
05-30 18:17:25.293  1592  1661 W BroadcastQueue: Background execution not allowed: receiving Intent { act=android.net.wifi.STATE_CHANGE flg=0x4000010 (has extras) } to com.android.settings/.MiuiSettingsReceiver
05-30 18:17:25.295  1592  1661 W BroadcastQueue: Background execution not allowed: receiving Intent { act=android.net.wifi.STATE_CHANGE flg=0x4000010 (has extras) } to com.android.settings/.MiuiSettingsReceiver
05-30 18:17:25.298  1592  1661 W BroadcastQueue: Background execution not allowed: receiving Intent { act=android.net.wifi.CONFIGURED_NETWORKS_CHANGE flg=0x4000010 (has extras) } to com.android.settings/.MiuiSettingsReceiver
05-30 18:17:25.300  1592  2005 D ConnectivityService: Setting DNS servers for network 100 to [/192.168.0.1, /114.114.114.114]
05-30 18:17:25.300  1592  2005 D DnsManager: setDnsConfigurationForNetwork(100, [192.168.0.1, 114.114.114.114], [], [1800, 25, 8, 64], , [])
05-30 18:17:25.305  1592  2005 D ConnectivityService: Adding iface wlan0 to network 100
05-30 18:17:25.317  1592  1988 I WatchlistLoggingHandler: Milliseconds spent on tryAggregateRecords(): 7182
05-30 18:17:25.317  1592  1988 W Looper  : Slow Looper NetworkWatchlistService: Long Msg: seq=1 plan=18:17:18.135  late=0ms wall=7250ms running=0ms h=com.android.server.net.watchlist.WatchlistLoggingHandler w=2
05-30 18:17:25.320  1592  2005 D ConnectivityService: Setting DNS servers for network 100 to [/192.168.0.1, /114.114.114.114]
05-30 18:17:25.320  1592  2005 D DnsManager: setDnsConfigurationForNetwork(100, [192.168.0.1, 114.114.114.114], [], [1800, 25, 8, 64], , [])
05-30 18:17:25.321  1592  2005 I Nat464Xlat: Android Xlat is disabled
05-30 18:17:25.342  1592  2005 D ConnectivityService: Switching to new default network: NetworkAgentInfo{ ni{[type: WIFI[], state: CONNECTED/CONNECTED, reason: (unspecified), extra: (none), failover: false, available: true, roaming: false]}  network{100}  nethandle{432902426637}  lp{{InterfaceName: wlan0 LinkAddresses: [fe80::da63:75ff:fea7:4db/64,192.168.0.2/24,]  Routes: [fe80::/64 -> :: wlan0,192.168.0.0/24 -> 0.0.0.0 wlan0,0.0.0.0/0 -> 192.168.0.1 wlan0,] DnsAddresses: [192.168.0.1,] UsePrivateDns: false PrivateDnsServerName: null Domains: null MTU: 0 TcpBufferSizes: 524288,1048576,5505024,262144,524288,4194304}}  nc{[ Transports: WIFI Capabilities: NOT_METERED&INTERNET&NOT_RESTRICTED&TRUSTED&NOT_VPN&NOT_ROAMING&FOREGROUND&NOT_CONGESTED&NOT_SUSPENDED Unwanted:  LinkUpBandwidth>=1048576Kbps LinkDnBandwidth>=1048576Kbps SignalStrength: -56 SSID: "TP-LINK_68CE"]}  Score{60}  everValidated{false}  lastValidated{false}  created{true} lingering{false} explicitlySelected{false} acceptUnvalidated{false} everCaptivePortalDetected{false} lastCaptivePortalDetected{false} clat{null} }
05-30 18:17:25.344   646   677 E NetlinkEvent: NetlinkEvent::FindParam(): Parameter 'INTERFACE' not found
05-30 18:17:25.344   646   677 E NetlinkEvent: NetlinkEvent::FindParam(): Parameter 'STATE' not found
05-30 18:17:25.344   646   677 E NetlinkEvent: NetlinkEvent::FindParam(): Parameter 'TIME_NS' not found
05-30 18:17:25.344   646   677 E NetlinkEvent: NetlinkEvent::FindParam(): Parameter 'UID' not found
05-30 18:17:25.363  1592  2005 D ConnectivityService: Sending CONNECTED broadcast for type 1 NetworkAgentInfo [WIFI () - 100] isDefaultNetwork=true
05-30 18:17:25.366  1592  1592 I SyncManager: Loaded persisted syncs: 0 periodic syncs, 3 oneshot syncs, 31 total system server jobs, JobStats: FirstLoad: 51/21/3 LastSave: -1/-1/-1
05-30 18:17:25.367  1592  1592 E SyncManager: Device booted with no persisted periodic syncs: Loaded persisted syncs: 0 periodic syncs, 3 oneshot syncs, 31 total system server jobs, JobStats: FirstLoad: 51/21/3 LastSave: -1/-1/-1
05-30 18:17:25.379  1592  2391 W ActivityManager: Unable to start service Intent { cmp=com.xiaomi.xmsf/.push.service.HttpService } U=0: not found
05-30 18:17:25.379  1592  2880 W ActivityManager: Unable to start service Intent { cmp=com.xiaomi.xmsf/.push.service.HttpService } U=0: not found
05-30 18:17:25.383  2132  2570 E ActivityThread: Failed to find provider info for com.miui.networkassistant.provider
05-30 18:17:25.398  2132  2581 E ActivityThread: Failed to find provider info for com.miui.powercenter.provider
05-30 18:17:25.398  2132  2581 D ChargingUtils: isQuickCharging() error: java.lang.IllegalArgumentException: Unknown URI content://com.miui.powercenter.provider
05-30 18:17:25.398  2132  2581 D ChargingUtils: isQuickCharging() quickCharging=false
05-30 18:17:25.398  2132  2611 E ActivityThread: Failed to find provider info for com.miui.powercenter.provider
05-30 18:17:25.399  2132  2611 D ChargingUtils: isQuickCharging() error: java.lang.IllegalArgumentException: Unknown URI content://com.miui.powercenter.provider
05-30 18:17:25.399  2132  2611 D ChargingUtils: isQuickCharging() quickCharging=false
05-30 18:17:25.415  2132  2451 E ActivityThread: Failed to find provider info for com.miui.powercenter.provider
05-30 18:17:25.415  2132  2451 D ChargingUtils: isQuickCharging() error: java.lang.IllegalArgumentException: Unknown URI content://com.miui.powercenter.provider
05-30 18:17:25.415  2132  2451 D ChargingUtils: isQuickCharging() quickCharging=false
05-30 18:17:25.476  1592  2005 D ConnectivityService: NetworkAgentInfo [WIFI () - 100] validation passed
05-30 18:17:25.481  1592  1661 W BroadcastQueue: Background execution not allowed: receiving Intent { act=android.net.wifi.CONFIGURED_NETWORKS_CHANGE flg=0x4000010 (has extras) } to com.android.settings/.MiuiSettingsReceiver
05-30 18:17:25.531  1592  1662 V UidProcStateHelper: foreground changed:[2346,10047,false]
05-30 18:17:25.541  1592  1662 V UidProcStateHelper: foreground changed:[2346,10047,true]
05-30 18:17:25.675  1592  2391 W ActivityManager: Unable to start service Intent { cmp=com.xiaomi.xmsf/.push.service.HttpService } U=0: not found
05-30 18:17:25.967  2107  3145 E ActivityThread: Failed to find provider info for com.android.contacts
05-30 18:17:26.132  2335  2335 I TelecomFramework: PstnPhoneCapabilitiesNotifier: handleVideoCapabilitesChanged. Video capability - false
05-30 18:17:26.132  2335  2335 I chatty  : uid=1001(radio) com.android.phone identical 1 line
05-30 18:17:26.132  2335  2335 I TelecomFramework: PstnPhoneCapabilitiesNotifier: handleVideoCapabilitesChanged. Video capability - false
05-30 18:17:26.144  1592  2880 I Telecom : PhoneAccountRegistrar: Modify account: [ComponentInfo{com.android.phone/com.android.services.telephony.TelephonyConnectionService}, ***, UserHandle{0}]: TSI.rPA@AEE
05-30 18:17:26.149  2335  2335 I TelecomFramework: PstnPhoneCapabilitiesNotifier: handleVideoCapabilitesChanged. Video capability - false
05-30 18:17:26.159  1592  2391 I Telecom : PhoneAccountRegistrar: Modify account: [ComponentInfo{com.android.phone/com.android.services.telephony.TelephonyConnectionService}, ***, UserHandle{0}]: TSI.rPA@AEI
05-30 18:17:26.403  1592  2391 I WifiService: WifiService trying to set country code to cn
05-30 18:17:26.455  2335  2335 I TelecomFramework: PstnIncomingCallNotifier: Unregistering: slot 0, Handler (com.qualcomm.qti.internal.telephony.QtiGsmCdmaPhone) {5858057}
05-30 18:17:26.456  2335  2335 I TelecomFramework: PstnIncomingCallNotifier: Unregistering: slot 1, Handler (com.qualcomm.qti.internal.telephony.QtiGsmCdmaPhone) {13c5744}
05-30 18:17:26.456  2335  2335 I TelecomFramework: TelecomAccountRegistry: setupAccounts, Phone with subscription id: 1 slotId: 0 provisionStatus: 1
05-30 18:17:26.471  1592  2401 I Telecom : PhoneAccountRegistrar: Modify account: [ComponentInfo{com.android.phone/com.android.services.telephony.TelephonyConnectionService}, ***, UserHandle{0}(cap: 1078 -> 54)]: TSI.rPA@ADc
05-30 18:17:26.478  2335  2335 I TelecomFramework: AccountEntry: Registered phoneAccount: [[ ] PhoneAccount: ComponentInfo{com.android.phone/com.android.services.telephony.TelephonyConnectionService}, ***, UserHandle{0} Capabilities: SuppVideo CallProvider MultiUser PlaceEmerg SimSub  Audio Routes: BESW Schemes: tel voicemail  Extras: Bundle[{android.telecom.extra.SUPPORTS_VIDEO_CALLING_FALLBACK=true, android.telecom.extra.SORT_ORDER=0}] GroupId: ***] with handle: ComponentInfo{com.android.phone/com.android.services.telephony.TelephonyConnectionService}, ***, UserHandle{0}
05-30 18:17:26.478  2335  2335 I TelecomFramework: PstnIncomingCallNotifier: Registering: slot 0, Handler (com.qualcomm.qti.internal.telephony.QtiGsmCdmaPhone) {5858057}
05-30 18:17:26.478  2335  2335 I TelecomFramework: TelecomAccountRegistry: setupAccounts, Phone with subscription id: 2 slotId: 1 provisionStatus: 1
05-30 18:17:26.490  1592  2401 I Telecom : PhoneAccountRegistrar: Modify account: [ComponentInfo{com.android.phone/com.android.services.telephony.TelephonyConnectionService}, ***, UserHandle{0}(cap: 1078 -> 54)]: TSI.rPA@ADg
05-30 18:17:26.498  2335  2335 I TelecomFramework: AccountEntry: Registered phoneAccount: [[ ] PhoneAccount: ComponentInfo{com.android.phone/com.android.services.telephony.TelephonyConnectionService}, ***, UserHandle{0} Capabilities: SuppVideo CallProvider MultiUser PlaceEmerg SimSub  Audio Routes: BESW Schemes: tel voicemail  Extras: Bundle[{android.telecom.extra.SUPPORTS_VIDEO_CALLING_FALLBACK=true, android.telecom.extra.SORT_ORDER=1}] GroupId: ***] with handle: ComponentInfo{com.android.phone/com.android.services.telephony.TelephonyConnectionService}, ***, UserHandle{0}
05-30 18:17:26.498  2335  2335 I TelecomFramework: PstnIncomingCallNotifier: Registering: slot 1, Handler (com.qualcomm.qti.internal.telephony.QtiGsmCdmaPhone) {13c5744}
05-30 18:17:26.502  2335  2335 I TelecomFramework: PstnIncomingCallNotifier: Unregistering: slot 0, Handler (com.qualcomm.qti.internal.telephony.QtiGsmCdmaPhone) {5858057}
05-30 18:17:26.503  2335  2335 I TelecomFramework: PstnIncomingCallNotifier: Unregistering: slot 1, Handler (com.qualcomm.qti.internal.telephony.QtiGsmCdmaPhone) {13c5744}
05-30 18:17:26.503  2335  2335 I TelecomFramework: TelecomAccountRegistry: setupAccounts, Phone with subscription id: 1 slotId: 0 provisionStatus: 1
05-30 18:17:26.515  1592  2391 I Telecom : PhoneAccountRegistrar: Modify account: [ComponentInfo{com.android.phone/com.android.services.telephony.TelephonyConnectionService}, ***, UserHandle{0}]: TSI.rPA@ADw
05-30 18:17:26.520  2335  2335 I TelecomFramework: AccountEntry: Registered phoneAccount: [[ ] PhoneAccount: ComponentInfo{com.android.phone/com.android.services.telephony.TelephonyConnectionService}, ***, UserHandle{0} Capabilities: SuppVideo CallProvider MultiUser PlaceEmerg SimSub  Audio Routes: BESW Schemes: tel voicemail  Extras: Bundle[{android.telecom.extra.SUPPORTS_VIDEO_CALLING_FALLBACK=true, android.telecom.extra.SORT_ORDER=0}] GroupId: ***] with handle: ComponentInfo{com.android.phone/com.android.services.telephony.TelephonyConnectionService}, ***, UserHandle{0}
05-30 18:17:26.520  2335  2335 I TelecomFramework: PstnIncomingCallNotifier: Registering: slot 0, Handler (com.qualcomm.qti.internal.telephony.QtiGsmCdmaPhone) {5858057}
05-30 18:17:26.521  2335  2335 I TelecomFramework: TelecomAccountRegistry: setupAccounts, Phone with subscription id: 2 slotId: 1 provisionStatus: 1
05-30 18:17:26.532  1592  2401 I Telecom : PhoneAccountRegistrar: Modify account: [ComponentInfo{com.android.phone/com.android.services.telephony.TelephonyConnectionService}, ***, UserHandle{0}]: TSI.rPA@AD0
05-30 18:17:26.536  2335  2335 I TelecomFramework: AccountEntry: Registered phoneAccount: [[ ] PhoneAccount: ComponentInfo{com.android.phone/com.android.services.telephony.TelephonyConnectionService}, ***, UserHandle{0} Capabilities: SuppVideo CallProvider MultiUser PlaceEmerg SimSub  Audio Routes: BESW Schemes: tel voicemail  Extras: Bundle[{android.telecom.extra.SUPPORTS_VIDEO_CALLING_FALLBACK=true, android.telecom.extra.SORT_ORDER=1}] GroupId: ***] with handle: ComponentInfo{com.android.phone/com.android.services.telephony.TelephonyConnectionService}, ***, UserHandle{0}
05-30 18:17:26.537  2335  2335 I TelecomFramework: PstnIncomingCallNotifier: Registering: slot 1, Handler (com.qualcomm.qti.internal.telephony.QtiGsmCdmaPhone) {13c5744}
05-30 18:17:26.998  1592  1592 V SettingsProvider: Notifying for 0: content://settings/global/sysui_float_version
05-30 18:17:26.999  1592  1592 V SettingsProvider: Notifying for 0: content://settings/global/systemui_float_whitelist
05-30 18:17:27.006  1592  1592 V SettingsProvider: Notifying for 0: content://settings/global/sysui_keyguard_version
05-30 18:17:27.007  1592  2391 W ActivityManager: Unable to start service Intent { cmp=com.xiaomi.xmsf/.push.service.HttpService } U=0: not found
05-30 18:17:27.008  1592  1592 V SettingsProvider: Notifying for 0: content://settings/global/systemui_keyguard_whitelist
05-30 18:17:27.016  1592  1592 V SettingsProvider: Notifying for 0: content://settings/global/systemui_local_score
05-30 18:17:27.543  1592  1592 V SettingsProvider: Notifying for 0: content://settings/system/is_darkmode_switch_show
05-30 18:17:27.925  1592  3194 D ConnectivityService: requestNetwork for uid/pid:1000/2259 NetworkRequest [ REQUEST id=13, [ Transports: CELLULAR Capabilities: IMS&TRUSTED&NOT_VPN Unwanted:  Specifier: <1> Uid: 1000] ]
05-30 18:17:28.012  1592  1965 D ConnectivityService: registerNetworkAgent NetworkAgentInfo{ ni{[type: MOBILE[LTE], state: CONNECTED/CONNECTED, reason: connected, extra: ims, failover: false, available: true, roaming: false]}  network{101}  nethandle{437197393933}  lp{{InterfaceName: rmnet_data1 LinkAddresses: [2409:8008:a123:8a4a:ee84:1fa2:b7fc:9c03/64,]  Routes: [::/0 -> fe80::bc17:4f86:b604:9771 rmnet_data1,2409:8008:a123:8a4a::/64 -> :: rmnet_data1,] DnsAddresses: [] UsePrivateDns: false PrivateDnsServerName: null Domains: null MTU: 1500 TcpBufferSizes: 2097152,4194304,8388608,262144,524288,1048576}}  nc{[ Transports: CELLULAR Capabilities: IMS&NOT_METERED&TRUSTED&NOT_VPN&NOT_ROAMING&FOREGROUND&NOT_CONGESTED&NOT_SUSPENDED Unwanted:  LinkUpBandwidth>=51200Kbps LinkDnBandwidth>=102400Kbps Specifier: <1>]}  Score{10}  everValidated{false}  lastValidated{false}  created{false} lingering{false} explicitlySelected{false} acceptUnvalidated{false} everCaptivePortalDetected{false} lastCaptivePortalDetected{false} clat{null} }
05-30 18:17:28.012  1592  2005 D ConnectivityService: NetworkAgentInfo [MOBILE (LTE) - 101] EVENT_NETWORK_INFO_CHANGED, going from null to CONNECTED
05-30 18:17:28.013  1592  2005 D ConnectivityService: Adding iface rmnet_data1 to network 101
05-30 18:17:28.021  1592  2005 D ConnectivityService: Setting DNS servers for network 101 to []
05-30 18:17:28.022  1592  2005 D DnsManager: setDnsConfigurationForNetwork(101, [], [], [1800, 25, 8, 64], , [])
05-30 18:17:28.024  1592  2005 I Nat464Xlat: Android Xlat is disabled
05-30 18:17:28.050  1592  2005 D ConnectivityService: NetworkAgentInfo [MOBILE (LTE) - 101] validation passed
05-30 18:17:28.850  2335  2335 I TelecomFramework: PstnPhoneCapabilitiesNotifier: handleVideoCapabilitesChanged. Video capability - true
05-30 18:17:28.878  1592  1965 I Telecom : PhoneAccountRegistrar: Modify account: [ComponentInfo{com.android.phone/com.android.services.telephony.TelephonyConnectionService}, ***, UserHandle{0}(cap: 1086 -> 1078)]: TSI.rPA@AEY
05-30 18:17:28.949  2132  2570 E ActivityThread: Failed to find provider info for com.miui.networkassistant.provider
05-30 18:17:29.537  2107  3214 E ActivityThread: Failed to find provider info for com.android.contacts
05-30 18:17:29.646  1592  2032 W ActivityManager: Unable to start service Intent { cmp=com.miui.daemon/.performance.MiuiPerfService } U=0: not found
05-30 18:17:29.647  1592  2032 V PerfShielderService: Miui performance: can't bind to com.miui.daemon.performance.MiuiPerfService
05-30 18:17:30.157  2372  2372 E ActivityThread: Failed to find provider info for com.miui.securitycenter.provider
05-30 18:17:30.406  1592  1712 D DisplayPowerController: Animating brightness: target=16, rate=4932
05-30 18:17:30.468  2372  3216 E ActivityThread: Failed to find provider info for com.miui.securitycenter.provider
05-30 18:17:30.480  2372  3219 E ActivityThread: Failed to find provider info for com.miui.securitycenter.provider
05-30 18:17:30.498  2372  3219 E ActivityThread: Failed to find provider info for com.miui.securitycenter.provider
05-30 18:17:32.952  2132  2570 E ActivityThread: Failed to find provider info for com.miui.networkassistant.provider
05-30 18:17:33.403  1592  1712 I PowerManagerService: Going to sleep due to screen timeout (uid 1000)...
05-30 18:17:33.405  1592  1592 W UsageStatsService: Event reported without a package name
05-30 18:17:33.420  1592  1592 I set_top_app: success /proc/2132/task/2132/top_app:0
05-30 18:17:33.421  1592  1592 I set_top_app: success /proc/2132/task/2552/top_app:0
05-30 18:17:33.425  1592  1592 I WindowManager: Started going to sleep... (why=3)
05-30 18:17:33.542  2107  3226 E ActivityThread: Failed to find provider info for com.android.contacts
05-30 18:17:33.545  1592  1712 I DisplayPowerController: Blocking screen off
05-30 18:17:33.545  1592  1712 I DisplayPowerController: Unblocked screen off after 0 ms
05-30 18:17:33.545  1592  1712 I WindowManager: Screen turned off...
05-30 18:17:33.546  1592  1712 W ActivityManager: Unable to start service Intent { act=miui.action.CAMERA_EMPTY_SERVICE pkg=com.android.camera } U=0: not found
05-30 18:17:33.547  1592  1666 W KernelCpuProcReader: File not exist: /proc/uid_cpupower/time_in_state
05-30 18:17:33.547  1592  1666 W KernelCpuProcReader: File not exist: /proc/uid_cpupower/concurrent_active_time
05-30 18:17:33.547  1592  1666 W KernelCpuProcReader: File not exist: /proc/uid_cpupower/concurrent_policy_time
05-30 18:17:33.560  1592  1712 D DisplayPowerController: Animating brightness: target=0, rate=0
05-30 18:17:33.646  1592  2060 I LocalDisplayAdapter: setDisplayState(id=0, state=OFF)
05-30 18:17:33.646  1592  1701 I DisplayManagerService: Display device changed state: "内置屏幕", OFF
05-30 18:17:33.862  1592  1712 W DreamManagerService: Dream ComponentInfo{com.miui.aod/com.miui.aod.doze.DozeService} does not exist
05-30 18:17:33.862  1592  1712 I PowerManagerService: Sleeping (uid 1000)...
05-30 18:17:33.864  1592  1592 I WindowManager: Finished going to sleep... (why=3)
05-30 18:17:33.866  1592  1592 D StorageManagerService: Get the action of screen on
05-30 18:17:33.867   627   627 D vold    : The trim thread is not running
05-30 18:17:33.870  2132  2570 E ActivityThread: Failed to find provider info for com.miui.networkassistant.provider
05-30 18:17:33.875  1592  1592 V LocationPolicy: Screen state changed
05-30 18:17:33.894  1592  1662 V UidProcStateHelper: foreground changed:[2346,10047,true]
05-30 18:17:33.899  2132  2570 E ActivityThread: Failed to find provider info for com.miui.networkassistant.provider
05-30 18:17:33.909  1592  1662 V UidProcStateHelper: foreground changed:[2346,10047,true]
05-30 18:17:33.913  1592  1592 V LocationPolicy: Screen state changed
05-30 18:17:33.929  1592  1662 V UidProcStateHelper: foreground changed:[2346,10047,false]
05-30 18:17:33.944  1592  1662 V UidProcStateHelper: foreground changed:[2346,10047,true]
05-30 18:17:34.393  2132  2586 E ActivityThread: Failed to find provider info for com.miui.powercenter.provider
05-30 18:17:37.555  2107  3230 E ActivityThread: Failed to find provider info for com.android.contacts
05-30 18:17:37.847  1592  1661 I ActivityManager: Waited long enough for: ServiceRecord{98f2909 u0 com.xiaomi.bluetooth/com.android.bluetooth.ble.app.MiuiFastConnectService}
05-30 18:17:37.848  1592  1661 I ActivityManager: Waited long enough for: ServiceRecord{66b670e u0 com.xiaomi.bluetooth/com.android.bluetooth.ble.app.MiuiBleAppService}
05-30 18:17:37.907  2132  2570 E ActivityThread: Failed to find provider info for com.miui.networkassistant.provider
05-30 18:17:39.973  1592  3194 W ActivityManager: Unable to start service Intent { cmp=com.xiaomi.xmsf/.push.service.HttpService } U=0: not found
05-30 18:17:39.974  1592  3194 I chatty  : uid=1000(system) Binder:1592_B identical 1 line
05-30 18:17:40.298  1592  3194 W ActivityManager: Unable to start service Intent { cmp=com.xiaomi.xmsf/.push.service.HttpService } U=0: not found
05-30 18:17:41.563  2107  3232 E ActivityThread: Failed to find provider info for com.android.contacts
05-30 18:17:41.914  2132  2570 E ActivityThread: Failed to find provider info for com.miui.networkassistant.provider
05-30 18:17:41.959  2132  2611 E ActivityThread: Failed to find provider info for com.miui.powercenter.provider
05-30 18:17:41.959  2132  2611 D ChargingUtils: isQuickCharging() error: java.lang.IllegalArgumentException: Unknown URI content://com.miui.powercenter.provider
05-30 18:17:41.959  2132  2611 D ChargingUtils: isQuickCharging() quickCharging=false
05-30 18:17:41.960  2132  2581 E ActivityThread: Failed to find provider info for com.miui.powercenter.provider
05-30 18:17:41.960  2132  2581 D ChargingUtils: isQuickCharging() error: java.lang.IllegalArgumentException: Unknown URI content://com.miui.powercenter.provider
05-30 18:17:41.960  2132  2581 D ChargingUtils: isQuickCharging() quickCharging=false
05-30 18:17:41.974  2132  2451 E ActivityThread: Failed to find provider info for com.miui.powercenter.provider
05-30 18:17:41.974  2132  2451 D ChargingUtils: isQuickCharging() error: java.lang.IllegalArgumentException: Unknown URI content://com.miui.powercenter.provider
05-30 18:17:41.974  2132  2451 D ChargingUtils: isQuickCharging() quickCharging=false
05-30 18:17:42.036  1592  3194 W ActivityManager: Unable to start service Intent { cmp=com.xiaomi.xmsf/.push.service.HttpService } U=0: not found
05-30 18:17:45.573  2107  3234 E ActivityThread: Failed to find provider info for com.android.contacts
05-30 18:17:45.925  2132  2570 E ActivityThread: Failed to find provider info for com.miui.networkassistant.provider
05-30 18:17:49.580  2107  3237 E ActivityThread: Failed to find provider info for com.android.contacts
05-30 18:17:49.937  2132  2570 E ActivityThread: Failed to find provider info for com.miui.networkassistant.provider
05-30 18:17:53.591  2107  3239 E ActivityThread: Failed to find provider info for com.android.contacts
05-30 18:17:53.948  2132  2570 E ActivityThread: Failed to find provider info for com.miui.networkassistant.provider
05-30 18:17:55.366  1592  3194 W ActivityManager: Unable to start service Intent { cmp=com.xiaomi.xmsf/.push.service.HttpService } U=0: not found
05-30 18:17:57.084  1592  3194 W ActivityManager: Unable to start service Intent { cmp=com.xiaomi.xmsf/.push.service.HttpService } U=0: not found
05-30 18:17:57.603  2107  3241 E ActivityThread: Failed to find provider info for com.android.contacts
05-30 18:17:57.961  2132  2570 E ActivityThread: Failed to find provider info for com.miui.networkassistant.provider
05-30 18:18:01.611  2107  3243 E ActivityThread: Failed to find provider info for com.android.contacts
05-30 18:18:01.970  2132  2570 E ActivityThread: Failed to find provider info for com.miui.networkassistant.provider
05-30 18:18:03.151  1592  1985 W BaseMiuiPhoneWindowManager: keyCode:22 down:true eventTime:57527 downTime:57527 policyFlags:2000002 flags:48 deviceId:0 isScreenOn:false keyguardActive:true repeatCount:0
05-30 18:18:03.152  1592  1985 D BaseMiuiPhoneWindowManager: processFrontFingerprintDprightEvent
05-30 18:18:03.152  1592  1985 W BaseMiuiPhoneWindowManager: keyCode:22 down:false eventTime:57528 downTime:57527 policyFlags:2000002 flags:48 deviceId:0 isScreenOn:false keyguardActive:true repeatCount:0
05-30 18:18:03.152  1592  1985 D BaseMiuiPhoneWindowManager: processFrontFingerprintDprightEvent
05-30 18:18:03.272  1592  1592 D FingerprintService: feature:3 true true
05-30 18:18:03.272  1592  1592 D FingerprintService: info:com.android.systemui,1,20200530-18:18:03
05-30 18:18:03.272  1592  1592 E MQSEventManagerDelegate: failed to get MQSService.
05-30 18:18:03.272  1592  1592 V FingerprintService: onAuthenticated(owner=com.android.systemui, id=1922357303, gp=0)
05-30 18:18:03.273  2132  2132 I miui_keyguard_fingerprint: onAuthenticationSucceeded
05-30 18:18:03.274  1592  1592 V FingerprintService: Done with client: com.android.systemui
05-30 18:18:03.274  1592  2401 I PowerManagerService: Waking up from sleep (uid=1000 reason=android.policy:FINGERPRINT)...
05-30 18:18:03.274  1592  2401 I PowerManagerService: waking up from opPackageName = com.android.systemui opUid = 1000
05-30 18:18:03.274  1592  1592 W UsageStatsService: Event reported without a package name
05-30 18:18:03.275  1592  1712 I DisplayPowerController: Blocking screen on until initial contents have been drawn.
05-30 18:18:03.275  1592  1712 I WindowManager: Screen turning on...
05-30 18:18:03.281  1592  1666 W KernelCpuProcReader: File not exist: /proc/uid_cpupower/time_in_state
05-30 18:18:03.282  1592  1666 W KernelCpuProcReader: File not exist: /proc/uid_cpupower/concurrent_active_time
05-30 18:18:03.282  1592  1666 W KernelCpuProcReader: File not exist: /proc/uid_cpupower/concurrent_policy_time
05-30 18:18:03.284  1592  1592 I WindowManager: Started waking up...
05-30 18:18:03.284  1592  1592 V FingerprintService: startAuthentication(com.android.systemui), mReqId:0
05-30 18:18:03.284  1592  1592 V FingerprintService: starting client AuthenticationClient(com.android.systemui), initiatedByClient = true
05-30 18:18:03.285  2132  3159 W KeyguardViewMediator: notifyScreenOn
05-30 18:18:03.285  1592  1712 D DisplayPowerController: Animating brightness: target=729, rate=0
05-30 18:18:03.286  1592  2060 I LocalDisplayAdapter: setDisplayState(id=0, state=ON)
05-30 18:18:03.286  2132  2570 E ActivityThread: Failed to find provider info for com.miui.networkassistant.provider
05-30 18:18:03.287  1592  1701 I DisplayManagerService: Display device changed state: "内置屏幕", ON
05-30 18:18:03.296  2132  2132 W KeyguardViewMediator: handleNotifyScreenTurningOn
05-30 18:18:03.296  2132  2132 W KeyguardViewMediator: notifyDrawn
05-30 18:18:03.296  1592  1610 I WindowManager: mKeyguardDelegate.ShowListener.onDrawn.
05-30 18:18:03.297  1592  1662 W WindowManager: Setting mKeyguardDrawComplete
05-30 18:18:03.297  1592  1662 I WindowManager: All windows ready for display!
05-30 18:18:03.297  1592  1662 W WindowManager: Setting mWindowManagerDrawComplete
05-30 18:18:03.297  1592  1662 I WindowManager: finishScreenTurningOn: mAwake=true, mScreenOnEarly=true, mScreenOnFully=false, mKeyguardDrawComplete=true, mWindowManagerDrawComplete=true
05-30 18:18:03.297  1592  1662 I WindowManager: Finished screen turning on...
05-30 18:18:03.297  1592  1712 I DisplayPowerController: Unblocked screen on after 23 ms
05-30 18:18:03.303  1592  1592 W FingerprintService: client com.android.systemui is authenticating...
05-30 18:18:03.308  1592  1592 D StorageManagerService: Get the action of screen on
05-30 18:18:03.308   627   627 D vold    : The trim thread is not running
05-30 18:18:03.315  1592  2035 D DisplayFeatureManager: setScreenEffect mode=0 value=2
05-30 18:18:03.325  1592  1719 I ScreenOnMonitor: total=49ms setDisp=27ms blockScreen=23ms block2keyDrawn=22 hasOn:true
05-30 18:18:03.325  1592  1719 D ScreenOnMonitor: fingerDown2suc2wake=0,2; wake2block2un=0,23; wake2away2exit2drawn2un=50,0,-28,1; wake2disp2on2exit2un=12,27,11,-27; away2on:-11 all=51
05-30 18:18:03.333  1592  1592 I WindowManager: Finished waking up...
05-30 18:18:03.334  1592  1592 V LocationPolicy: Screen state changed
05-30 18:18:03.398  1592  1662 V UidProcStateHelper: foreground changed:[2346,10047,false]
05-30 18:18:03.400  1592  1662 V UidProcStateHelper: foreground changed:[2346,10047,true]
05-30 18:18:03.404  1592  1662 V UidProcStateHelper: foreground changed:[2346,10047,true]
05-30 18:18:04.058  2132  2611 E ActivityThread: Failed to find provider info for com.miui.powercenter.provider
05-30 18:18:04.986  1592  1610 W ActivityManager: Unable to start service Intent { cmp=com.xiaomi.xmsf/.push.service.HttpService } U=0: not found
05-30 18:18:05.038  1592  1610 W ActivityManager: Unable to start service Intent { cmp=com.xiaomi.xmsf/.push.service.HttpService } U=0: not found
05-30 18:18:05.620  2107  3250 E ActivityThread: Failed to find provider info for com.android.contacts
05-30 18:18:07.295  2132  2570 E ActivityThread: Failed to find provider info for com.miui.networkassistant.provider
05-30 18:18:08.276  1592  1610 E LockSettingsStorage: Cannot read file java.io.FileNotFoundException: /data/system_de/0/spblob/274bd57b0ba1f1d5.weaver: open failed: ENOENT (No such file or directory)
05-30 18:18:08.319  2132  2132 W miui_keyguard: unlock keyguard by pw
05-30 18:18:08.413  1592  1610 I LockSettingsService: Unlocking user 0 with secret only, length 64
05-30 18:18:08.415   627   627 D vold    : e4crypt_unlock_user_key 0 serial=0 token_present=0
05-30 18:18:08.418   627   627 D vold    : Skipping non-key ..
05-30 18:18:08.418   627   627 D vold    : Skipping non-key .
05-30 18:18:08.418   627   627 D vold    : Trying user CE key /data/misc/vold/user_keys/ce/0/current
05-30 18:18:08.421   627   627 D vold    : Successfully retrieved key
05-30 18:18:08.422   627   627 D vold    : Added key 980862274 (ext4:6db900b0e8af8e45) to keyring 560504382 in process 627
05-30 18:18:08.422   627   627 D vold    : Added key 416559972 (f2fs:6db900b0e8af8e45) to keyring 560504382 in process 627
05-30 18:18:08.422   627   627 D vold    : Added key 344194490 (fscrypt:6db900b0e8af8e45) to keyring 560504382 in process 627
05-30 18:18:08.422   627   627 D vold    : Installed ce key for user 0
05-30 18:18:08.423  1592  1610 D ActivityManager: Started unlocking user 0
05-30 18:18:08.423  1592  1610 D ActivityManager: Unlocking user 0 progress 0
05-30 18:18:08.423  1592  1610 D ActivityManager: Unlocking user 0 progress 5
05-30 18:18:08.424   627   627 D vold    : e4crypt_prepare_user_storage for volume null, user 0, serial 0, flags 2
05-30 18:18:08.424   627   627 D vold    : Preparing: /data/system_ce/0
05-30 18:18:08.424   627   627 D vold    : Preparing: /data/misc_ce/0
05-30 18:18:08.424   627   627 D vold    : Preparing: /data/vendor_ce/0
05-30 18:18:08.425   627   627 D vold    : Preparing: /data/media/0
05-30 18:18:08.425   627   627 D vold    : Preparing: /data/data
05-30 18:18:08.426   627   627 I vold    : Found policy 6db900b0e8af8e45 at /data/system_ce/0 which matches expected value
05-30 18:18:08.426   627   627 I vold    : Found policy 6db900b0e8af8e45 at /data/misc_ce/0 which matches expected value
05-30 18:18:08.427   627   627 I vold    : Policy for /data/vendor_ce/0 set to 6db900b0e8af8e45 modes 127/4
05-30 18:18:08.427   627   627 I vold    : Found policy 6db900b0e8af8e45 at /data/media/0 which matches expected value
05-30 18:18:08.428   627   627 I vold    : Found policy 6db900b0e8af8e45 at /data/data which matches expected value
05-30 18:18:08.428   627   627 V vold    : Starting restorecon of /data/system_ce/0
05-30 18:18:08.435   627   627 V vold    : Finished restorecon of /data/system_ce/0
05-30 18:18:08.435   627   627 V vold    : Starting restorecon of /data/misc_ce/0
05-30 18:18:08.441   627   627 V vold    : Finished restorecon of /data/misc_ce/0
05-30 18:18:08.441   627   627 V vold    : /system/bin/vold_prepare_subdirs
05-30 18:18:08.441   627   627 V vold    :     prepare
05-30 18:18:08.441   627   627 V vold    :     
05-30 18:18:08.441   627   627 V vold    :     0
05-30 18:18:08.441   627   627 V vold    :     2
05-30 18:18:08.486  1592  1697 V UserDataPreparer: Found /data/user/0 with serial number 0
05-30 18:18:08.486  1592  1697 V UserDataPreparer: Found /data/system_ce/0 with serial number 0
05-30 18:18:08.487  1592  1697 D UserDataPreparer: Setting property: sys.user.0.ce_available=true
05-30 18:18:08.488  1592  1697 V PackageManager: reconcileAppsData for null u0 0x2 migrateAppData=false
05-30 18:18:08.634  1592  1592 V FingerprintService: stop client com.android.systemui
05-30 18:18:08.644  1592  1965 I set_top_app: success /proc/2346/task/2346/top_app:1
05-30 18:18:08.644  1592  1965 I set_top_app: success /proc/2346/task/2891/top_app:2
05-30 18:18:08.650  1592  2401 I Timeline: Timeline: App_transition_ready time:63028
05-30 18:18:08.654  1592  1965 I Timeline: Timeline: App_transition_ready time:63032
05-30 18:18:08.655  2132  2132 I face_unlock: keyguard dismiss time=1590833888655
05-30 18:18:08.655  2132  2132 I face_unlock: face unlock time=1590833888655
05-30 18:18:08.671  1592  1992 V UiModeManager: switch night mode to 1
05-30 18:18:08.673  1592  1592 W FingerprintService: client com.android.systemui is no longer authenticating
05-30 18:18:08.674  1592  1592 V SettingsProvider: Notifying for 0: content://settings/system/is_fingerprint_unlock
05-30 18:18:08.674  1592  1592 V FingerprintService: Done with client: com.android.systemui
05-30 18:18:08.674  1592  1592 V FingerprintService: handleError(client=com.android.systemui, error = 5)
05-30 18:18:08.678  2132  2132 I miui_keyguard_fingerprint: onAuthenticationError: errMsgId = 5, errString = 指纹操作已取消。
05-30 18:18:08.704  1592  2402 I Timeline: Timeline: App_transition_ready time:63082
05-30 18:18:08.714  1592  1968 I Timeline: Timeline: App_transition_ready time:63092
05-30 18:18:08.757  1592  2402 I Timeline: Timeline: App_transition_ready time:63134
05-30 18:18:08.812  1592  1968 I Timeline: Timeline: App_transition_ready time:63190
05-30 18:18:08.812  1592  1968 I Timeline: Timeline: App_transition_stopped time:63190
05-30 18:18:08.819  1592  2402 W UsageStatsService: Event reported without a package name
05-30 18:18:08.820  1592  1701 I Timeline: Timeline: Activity_windows_visible id: ActivityRecord{a21bbba u0 com.miui.home/.launcher.Launcher t1} time:63198
05-30 18:18:08.822  2132  2570 E ActivityThread: Failed to find provider info for com.miui.networkassistant.provider
05-30 18:18:08.827  2132  2132 V KeyguardDisplayManager: hide
05-30 18:18:08.828  2132  2132 I face_unlock: keyguard exit time=1590833888828
05-30 18:18:08.846  1592  2401 I ActivityManager: user 0 is still locked. Cannot load recents
05-30 18:18:08.895  1592  1592 V SettingsProvider: Notifying for 0: content://settings/system/is_fingerprint_unlock
05-30 18:18:08.934  1592  1965 I set_top_app: success /proc/2132/task/2132/top_app:0
05-30 18:18:08.934  1592  1965 I set_top_app: success /proc/2132/task/2552/top_app:0
05-30 18:18:09.054  1592  1697 V PackageManager: reconcileAppsData finished 270 packages
05-30 18:18:09.054  1592  1697 I ActivityManager: User 0 state changed from RUNNING_LOCKED to RUNNING_UNLOCKING
05-30 18:18:09.054  1592  1697 D ActivityManager: Unlocking user 0 progress 20
05-30 18:18:09.054  1592  1697 W Looper  : Slow dispatch took 631ms android.fg h=android.os.Handler c=com.android.server.am.-$$Lambda$UserController$o6oQFjGYYIfx-I94cSakTLPLt6s@f602563 m=0
05-30 18:18:09.054  1592  1697 W Looper  : Slow delivery took 397ms android.fg h=com.android.server.AppStateTracker$MyHandler c=null m=11
05-30 18:18:09.054  1592  1697 W Looper  : Drained
05-30 18:18:09.054  1592  1661 I SystemServiceManager: Calling onUnlockUser u0
05-30 18:18:09.054  1592  1661 D BluetoothManagerService: User 0 unlocked
05-30 18:18:09.054  1592  1661 D StorageManagerService: onUnlockUser 0
05-30 18:18:09.055  1592  1698 D BluetoothManagerService: MESSAGE_USER_UNLOCKED
05-30 18:18:09.055   627   627 D vold    : Linking /storage/emulated/0 to /mnt/user/0/primary
05-30 18:18:09.057  1592  1661 W TextServicesManagerService: no available spell checker services found
05-30 18:18:09.057  1592  1989 D StorageManagerService: Volume emulated broadcasting mounted to UserHandle{0}
05-30 18:18:09.063  1592  3266 V BackupManagerService: Starting with transport android/com.android.internal.backup.LocalTransport
05-30 18:18:09.067  1592  1661 D AutofillManagerServiceImpl: Set component for user 0 as AutofillServiceInfo[ServiceInfo{40ed7b6 com.miui.contentcatcher.autofill.services.MiuiAutofillService}, settings:com.miui.contentcatcher.autofill.activitys.AutofillSettingActivity, hasCompatPckgs:false]
05-30 18:18:09.067  1592  1662 D AutofillUI: destroySaveUiUiThread(): already destroyed
05-30 18:18:09.067  1592  3266 E BackupPasswordManager: Unable to read backup pw version
05-30 18:18:09.067  1592  3266 E BackupPasswordManager: Unable to read saved backup pw hash
